Archive member included to satisfy reference by file (symbol)

/Users/ansel/Documents/DaisyExamples/libDaisy//build/libdaisy.a(daisy_seed.o)
                              build/big_knob.o (daisy::DaisySeed::StartAudio(void (*)(float const* const*, float**, unsigned int)))
/Users/ansel/Documents/DaisyExamples/libDaisy//build/libdaisy.a(codec_ak4556.o)
                              /Users/ansel/Documents/DaisyExamples/libDaisy//build/libdaisy.a(daisy_seed.o) (daisy::Ak4556::Init(dsy_gpio_pin))
/Users/ansel/Documents/DaisyExamples/libDaisy//build/libdaisy.a(codec_wm8731.o)
                              /Users/ansel/Documents/DaisyExamples/libDaisy//build/libdaisy.a(daisy_seed.o) (daisy::Wm8731::Init(daisy::Wm8731::Config const&, daisy::I2CHandle))
/Users/ansel/Documents/DaisyExamples/libDaisy//build/libdaisy.a(sdram.o)
                              /Users/ansel/Documents/DaisyExamples/libDaisy//build/libdaisy.a(daisy_seed.o) (SdramHandle::Init())
/Users/ansel/Documents/DaisyExamples/libDaisy//build/libdaisy.a(audio.o)
                              /Users/ansel/Documents/DaisyExamples/libDaisy//build/libdaisy.a(daisy_seed.o) (daisy::AudioHandle::Init(daisy::AudioHandle::Config const&, daisy::SaiHandle))
/Users/ansel/Documents/DaisyExamples/libDaisy//build/libdaisy.a(logger.o)
                              build/big_knob.o (daisy::Logger<(daisy::LoggerDestination)1>::Print(char const*, ...))
/Users/ansel/Documents/DaisyExamples/libDaisy//build/libdaisy.a(usb.o)
                              /Users/ansel/Documents/DaisyExamples/libDaisy//build/libdaisy.a(logger.o) (daisy::UsbHandle::Init(daisy::UsbHandle::UsbPeriph))
/Users/ansel/Documents/DaisyExamples/libDaisy//build/libdaisy.a(adc.o)
                              build/big_knob.o (daisy::AdcChannelConfig::InitMux(dsy_gpio_pin, unsigned int, dsy_gpio_pin, dsy_gpio_pin, dsy_gpio_pin))
/Users/ansel/Documents/DaisyExamples/libDaisy//build/libdaisy.a(gpio.o)
                              build/big_knob.o (daisy::GPIO::Init(daisy::Pin, daisy::GPIO::Mode, daisy::GPIO::Pull, daisy::GPIO::Speed))
/Users/ansel/Documents/DaisyExamples/libDaisy//build/libdaisy.a(i2c.o)
                              /Users/ansel/Documents/DaisyExamples/libDaisy//build/libdaisy.a(daisy_seed.o) (daisy::I2CHandle::Init(daisy::I2CHandle::Config const&))
/Users/ansel/Documents/DaisyExamples/libDaisy//build/libdaisy.a(qspi.o)
                              /Users/ansel/Documents/DaisyExamples/libDaisy//build/libdaisy.a(daisy_seed.o) (daisy::QSPIHandle::Init(daisy::QSPIHandle::Config const&))
/Users/ansel/Documents/DaisyExamples/libDaisy//build/libdaisy.a(sai.o)
                              /Users/ansel/Documents/DaisyExamples/libDaisy//build/libdaisy.a(daisy_seed.o) (daisy::SaiHandle::Init(daisy::SaiHandle::Config const&))
/Users/ansel/Documents/DaisyExamples/libDaisy//build/libdaisy.a(system.o)
                              /Users/ansel/Documents/DaisyExamples/libDaisy//build/libdaisy.a(daisy_seed.o) (daisy::System::DeInit())
/Users/ansel/Documents/DaisyExamples/libDaisy//build/libdaisy.a(system_stm32h7xx.o)
                              build/startup_stm32h750xx.o (SystemInit)
/Users/ansel/Documents/DaisyExamples/libDaisy//build/libdaisy.a(usbd_cdc_if.o)
                              /Users/ansel/Documents/DaisyExamples/libDaisy//build/libdaisy.a(usb.o) (CDC_Transmit_FS)
/Users/ansel/Documents/DaisyExamples/libDaisy//build/libdaisy.a(usbd_conf.o)
                              /Users/ansel/Documents/DaisyExamples/libDaisy//build/libdaisy.a(usb.o) (hpcd_USB_OTG_FS)
/Users/ansel/Documents/DaisyExamples/libDaisy//build/libdaisy.a(usbd_desc.o)
                              /Users/ansel/Documents/DaisyExamples/libDaisy//build/libdaisy.a(usb.o) (HS_Desc)
/Users/ansel/Documents/DaisyExamples/libDaisy//build/libdaisy.a(usbh_conf.o)
                              /Users/ansel/Documents/DaisyExamples/libDaisy//build/libdaisy.a(system.o) (hhcd_USB_OTG_HS)
/Users/ansel/Documents/DaisyExamples/libDaisy//build/libdaisy.a(hal_map.o)
                              /Users/ansel/Documents/DaisyExamples/libDaisy//build/libdaisy.a(gpio.o) (dsy_hal_map_get_port)
/Users/ansel/Documents/DaisyExamples/libDaisy//build/libdaisy.a(stm32h7xx_hal.o)
                              /Users/ansel/Documents/DaisyExamples/libDaisy//build/libdaisy.a(system.o) (HAL_Init)
/Users/ansel/Documents/DaisyExamples/libDaisy//build/libdaisy.a(stm32h7xx_hal_adc.o)
                              /Users/ansel/Documents/DaisyExamples/libDaisy//build/libdaisy.a(adc.o) (HAL_ADC_ConfigChannel)
/Users/ansel/Documents/DaisyExamples/libDaisy//build/libdaisy.a(stm32h7xx_hal_adc_ex.o)
                              /Users/ansel/Documents/DaisyExamples/libDaisy//build/libdaisy.a(adc.o) (HAL_ADCEx_Calibration_Start)
/Users/ansel/Documents/DaisyExamples/libDaisy//build/libdaisy.a(stm32h7xx_hal_cortex.o)
                              /Users/ansel/Documents/DaisyExamples/libDaisy//build/libdaisy.a(stm32h7xx_hal.o) (HAL_NVIC_SetPriorityGrouping)
[...]
Memory Configuration

Name             Origin             Length             Attributes
FLASH            0x0000000008000000 0x0000000000020000 xr
DTCMRAM          0x0000000020000000 0x0000000000020000 xrw
SRAM             0x0000000024000000 0x0000000000080000 xrw
RAM_D2           0x0000000030000000 0x0000000000048000 xrw
RAM_D3           0x0000000038000000 0x0000000000010000 xrw
ITCMRAM          0x0000000000000000 0x0000000000010000 xrw
SDRAM            0x00000000c0000000 0x0000000004000000 xrw
QSPIFLASH        0x0000000090000000 0x0000000000800000 xr
*default*        0x0000000000000000 0xffffffffffffffff

Linker script and memory map

LOAD /Applications/ArmGNUToolchain/12.2.rel1/arm-none-eabi/bin/../lib/gcc/arm-none-eabi/12.2.1/thumb/v7e-m+dp/hard/crti.o
LOAD /Applications/ArmGNUToolchain/12.2.rel1/arm-none-eabi/bin/../lib/gcc/arm-none-eabi/12.2.1/thumb/v7e-m+dp/hard/crtbegin.o
LOAD /Applications/ArmGNUToolchain/12.2.rel1/arm-none-eabi/bin/../lib/gcc/arm-none-eabi/12.2.1/../../../../arm-none-eabi/lib/thumb/v7e-m+dp/hard/crt0.o
LOAD build/startup_stm32h750xx.o
LOAD build/big_knob.o
LOAD /Users/ansel/Documents/DaisyExamples/libDaisy//build/libdaisy.a
LOAD /Applications/ArmGNUToolchain/12.2.rel1/arm-none-eabi/bin/../lib/gcc/arm-none-eabi/12.2.1/../../../../arm-none-eabi/lib/thumb/v7e-m+dp/hard/libnosys.a
LOAD /Users/ansel/Documents/DaisyExamples/DaisySP//build/libdaisysp.a
LOAD /Applications/ArmGNUToolchain/12.2.rel1/arm-none-eabi/bin/../lib/gcc/arm-none-eabi/12.2.1/../../../../arm-none-eabi/lib/thumb/v7e-m+dp/hard/libstdc++_nano.a
LOAD /Applications/ArmGNUToolchain/12.2.rel1/arm-none-eabi/bin/../lib/gcc/arm-none-eabi/12.2.1/../../../../arm-none-eabi/lib/thumb/v7e-m+dp/hard/libm.a
LOAD /Applications/ArmGNUToolchain/12.2.rel1/arm-none-eabi/bin/../lib/gcc/arm-none-eabi/12.2.1/../../../../arm-none-eabi/lib/thumb/v7e-m+dp/hard/libc_nano.a
START GROUP
LOAD /Applications/ArmGNUToolchain/12.2.rel1/arm-none-eabi/bin/../lib/gcc/arm-none-eabi/12.2.1/thumb/v7e-m+dp/hard/libgcc.a
LOAD /Applications/ArmGNUToolchain/12.2.rel1/arm-none-eabi/bin/../lib/gcc/arm-none-eabi/12.2.1/../../../../arm-none-eabi/lib/thumb/v7e-m+dp/hard/libc_nano.a
END GROUP
START GROUP
LOAD /Applications/ArmGNUToolchain/12.2.rel1/arm-none-eabi/bin/../lib/gcc/arm-none-eabi/12.2.1/thumb/v7e-m+dp/hard/libgcc.a
LOAD /Applications/ArmGNUToolchain/12.2.rel1/arm-none-eabi/bin/../lib/gcc/arm-none-eabi/12.2.1/../../../../arm-none-eabi/lib/thumb/v7e-m+dp/hard/libc_nano.a
LOAD /Applications/ArmGNUToolchain/12.2.rel1/arm-none-eabi/bin/../lib/gcc/arm-none-eabi/12.2.1/../../../../arm-none-eabi/lib/thumb/v7e-m+dp/hard/libnosys.a
END GROUP
START GROUP
LOAD /Applications/ArmGNUToolchain/12.2.rel1/arm-none-eabi/bin/../lib/gcc/arm-none-eabi/12.2.1/thumb/v7e-m+dp/hard/libgcc.a
LOAD /Applications/ArmGNUToolchain/12.2.rel1/arm-none-eabi/bin/../lib/gcc/arm-none-eabi/12.2.1/../../../../arm-none-eabi/lib/thumb/v7e-m+dp/hard/libc_nano.a
LOAD /Applications/ArmGNUToolchain/12.2.rel1/arm-none-eabi/bin/../lib/gcc/arm-none-eabi/12.2.1/../../../../arm-none-eabi/lib/thumb/v7e-m+dp/hard/libnosys.a
END GROUP
LOAD /Applications/ArmGNUToolchain/12.2.rel1/arm-none-eabi/bin/../lib/gcc/arm-none-eabi/12.2.1/thumb/v7e-m+dp/hard/crtend.o
LOAD /Applications/ArmGNUToolchain/12.2.rel1/arm-none-eabi/bin/../lib/gcc/arm-none-eabi/12.2.1/thumb/v7e-m+dp/hard/crtn.o
                0x0000000020020000                _estack = 0x20020000

.isr_vector     0x0000000008000000      0x298
                0x0000000008000000                . = ALIGN (0x4)
 *(.isr_vector)
 .isr_vector    0x0000000008000000      0x298 build/startup_stm32h750xx.o
                0x0000000008000000                g_pfnVectors
                0x0000000008000298                . = ALIGN (0x4)

.text           0x00000000080002a0    0x15ca0
                0x00000000080002a0                . = ALIGN (0x4)
                0x00000000080002a0                _stext = .
 *(.text)
 .text          0x00000000080002a0       0xa0 /Applications/ArmGNUToolchain/12.2.rel1/arm-none-eabi/bin/../lib/gcc/arm-none-eabi/12.2.1/../../../../arm-none-eabi/lib/thumb/v7e-m+dp/hard/libc_nano.a(libc_a-memchr.o)
                0x00000000080002a0                memchr
 .text          0x0000000008000340       0x10 /Applications/ArmGNUToolchain/12.2.rel1/arm-none-eabi/bin/../lib/gcc/arm-none-eabi/12.2.1/../../../../arm-none-eabi/lib/thumb/v7e-m+dp/hard/libc_nano.a(libc_a-strlen.o)
                0x0000000008000340                strlen
 .text          0x0000000008000350      0x378 /Applications/ArmGNUToolchain/12.2.rel1/arm-none-eabi/bin/../lib/gcc/arm-none-eabi/12.2.1/thumb/v7e-m+dp/hard/libgcc.a(_arm_addsubdf3.o)
                0x0000000008000350                __aeabi_drsub
                0x0000000008000358                __subdf3
                0x0000000008000358                __aeabi_dsub
                0x000000000800035c                __aeabi_dadd
                0x000000000800035c                __adddf3
                0x00000000080005d4                __aeabi_ui2d
                0x00000000080005d4                __floatunsidf
                0x00000000080005f4                __floatsidf
                0x00000000080005f4                __aeabi_i2d
                0x0000000008000618                __extendsfdf2
                0x0000000008000618                __aeabi_f2d
                0x000000000800065c                __aeabi_ul2d
                0x000000000800065c                __floatundidf
                0x000000000800066c                __aeabi_l2d
                0x000000000800066c                __floatdidf
 .text          0x00000000080006c8       0x30 /Applications/ArmGNUToolchain/12.2.rel1/arm-none-eabi/bin/../lib/gcc/arm-none-eabi/12.2.1/thumb/v7e-m+dp/hard/libgcc.a(_aeabi_uldivmod.o)
                0x00000000080006c8                __aeabi_uldivmod
 .text          0x00000000080006f8        0x4 /Applications/ArmGNUToolchain/12.2.rel1/arm-none-eabi/bin/../lib/gcc/arm-none-eabi/12.2.1/thumb/v7e-m+dp/hard/libgcc.a(_dvmd_tls.o)
                0x00000000080006f8                __aeabi_ldiv0
                0x00000000080006f8                __aeabi_idiv0
 *(.text*)
 .text.deregister_tm_clones
                0x00000000080006fc       0x1c /Applications/ArmGNUToolchain/12.2.rel1/arm-none-eabi/bin/../lib/gcc/arm-none-eabi/12.2.1/thumb/v7e-m+dp/hard/crtbegin.o
 .text.register_tm_clones
                0x0000000008000718       0x24 /Applications/ArmGNUToolchain/12.2.rel1/arm-none-eabi/bin/../lib/gcc/arm-none-eabi/12.2.1/thumb/v7e-m+dp/hard/crtbegin.o
 .text.__do_global_dtors_aux
                0x000000000800073c       0x28 /Applications/ArmGNUToolchain/12.2.rel1/arm-none-eabi/bin/../lib/gcc/arm-none-eabi/12.2.1/thumb/v7e-m+dp/hard/crtbegin.o
 .text.frame_dummy
                0x0000000008000764       0x24 /Applications/ArmGNUToolchain/12.2.rel1/arm-none-eabi/bin/../lib/gcc/arm-none-eabi/12.2.1/thumb/v7e-m+dp/hard/crtbegin.o
 .text.Default_Handler
                0x0000000008000788        0x4 build/startup_stm32h750xx.o
                0x0000000008000788                SAI1_IRQHandler
                0x0000000008000788                HASH_RNG_IRQHandler
                0x0000000008000788                EXTI2_IRQHandler
                0x0000000008000788                TIM8_CC_IRQHandler
                0x0000000008000788                HRTIM1_Master_IRQHandler
                0x0000000008000788                DebugMon_Handler
                0x0000000008000788                TIM1_CC_IRQHandler
                0x0000000008000788                BDMA_Channel6_IRQHandler
                0x0000000008000788                DMA2_Stream5_IRQHandler
                0x0000000008000788                HRTIM1_FLT_IRQHandler
                0x0000000008000788                JPEG_IRQHandler
                0x0000000008000788                BDMA_Channel1_IRQHandler
                0x0000000008000788                HRTIM1_TIMD_IRQHandler
                0x0000000008000788                TAMP_STAMP_IRQHandler
                0x0000000008000788                PendSV_Handler
                0x0000000008000788                NMI_Handler
                0x0000000008000788                EXTI3_IRQHandler
                0x0000000008000788                LPTIM4_IRQHandler
                0x0000000008000788                TIM8_TRG_COM_TIM14_IRQHandler
                0x0000000008000788                LPTIM2_IRQHandler
                0x0000000008000788                DFSDM1_FLT1_IRQHandler
                0x0000000008000788                DMAMUX2_OVR_IRQHandler
                0x0000000008000788                TIM8_UP_TIM13_IRQHandler
                0x0000000008000788                I2C3_ER_IRQHandler
                0x0000000008000788                DFSDM1_FLT2_IRQHandler
                0x0000000008000788                MDMA_IRQHandler
                0x0000000008000788                LPTIM3_IRQHandler
                0x0000000008000788                HSEM1_IRQHandler
                0x0000000008000788                EXTI0_IRQHandler
                0x0000000008000788                FPU_IRQHandler
                0x0000000008000788                OTG_HS_WKUP_IRQHandler
                0x0000000008000788                FDCAN1_IT1_IRQHandler
                0x0000000008000788                UsageFault_Handler
                0x0000000008000788                LTDC_ER_IRQHandler
                0x0000000008000788                HRTIM1_TIME_IRQHandler
                0x0000000008000788                TIM6_DAC_IRQHandler
                0x0000000008000788                DCMI_IRQHandler
                0x0000000008000788                HRTIM1_TIMC_IRQHandler
                0x0000000008000788                SAI2_IRQHandler
                0x0000000008000788                DFSDM1_FLT3_IRQHandler
                0x0000000008000788                TIM17_IRQHandler
                0x0000000008000788                CRYP_IRQHandler
                0x0000000008000788                BDMA_Channel7_IRQHandler
                0x0000000008000788                LPTIM5_IRQHandler
                0x0000000008000788                ADC3_IRQHandler
                0x0000000008000788                DMA2_Stream0_IRQHandler
                0x0000000008000788                BDMA_Channel2_IRQHandler
                0x0000000008000788                DMAMUX1_OVR_IRQHandler
                0x0000000008000788                TIM16_IRQHandler
                0x0000000008000788                BDMA_Channel5_IRQHandler
                0x0000000008000788                RCC_IRQHandler
                0x0000000008000788                TIM8_BRK_TIM12_IRQHandler
                0x0000000008000788                TIM1_TRG_COM_IRQHandler
                0x0000000008000788                Default_Handler
                0x0000000008000788                ECC_IRQHandler
                0x0000000008000788                CEC_IRQHandler
                0x0000000008000788                EXTI15_10_IRQHandler
                0x0000000008000788                BDMA_Channel0_IRQHandler
                0x0000000008000788                ADC_IRQHandler
                0x0000000008000788                DMA1_Stream7_IRQHandler
                0x0000000008000788                HRTIM1_TIMA_IRQHandler
                0x0000000008000788                TIM7_IRQHandler
                0x0000000008000788                SDMMC1_IRQHandler
                0x0000000008000788                DMA2_Stream7_IRQHandler
                0x0000000008000788                TIM15_IRQHandler
                0x0000000008000788                PVD_AVD_IRQHandler
                0x0000000008000788                EXTI9_5_IRQHandler
                0x0000000008000788                RTC_WKUP_IRQHandler
                0x0000000008000788                LTDC_IRQHandler
                0x0000000008000788                SAI3_IRQHandler
                0x0000000008000788                ETH_WKUP_IRQHandler
                0x0000000008000788                SPDIF_RX_IRQHandler
                0x0000000008000788                MemManage_Handler
                0x0000000008000788                SVC_Handler
                0x0000000008000788                CRS_IRQHandler
                0x0000000008000788                EXTI4_IRQHandler
                0x0000000008000788                HRTIM1_TIMB_IRQHandler
                0x0000000008000788                FDCAN2_IT1_IRQHandler
                0x0000000008000788                ETH_IRQHandler
                0x0000000008000788                TIM1_UP_IRQHandler
                0x0000000008000788                BDMA_Channel4_IRQHandler
                0x0000000008000788                WWDG_IRQHandler
                0x0000000008000788                SPI6_IRQHandler
                0x0000000008000788                I2C4_EV_IRQHandler
                0x0000000008000788                MDIOS_IRQHandler
                0x0000000008000788                FDCAN2_IT0_IRQHandler
                0x0000000008000788                FDCAN1_IT0_IRQHandler
                0x0000000008000788                OTG_FS_WKUP_IRQHandler
                0x0000000008000788                DMA2D_IRQHandler
                0x0000000008000788                TIM1_BRK_IRQHandler
                0x0000000008000788                EXTI1_IRQHandler
                0x0000000008000788                SDMMC2_IRQHandler
                0x0000000008000788                BDMA_Channel3_IRQHandler
                0x0000000008000788                MDIOS_WKUP_IRQHandler
                0x0000000008000788                DFSDM1_FLT0_IRQHandler
                0x0000000008000788                SAI4_IRQHandler
                0x0000000008000788                I2C2_ER_IRQHandler
                0x0000000008000788                DMA2_Stream1_IRQHandler
                0x0000000008000788                FLASH_IRQHandler
                0x0000000008000788                BusFault_Handler
                0x0000000008000788                WAKEUP_PIN_IRQHandler
                0x0000000008000788                I2C1_ER_IRQHandler
                0x0000000008000788                FMC_IRQHandler
                0x0000000008000788                FDCAN_CAL_IRQHandler
                0x0000000008000788                SWPMI1_IRQHandler
                0x0000000008000788                COMP1_IRQHandler
                0x0000000008000788                LPTIM1_IRQHandler
                0x0000000008000788                I2C4_ER_IRQHandler
                0x0000000008000788                DMA2_Stream6_IRQHandler
                0x0000000008000788                RTC_Alarm_IRQHandler
 .text.Reset_Handler
                0x000000000800078c       0x44 build/startup_stm32h750xx.o
                0x000000000800078c                Reset_Handler
 .text._ZN5daisy9DaisySeedD2Ev
                0x00000000080007d0        0x4 build/big_knob.o
                0x00000000080007d0                daisy::DaisySeed::~DaisySeed()
                0x00000000080007d0                daisy::DaisySeed::~DaisySeed()
 .text._ZN7daisysp10OscillatorD2Ev
                0x00000000080007d4        0x4 build/big_knob.o
                0x00000000080007d4                daisysp::Oscillator::~Oscillator()
                0x00000000080007d4                daisysp::Oscillator::~Oscillator()
 .text._ZN7daisysp8ReverbScD2Ev
                0x00000000080007d8        0x4 build/big_knob.o
                0x00000000080007d8                daisysp::ReverbSc::~ReverbSc()
                0x00000000080007d8                daisysp::ReverbSc::~ReverbSc()
 .text._ZN7daisysp6BiquadD2Ev
                0x00000000080007dc        0x4 build/big_knob.o
                0x00000000080007dc                daisysp::Biquad::~Biquad()
                0x00000000080007dc                daisysp::Biquad::~Biquad()
 .text._Z13AudioCallbackPKPKfPPfj
                0x00000000080007e0      0x420 build/big_knob.o
                0x00000000080007e0                AudioCallback(float const* const*, float**, unsigned int)
 .text._ZN7daisysp10Oscillator4InitEf
                0x0000000008000c00       0x4c build/big_knob.o
                0x0000000008000c00                daisysp::Oscillator::Init(float)
 .text.startup.main
                0x0000000008000c4c      0x304 build/big_knob.o
                0x0000000008000c4c                main
 .text.startup._GLOBAL__sub_I_hw
                0x0000000008000f50       0xe8 build/big_knob.o
 .text._ZN5daisy9DaisySeed10StartAudioEPFvPKPKfPPfjE
                0x0000000008001038        0x8 /Users/ansel/Documents/DaisyExamples/libDaisy//build/libdaisy.a(daisy_seed.o)
                0x0000000008001038                daisy::DaisySeed::StartAudio(void (*)(float const* const*, float**, unsigned int))
 .text._ZN5daisy9DaisySeed15AudioSampleRateEv
                0x0000000008001040        0x8 /Users/ansel/Documents/DaisyExamples/libDaisy//build/libdaisy.a(daisy_seed.o)
                0x0000000008001040                daisy::DaisySeed::AudioSampleRate()
 .text._ZN5daisy9DaisySeed14ConfigureAudioEv
                0x0000000008001048       0xd0 /Users/ansel/Documents/DaisyExamples/libDaisy//build/libdaisy.a(daisy_seed.o)
                0x0000000008001048                daisy::DaisySeed::ConfigureAudio()
 .text._ZN5daisy9DaisySeed4InitEb
                0x0000000008001118       0xd0 /Users/ansel/Documents/DaisyExamples/libDaisy//build/libdaisy.a(daisy_seed.o)
                0x0000000008001118                daisy::DaisySeed::Init(bool)
 .text._ZN5daisy6Ak45564InitE12dsy_gpio_pin
                0x00000000080011e8       0x40 /Users/ansel/Documents/DaisyExamples/libDaisy//build/libdaisy.a(codec_ak4556.o)
                0x00000000080011e8                daisy::Ak4556::Init(dsy_gpio_pin)
 .text._ZN5daisy6Wm873120WriteControlRegisterEht
                0x0000000008001228       0x3c /Users/ansel/Documents/DaisyExamples/libDaisy//build/libdaisy.a(codec_wm8731.o)
                0x0000000008001228                daisy::Wm8731::WriteControlRegister(unsigned char, unsigned short)
 .text._ZN5daisy6Wm87314InitERKNS0_6ConfigENS_9I2CHandleE
                0x0000000008001264      0x1b8 /Users/ansel/Documents/DaisyExamples/libDaisy//build/libdaisy.a(codec_wm8731.o)
                0x0000000008001264                daisy::Wm8731::Init(daisy::Wm8731::Config const&, daisy::I2CHandle)
 .text._ZN11SdramHandle10DeviceInitEv
                0x000000000800141c       0x8c /Users/ansel/Documents/DaisyExamples/libDaisy//build/libdaisy.a(sdram.o)
                0x000000000800141c                SdramHandle::DeviceInit()
 .text._ZN11SdramHandle4InitEv
                0x00000000080014a8       0x88 /Users/ansel/Documents/DaisyExamples/libDaisy//build/libdaisy.a(sdram.o)
                0x00000000080014a8                SdramHandle::Init()
 .text.HAL_SDRAM_MspInit
                0x0000000008001530      0x19c /Users/ansel/Documents/DaisyExamples/libDaisy//build/libdaisy.a(sdram.o)
                0x0000000008001530                HAL_SDRAM_MspInit
 .text._ZN5daisy11AudioHandle4Impl16InternalCallbackEPlS2_j
                0x00000000080016cc      0xbb4 /Users/ansel/Documents/DaisyExamples/libDaisy//build/libdaisy.a(audio.o)
                0x00000000080016cc                daisy::AudioHandle::Impl::InternalCallback(long*, long*, unsigned int)
 .text._ZN5daisy11AudioHandle4InitERKNS0_6ConfigENS_9SaiHandleE
                0x0000000008002280       0x70 /Users/ansel/Documents/DaisyExamples/libDaisy//build/libdaisy.a(audio.o)
                0x0000000008002280                daisy::AudioHandle::Init(daisy::AudioHandle::Config const&, daisy::SaiHandle)
 .text._ZNK5daisy11AudioHandle9GetConfigEv
                0x00000000080022f0        0x8 /Users/ansel/Documents/DaisyExamples/libDaisy//build/libdaisy.a(audio.o)
                0x00000000080022f0                daisy::AudioHandle::GetConfig() const
 .text._ZN5daisy11AudioHandle13GetSampleRateEv
                0x00000000080022f8        0x8 /Users/ansel/Documents/DaisyExamples/libDaisy//build/libdaisy.a(audio.o)
                0x00000000080022f8                daisy::AudioHandle::GetSampleRate()
 .text._ZN5daisy11AudioHandle5StartEPFvPKPKfPPfjE
                0x0000000008002300       0x44 /Users/ansel/Documents/DaisyExamples/libDaisy//build/libdaisy.a(audio.o)
                0x0000000008002300                daisy::AudioHandle::Start(void (*)(float const* const*, float**, unsigned int))
 .text.startup._GLOBAL__sub_I__ZN5daisy11AudioHandle4Impl4InitENS0_6ConfigENS_9SaiHandleE
                0x0000000008002344       0x20 /Users/ansel/Documents/DaisyExamples/libDaisy//build/libdaisy.a(audio.o)
 .text._ZN5daisy9UsbHandleD2Ev
                0x0000000008002364        0x4 /Users/ansel/Documents/DaisyExamples/libDaisy//build/libdaisy.a(logger.o)
                0x0000000008002364                daisy::UsbHandle::~UsbHandle()
                0x0000000008002364                daisy::UsbHandle::~UsbHandle()
 .text._ZN5daisy6LoggerILNS_17LoggerDestinationE1EE5PrintEPKcz
                0x0000000008002368       0x8c /Users/ansel/Documents/DaisyExamples/libDaisy//build/libdaisy.a(logger.o)
                0x0000000008002368                daisy::Logger<(daisy::LoggerDestination)1>::Print(char const*, ...)
 .text._ZN5daisy6LoggerILNS_17LoggerDestinationE1EE9PrintLineEPKcz
                0x00000000080023f4       0xc8 /Users/ansel/Documents/DaisyExamples/libDaisy//build/libdaisy.a(logger.o)
                0x00000000080023f4                daisy::Logger<(daisy::LoggerDestination)1>::PrintLine(char const*, ...)
 .text._ZN5daisy6LoggerILNS_17LoggerDestinationE1EE8StartLogEb
                0x00000000080024bc       0x38 /Users/ansel/Documents/DaisyExamples/libDaisy//build/libdaisy.a(logger.o)
                0x00000000080024bc                daisy::Logger<(daisy::LoggerDestination)1>::StartLog(bool)
 .text.startup._GLOBAL__sub_I__ZN5daisy10LoggerImplILNS_17LoggerDestinationE1EE11usb_handle_E
                0x00000000080024f4       0x30 /Users/ansel/Documents/DaisyExamples/libDaisy//build/libdaisy.a(logger.o)
 .text.DummyRxCallback
                0x0000000008002524        0x4 /Users/ansel/Documents/DaisyExamples/libDaisy//build/libdaisy.a(usb.o)
                0x0000000008002524                DummyRxCallback
 .text._ZN5daisy9UsbHandle4InitENS0_9UsbPeriphE
                0x0000000008002528      0x10c /Users/ansel/Documents/DaisyExamples/libDaisy//build/libdaisy.a(usb.o)
                0x0000000008002528                daisy::UsbHandle::Init(daisy::UsbHandle::UsbPeriph)
 .text._ZN5daisy9UsbHandle16TransmitInternalEPhj
                0x0000000008002634       0x14 /Users/ansel/Documents/DaisyExamples/libDaisy//build/libdaisy.a(usb.o)
                0x0000000008002634                daisy::UsbHandle::TransmitInternal(unsigned char*, unsigned int)
 .text.OTG_FS_EP1_OUT_IRQHandler
                0x0000000008002648        0xc /Users/ansel/Documents/DaisyExamples/libDaisy//build/libdaisy.a(usb.o)
                0x0000000008002648                OTG_FS_EP1_OUT_IRQHandler
 .text.OTG_FS_EP1_IN_IRQHandler
                0x0000000008002654        0xc /Users/ansel/Documents/DaisyExamples/libDaisy//build/libdaisy.a(usb.o)
                0x0000000008002654                OTG_FS_EP1_IN_IRQHandler
 .text.OTG_FS_IRQHandler
                0x0000000008002660        0xc /Users/ansel/Documents/DaisyExamples/libDaisy//build/libdaisy.a(usb.o)
                0x0000000008002660                OTG_FS_IRQHandler
 .text._ZN5daisy16AdcChannelConfig7InitMuxE12dsy_gpio_pinjS1_S1_S1_
                0x000000000800266c       0x5c /Users/ansel/Documents/DaisyExamples/libDaisy//build/libdaisy.a(adc.o)
                0x000000000800266c                daisy::AdcChannelConfig::InitMux(dsy_gpio_pin, unsigned int, dsy_gpio_pin, dsy_gpio_pin, dsy_gpio_pin)
 .text._ZN5daisy9AdcHandle4InitEPNS_16AdcChannelConfigEjNS0_12OverSamplingE
                0x00000000080026c8      0x394 /Users/ansel/Documents/DaisyExamples/libDaisy//build/libdaisy.a(adc.o)
                0x00000000080026c8                daisy::AdcHandle::Init(daisy::AdcChannelConfig*, unsigned int, daisy::AdcHandle::OverSampling)
 .text._ZN5daisy9AdcHandle5StartEv
                0x0000000008002a5c       0x28 /Users/ansel/Documents/DaisyExamples/libDaisy//build/libdaisy.a(adc.o)
                0x0000000008002a5c                daisy::AdcHandle::Start()
 .text._ZNK5daisy9AdcHandle11GetMuxFloatEhh
                0x0000000008002a84       0x20 /Users/ansel/Documents/DaisyExamples/libDaisy//build/libdaisy.a(adc.o)
                0x0000000008002a84                daisy::AdcHandle::GetMuxFloat(unsigned char, unsigned char) const
 .text.HAL_ADC_MspInit
                0x0000000008002aa4       0x94 /Users/ansel/Documents/DaisyExamples/libDaisy//build/libdaisy.a(adc.o)
                0x0000000008002aa4                HAL_ADC_MspInit
 .text.DMA1_Stream2_IRQHandler
                0x0000000008002b38        0xc /Users/ansel/Documents/DaisyExamples/libDaisy//build/libdaisy.a(adc.o)
                0x0000000008002b38                DMA1_Stream2_IRQHandler
 .text.HAL_ADC_ConvCpltCallback
                0x0000000008002b44      0x120 /Users/ansel/Documents/DaisyExamples/libDaisy//build/libdaisy.a(adc.o)
                0x0000000008002b44                HAL_ADC_ConvCpltCallback
 .text.HAL_ADC_ErrorCallback
                0x0000000008002c64        0x4 /Users/ansel/Documents/DaisyExamples/libDaisy//build/libdaisy.a(adc.o)
                0x0000000008002c64                HAL_ADC_ErrorCallback
 .text._ZN5daisy4GPIO4InitENS_3PinENS0_4ModeENS0_4PullENS0_5SpeedE
                0x0000000008002c68      0x1dc /Users/ansel/Documents/DaisyExamples/libDaisy//build/libdaisy.a(gpio.o)
                0x0000000008002c68                daisy::GPIO::Init(daisy::Pin, daisy::GPIO::Mode, daisy::GPIO::Pull, daisy::GPIO::Speed)
 .text._ZN5daisy4GPIO4ReadEv
                0x0000000008002e44       0x18 /Users/ansel/Documents/DaisyExamples/libDaisy//build/libdaisy.a(gpio.o)
                0x0000000008002e44                daisy::GPIO::Read()
 .text._ZN5daisy4GPIO5WriteEb
                0x0000000008002e5c       0x14 /Users/ansel/Documents/DaisyExamples/libDaisy//build/libdaisy.a(gpio.o)
                0x0000000008002e5c                daisy::GPIO::Write(bool)
 .text.dsy_gpio_init
                0x0000000008002e70      0x1bc /Users/ansel/Documents/DaisyExamples/libDaisy//build/libdaisy.a(gpio.o)
                0x0000000008002e70                dsy_gpio_init
 .text.dsy_gpio_read
                0x000000000800302c       0x1c /Users/ansel/Documents/DaisyExamples/libDaisy//build/libdaisy.a(gpio.o)
                0x000000000800302c                dsy_gpio_read
 .text.dsy_gpio_write
                0x0000000008003048       0x24 /Users/ansel/Documents/DaisyExamples/libDaisy//build/libdaisy.a(gpio.o)
                0x0000000008003048                dsy_gpio_write
 .text._ZN5daisy9I2CHandle4Impl8InitPinsEv
                0x000000000800306c       0x58 /Users/ansel/Documents/DaisyExamples/libDaisy//build/libdaisy.a(i2c.o)
                0x000000000800306c                daisy::I2CHandle::Impl::InitPins()
 .text.HAL_I2C_MspInit
                0x00000000080030c4      0x1b4 /Users/ansel/Documents/DaisyExamples/libDaisy//build/libdaisy.a(i2c.o)
                0x00000000080030c4                HAL_I2C_MspInit
 .text.dsy_i2c_global_init
                0x0000000008003278       0x70 /Users/ansel/Documents/DaisyExamples/libDaisy//build/libdaisy.a(i2c.o)
                0x0000000008003278                dsy_i2c_global_init
 .text.DMA1_Stream6_IRQHandler
                0x00000000080032e8       0x30 /Users/ansel/Documents/DaisyExamples/libDaisy//build/libdaisy.a(i2c.o)
                0x00000000080032e8                DMA1_Stream6_IRQHandler
 .text.I2C1_EV_IRQHandler
                0x0000000008003318        0xc /Users/ansel/Documents/DaisyExamples/libDaisy//build/libdaisy.a(i2c.o)
                0x0000000008003318                I2C1_EV_IRQHandler
 .text.I2C2_EV_IRQHandler
                0x0000000008003324        0xc /Users/ansel/Documents/DaisyExamples/libDaisy//build/libdaisy.a(i2c.o)
                0x0000000008003324                I2C2_EV_IRQHandler
 .text.I2C3_EV_IRQHandler
                0x0000000008003330        0xc /Users/ansel/Documents/DaisyExamples/libDaisy//build/libdaisy.a(i2c.o)
                0x0000000008003330                I2C3_EV_IRQHandler
 .text._ZN5daisy9I2CHandle4InitERKNS0_6ConfigE
                0x000000000800333c      0x128 /Users/ansel/Documents/DaisyExamples/libDaisy//build/libdaisy.a(i2c.o)
                0x000000000800333c                daisy::I2CHandle::Init(daisy::I2CHandle::Config const&)
 .text._ZN5daisy9I2CHandle16TransmitBlockingEtPhtm
                0x0000000008003464       0x50 /Users/ansel/Documents/DaisyExamples/libDaisy//build/libdaisy.a(i2c.o)
                0x0000000008003464                daisy::I2CHandle::TransmitBlocking(unsigned short, unsigned char*, unsigned short, unsigned long)
 .text.startup._GLOBAL__sub_I__ZN5daisy9I2CHandle4Impl10GlobalInitEv
                0x00000000080034b4       0x18 /Users/ansel/Documents/DaisyExamples/libDaisy//build/libdaisy.a(i2c.o)
 .text._ZN5daisy10QSPIHandle4Impl11WriteEnableEv
                0x00000000080034cc       0x84 /Users/ansel/Documents/DaisyExamples/libDaisy//build/libdaisy.a(qspi.o)
                0x00000000080034cc                daisy::QSPIHandle::Impl::WriteEnable()
 .text._ZN5daisy10QSPIHandle4Impl17DummyCyclesConfigENS0_6Config6DeviceE
                0x0000000008003550      0x100 /Users/ansel/Documents/DaisyExamples/libDaisy//build/libdaisy.a(qspi.o)
                0x0000000008003550                daisy::QSPIHandle::Impl::DummyCyclesConfig(daisy::QSPIHandle::Config::Device)
 .text._ZN5daisy10QSPIHandle4Impl10QuadEnableEv
                0x0000000008003650      0x130 /Users/ansel/Documents/DaisyExamples/libDaisy//build/libdaisy.a(qspi.o)
                0x0000000008003650                daisy::QSPIHandle::Impl::QuadEnable()
 .text._ZN5daisy10QSPIHandle4InitERKNS0_6ConfigE
                0x0000000008003780      0x178 /Users/ansel/Documents/DaisyExamples/libDaisy//build/libdaisy.a(qspi.o)
                0x0000000008003780                daisy::QSPIHandle::Init(daisy::QSPIHandle::Config const&)
 .text.HAL_QSPI_MspInit
                0x00000000080038f8      0x11c /Users/ansel/Documents/DaisyExamples/libDaisy//build/libdaisy.a(qspi.o)
                0x00000000080038f8                HAL_QSPI_MspInit
 .text.HAL_QSPI_MspDeInit
                0x0000000008003a14       0x54 /Users/ansel/Documents/DaisyExamples/libDaisy//build/libdaisy.a(qspi.o)
                0x0000000008003a14                HAL_QSPI_MspDeInit
 .text.QUADSPI_IRQHandler
                0x0000000008003a68        0xc /Users/ansel/Documents/DaisyExamples/libDaisy//build/libdaisy.a(qspi.o)
                0x0000000008003a68                QUADSPI_IRQHandler
 .text.startup._GLOBAL__sub_I__ZN5daisy10QSPIHandle4Impl4InitERKNS0_6ConfigE
                0x0000000008003a74       0x28 /Users/ansel/Documents/DaisyExamples/libDaisy//build/libdaisy.a(qspi.o)
 .text._ZN5daisy9SaiHandle4Impl8InitPinsEv
                0x0000000008003a9c       0xac /Users/ansel/Documents/DaisyExamples/libDaisy//build/libdaisy.a(sai.o)
                0x0000000008003a9c                daisy::SaiHandle::Impl::InitPins()
 .text.HAL_SAI_MspInit
                0x0000000008003b48      0x2b0 /Users/ansel/Documents/DaisyExamples/libDaisy//build/libdaisy.a(sai.o)
                0x0000000008003b48                HAL_SAI_MspInit
 .text.DMA1_Stream0_IRQHandler
                0x0000000008003df8        0xc /Users/ansel/Documents/DaisyExamples/libDaisy//build/libdaisy.a(sai.o)
                0x0000000008003df8                DMA1_Stream0_IRQHandler
 .text.DMA1_Stream1_IRQHandler
                0x0000000008003e04        0xc /Users/ansel/Documents/DaisyExamples/libDaisy//build/libdaisy.a(sai.o)
                0x0000000008003e04                DMA1_Stream1_IRQHandler
 .text.DMA1_Stream3_IRQHandler
                0x0000000008003e10        0xc /Users/ansel/Documents/DaisyExamples/libDaisy//build/libdaisy.a(sai.o)
                0x0000000008003e10                DMA1_Stream3_IRQHandler
 .text.DMA1_Stream4_IRQHandler
                0x0000000008003e1c        0xc /Users/ansel/Documents/DaisyExamples/libDaisy//build/libdaisy.a(sai.o)
                0x0000000008003e1c                DMA1_Stream4_IRQHandler
 .text.HAL_SAI_RxHalfCpltCallback
                0x0000000008003e28       0x78 /Users/ansel/Documents/DaisyExamples/libDaisy//build/libdaisy.a(sai.o)
                0x0000000008003e28                HAL_SAI_RxHalfCpltCallback
 .text.HAL_SAI_RxCpltCallback
                0x0000000008003ea0       0x70 /Users/ansel/Documents/DaisyExamples/libDaisy//build/libdaisy.a(sai.o)
                0x0000000008003ea0                HAL_SAI_RxCpltCallback
 .text._ZN5daisy9SaiHandle4InitERKNS0_6ConfigE
                0x0000000008003f10      0x204 /Users/ansel/Documents/DaisyExamples/libDaisy//build/libdaisy.a(sai.o)
                0x0000000008003f10                daisy::SaiHandle::Init(daisy::SaiHandle::Config const&)
 .text._ZNK5daisy9SaiHandle9GetConfigEv
                0x0000000008004114        0x4 /Users/ansel/Documents/DaisyExamples/libDaisy//build/libdaisy.a(sai.o)
                0x0000000008004114                daisy::SaiHandle::GetConfig() const
 .text._ZN5daisy9SaiHandle8StartDmaEPlS1_jPFvS1_S1_jE
                0x0000000008004118       0xb0 /Users/ansel/Documents/DaisyExamples/libDaisy//build/libdaisy.a(sai.o)
                0x0000000008004118                daisy::SaiHandle::StartDma(long*, long*, unsigned int, void (*)(long*, long*, unsigned int))
 .text._ZN5daisy9SaiHandle13GetSampleRateEv
                0x00000000080041c8       0x24 /Users/ansel/Documents/DaisyExamples/libDaisy//build/libdaisy.a(sai.o)
                0x00000000080041c8                daisy::SaiHandle::GetSampleRate()
 .text._ZNK5daisy9SaiHandle9GetOffsetEv
                0x00000000080041ec        0x8 /Users/ansel/Documents/DaisyExamples/libDaisy//build/libdaisy.a(sai.o)
                0x00000000080041ec                daisy::SaiHandle::GetOffset() const
 .text._ZN5daisy11TimerHandleD2Ev
                0x00000000080041f4        0x4 /Users/ansel/Documents/DaisyExamples/libDaisy//build/libdaisy.a(system.o)
                0x00000000080041f4                daisy::TimerHandle::~TimerHandle()
                0x00000000080041f4                daisy::TimerHandle::~TimerHandle()
 .text.SysTick_Handler
                0x00000000080041f8       0x10 /Users/ansel/Documents/DaisyExamples/libDaisy//build/libdaisy.a(system.o)
                0x00000000080041f8                SysTick_Handler
 .text.OTG_HS_EP1_OUT_IRQHandler
                0x0000000008004208       0x24 /Users/ansel/Documents/DaisyExamples/libDaisy//build/libdaisy.a(system.o)
                0x0000000008004208                OTG_HS_EP1_OUT_IRQHandler
 .text.OTG_HS_EP1_IN_IRQHandler
                0x000000000800422c       0x24 /Users/ansel/Documents/DaisyExamples/libDaisy//build/libdaisy.a(system.o)
                0x000000000800422c                OTG_HS_EP1_IN_IRQHandler
 .text.OTG_HS_IRQHandler
                0x0000000008004250       0x24 /Users/ansel/Documents/DaisyExamples/libDaisy//build/libdaisy.a(system.o)
                0x0000000008004250                OTG_HS_IRQHandler
 .text.HardFault_Handler
                0x0000000008004274       0xe0 /Users/ansel/Documents/DaisyExamples/libDaisy//build/libdaisy.a(system.o)
                0x0000000008004274                HardFault_Handler
 .text._ZN5daisy6System5DelayEm
                0x0000000008004354        0x4 /Users/ansel/Documents/DaisyExamples/libDaisy//build/libdaisy.a(system.o)
                0x0000000008004354                daisy::System::Delay(unsigned long)
 .text._ZN5daisy6System15ConfigureClocksEv
                0x0000000008004358      0x188 /Users/ansel/Documents/DaisyExamples/libDaisy//build/libdaisy.a(system.o)
                0x0000000008004358                daisy::System::ConfigureClocks()
 .text._ZN5daisy6System4InitERKNS0_6ConfigE
                0x00000000080044e0      0x13c /Users/ansel/Documents/DaisyExamples/libDaisy//build/libdaisy.a(system.o)
                0x00000000080044e0                daisy::System::Init(daisy::System::Config const&)
 .text._ZN5daisy6System12GetPClk1FreqEv
                0x000000000800461c        0x4 /Users/ansel/Documents/DaisyExamples/libDaisy//build/libdaisy.a(system.o)
                0x000000000800461c                daisy::System::GetPClk1Freq()
 .text._ZN5daisy6System22GetProgramMemoryRegionEv
                0x0000000008004620       0x78 /Users/ansel/Documents/DaisyExamples/libDaisy//build/libdaisy.a(system.o)
                0x0000000008004620                daisy::System::GetProgramMemoryRegion()
 .text.startup._GLOBAL__sub_I_SysTick_Handler
                0x0000000008004698       0x1c /Users/ansel/Documents/DaisyExamples/libDaisy//build/libdaisy.a(system.o)
 .text.SystemInit
                0x00000000080046b4       0x9c /Users/ansel/Documents/DaisyExamples/libDaisy//build/libdaisy.a(system_stm32h7xx.o)
                0x00000000080046b4                SystemInit
 .text.dummy_rx_callback
                0x0000000008004750        0x4 /Users/ansel/Documents/DaisyExamples/libDaisy//build/libdaisy.a(usbd_cdc_if.o)
                0x0000000008004750                dummy_rx_callback
 .text.CDC_DeInit_FS
                0x0000000008004754        0x4 /Users/ansel/Documents/DaisyExamples/libDaisy//build/libdaisy.a(usbd_cdc_if.o)
 .text.CDC_Receive_FS
                0x0000000008004758       0x2c /Users/ansel/Documents/DaisyExamples/libDaisy//build/libdaisy.a(usbd_cdc_if.o)
 .text.CDC_Receive_HS
                0x0000000008004784       0x2c /Users/ansel/Documents/DaisyExamples/libDaisy//build/libdaisy.a(usbd_cdc_if.o)
 .text.CDC_Init_FS
                0x00000000080047b0       0x3c /Users/ansel/Documents/DaisyExamples/libDaisy//build/libdaisy.a(usbd_cdc_if.o)
 .text.CDC_Init_HS
                0x00000000080047ec       0x3c /Users/ansel/Documents/DaisyExamples/libDaisy//build/libdaisy.a(usbd_cdc_if.o)
 .text.CDC_Control_FS
                0x0000000008004828       0x34 /Users/ansel/Documents/DaisyExamples/libDaisy//build/libdaisy.a(usbd_cdc_if.o)
 .text.CDC_Control_HS
                0x000000000800485c       0x34 /Users/ansel/Documents/DaisyExamples/libDaisy//build/libdaisy.a(usbd_cdc_if.o)
 .text.CDC_DeInit_HS
                0x0000000008004890        0x4 /Users/ansel/Documents/DaisyExamples/libDaisy//build/libdaisy.a(usbd_cdc_if.o)
 .text.CDC_Transmit_FS
                0x0000000008004894       0x2c /Users/ansel/Documents/DaisyExamples/libDaisy//build/libdaisy.a(usbd_cdc_if.o)
                0x0000000008004894                CDC_Transmit_FS
 .text.HAL_PCD_MspInit
                0x00000000080048c0      0x144 /Users/ansel/Documents/DaisyExamples/libDaisy//build/libdaisy.a(usbd_conf.o)
                0x00000000080048c0                HAL_PCD_MspInit
 .text.HAL_PCD_SetupStageCallback
                0x0000000008004a04        0xc /Users/ansel/Documents/DaisyExamples/libDaisy//build/libdaisy.a(usbd_conf.o)
                0x0000000008004a04                HAL_PCD_SetupStageCallback
 .text.HAL_PCD_DataOutStageCallback
                0x0000000008004a10       0x14 /Users/ansel/Documents/DaisyExamples/libDaisy//build/libdaisy.a(usbd_conf.o)
                0x0000000008004a10                HAL_PCD_DataOutStageCallback
 .text.HAL_PCD_DataInStageCallback
                0x0000000008004a24       0x14 /Users/ansel/Documents/DaisyExamples/libDaisy//build/libdaisy.a(usbd_conf.o)
                0x0000000008004a24                HAL_PCD_DataInStageCallback
 .text.HAL_PCD_SOFCallback
                0x0000000008004a38        0x8 /Users/ansel/Documents/DaisyExamples/libDaisy//build/libdaisy.a(usbd_conf.o)
                0x0000000008004a38                HAL_PCD_SOFCallback
 .text.HAL_PCD_ResetCallback
                0x0000000008004a40       0x24 /Users/ansel/Documents/DaisyExamples/libDaisy//build/libdaisy.a(usbd_conf.o)
                0x0000000008004a40                HAL_PCD_ResetCallback
 .text.HAL_PCD_SuspendCallback
                0x0000000008004a64       0x30 /Users/ansel/Documents/DaisyExamples/libDaisy//build/libdaisy.a(usbd_conf.o)
                0x0000000008004a64                HAL_PCD_SuspendCallback
 .text.HAL_PCD_ResumeCallback
                0x0000000008004a94        0x8 /Users/ansel/Documents/DaisyExamples/libDaisy//build/libdaisy.a(usbd_conf.o)
                0x0000000008004a94                HAL_PCD_ResumeCallback
 .text.HAL_PCD_ISOOUTIncompleteCallback
                0x0000000008004a9c        0x8 /Users/ansel/Documents/DaisyExamples/libDaisy//build/libdaisy.a(usbd_conf.o)
                0x0000000008004a9c                HAL_PCD_ISOOUTIncompleteCallback
 .text.HAL_PCD_ISOINIncompleteCallback
                0x0000000008004aa4        0x8 /Users/ansel/Documents/DaisyExamples/libDaisy//build/libdaisy.a(usbd_conf.o)
                0x0000000008004aa4                HAL_PCD_ISOINIncompleteCallback
 .text.HAL_PCD_ConnectCallback
                0x0000000008004aac        0x8 /Users/ansel/Documents/DaisyExamples/libDaisy//build/libdaisy.a(usbd_conf.o)
                0x0000000008004aac                HAL_PCD_ConnectCallback
 .text.HAL_PCD_DisconnectCallback
                0x0000000008004ab4        0x8 /Users/ansel/Documents/DaisyExamples/libDaisy//build/libdaisy.a(usbd_conf.o)
                0x0000000008004ab4                HAL_PCD_DisconnectCallback
 .text.USBD_LL_Init
                0x0000000008004abc       0xd0 /Users/ansel/Documents/DaisyExamples/libDaisy//build/libdaisy.a(usbd_conf.o)
                0x0000000008004abc                USBD_LL_Init
 .text.USBD_LL_Start
                0x0000000008004b8c       0x18 /Users/ansel/Documents/DaisyExamples/libDaisy//build/libdaisy.a(usbd_conf.o)
                0x0000000008004b8c                USBD_LL_Start
 .text.USBD_LL_OpenEP
                0x0000000008004ba4       0x1c /Users/ansel/Documents/DaisyExamples/libDaisy//build/libdaisy.a(usbd_conf.o)
                0x0000000008004ba4                USBD_LL_OpenEP
 .text.USBD_LL_CloseEP
                0x0000000008004bc0       0x18 /Users/ansel/Documents/DaisyExamples/libDaisy//build/libdaisy.a(usbd_conf.o)
                0x0000000008004bc0                USBD_LL_CloseEP
 .text.USBD_LL_StallEP
                0x0000000008004bd8       0x18 /Users/ansel/Documents/DaisyExamples/libDaisy//build/libdaisy.a(usbd_conf.o)
                0x0000000008004bd8                USBD_LL_StallEP
 .text.USBD_LL_ClearStallEP
                0x0000000008004bf0       0x18 /Users/ansel/Documents/DaisyExamples/libDaisy//build/libdaisy.a(usbd_conf.o)
                0x0000000008004bf0                USBD_LL_ClearStallEP
 .text.USBD_LL_IsStallEP
                0x0000000008004c08       0x28 /Users/ansel/Documents/DaisyExamples/libDaisy//build/libdaisy.a(usbd_conf.o)
                0x0000000008004c08                USBD_LL_IsStallEP
 .text.USBD_LL_SetUSBAddress
                0x0000000008004c30       0x18 /Users/ansel/Documents/DaisyExamples/libDaisy//build/libdaisy.a(usbd_conf.o)
                0x0000000008004c30                USBD_LL_SetUSBAddress
 .text.USBD_LL_Transmit
                0x0000000008004c48       0x18 /Users/ansel/Documents/DaisyExamples/libDaisy//build/libdaisy.a(usbd_conf.o)
                0x0000000008004c48                USBD_LL_Transmit
 .text.USBD_LL_PrepareReceive
                0x0000000008004c60       0x18 /Users/ansel/Documents/DaisyExamples/libDaisy//build/libdaisy.a(usbd_conf.o)
                0x0000000008004c60                USBD_LL_PrepareReceive
 .text.USBD_LL_GetRxDataSize
                0x0000000008004c78        0x8 /Users/ansel/Documents/DaisyExamples/libDaisy//build/libdaisy.a(usbd_conf.o)
                0x0000000008004c78                USBD_LL_GetRxDataSize
 .text.USBD_HS_DeviceDescriptor
                0x0000000008004c80        0xc /Users/ansel/Documents/DaisyExamples/libDaisy//build/libdaisy.a(usbd_desc.o)
                0x0000000008004c80                USBD_HS_DeviceDescriptor
 .text.USBD_FS_DeviceDescriptor
                0x0000000008004c8c        0xc /Users/ansel/Documents/DaisyExamples/libDaisy//build/libdaisy.a(usbd_desc.o)
                0x0000000008004c8c                USBD_FS_DeviceDescriptor
 .text.USBD_FS_LangIDStrDescriptor
                0x0000000008004c98        0xc /Users/ansel/Documents/DaisyExamples/libDaisy//build/libdaisy.a(usbd_desc.o)
                0x0000000008004c98                USBD_FS_LangIDStrDescriptor
 .text.USBD_FS_ManufacturerStrDescriptor
                0x0000000008004ca4       0x1c /Users/ansel/Documents/DaisyExamples/libDaisy//build/libdaisy.a(usbd_desc.o)
                0x0000000008004ca4                USBD_FS_ManufacturerStrDescriptor
 .text.USBD_HS_ProductStrDescriptor
                0x0000000008004cc0       0x1c /Users/ansel/Documents/DaisyExamples/libDaisy//build/libdaisy.a(usbd_desc.o)
                0x0000000008004cc0                USBD_HS_ProductStrDescriptor
 .text.USBD_FS_ConfigStrDescriptor
                0x0000000008004cdc       0x1c /Users/ansel/Documents/DaisyExamples/libDaisy//build/libdaisy.a(usbd_desc.o)
                0x0000000008004cdc                USBD_FS_ConfigStrDescriptor
 .text.USBD_FS_InterfaceStrDescriptor
                0x0000000008004cf8       0x1c /Users/ansel/Documents/DaisyExamples/libDaisy//build/libdaisy.a(usbd_desc.o)
                0x0000000008004cf8                USBD_FS_InterfaceStrDescriptor
 .text.USBD_FS_ProductStrDescriptor
                0x0000000008004d14       0x1c /Users/ansel/Documents/DaisyExamples/libDaisy//build/libdaisy.a(usbd_desc.o)
                0x0000000008004d14                USBD_FS_ProductStrDescriptor
 .text.USBD_HS_LangIDStrDescriptor
                0x0000000008004d30        0xc /Users/ansel/Documents/DaisyExamples/libDaisy//build/libdaisy.a(usbd_desc.o)
                0x0000000008004d30                USBD_HS_LangIDStrDescriptor
 .text.USBD_HS_ManufacturerStrDescriptor
                0x0000000008004d3c       0x1c /Users/ansel/Documents/DaisyExamples/libDaisy//build/libdaisy.a(usbd_desc.o)
                0x0000000008004d3c                USBD_HS_ManufacturerStrDescriptor
 .text.USBD_FS_SerialStrDescriptor
                0x0000000008004d58      0x140 /Users/ansel/Documents/DaisyExamples/libDaisy//build/libdaisy.a(usbd_desc.o)
                0x0000000008004d58                USBD_FS_SerialStrDescriptor
 .text.USBD_HS_SerialStrDescriptor
                0x0000000008004e98      0x140 /Users/ansel/Documents/DaisyExamples/libDaisy//build/libdaisy.a(usbd_desc.o)
                0x0000000008004e98                USBD_HS_SerialStrDescriptor
 .text.USBD_HS_InterfaceStrDescriptor
                0x0000000008004fd8       0x1c /Users/ansel/Documents/DaisyExamples/libDaisy//build/libdaisy.a(usbd_desc.o)
                0x0000000008004fd8                USBD_HS_InterfaceStrDescriptor
 .text.USBD_HS_ConfigStrDescriptor
                0x0000000008004ff4       0x1c /Users/ansel/Documents/DaisyExamples/libDaisy//build/libdaisy.a(usbd_desc.o)
                0x0000000008004ff4                USBD_HS_ConfigStrDescriptor
 .text.HAL_HCD_SOF_Callback
                0x0000000008005010        0x8 /Users/ansel/Documents/DaisyExamples/libDaisy//build/libdaisy.a(usbh_conf.o)
                0x0000000008005010                HAL_HCD_SOF_Callback
 .text.HAL_HCD_Connect_Callback
                0x0000000008005018        0x8 /Users/ansel/Documents/DaisyExamples/libDaisy//build/libdaisy.a(usbh_conf.o)
                0x0000000008005018                HAL_HCD_Connect_Callback
 .text.HAL_HCD_Disconnect_Callback
                0x0000000008005020        0x8 /Users/ansel/Documents/DaisyExamples/libDaisy//build/libdaisy.a(usbh_conf.o)
                0x0000000008005020                HAL_HCD_Disconnect_Callback
 .text.HAL_HCD_HC_NotifyURBChange_Callback
                0x0000000008005028        0x4 /Users/ansel/Documents/DaisyExamples/libDaisy//build/libdaisy.a(usbh_conf.o)
                0x0000000008005028                HAL_HCD_HC_NotifyURBChange_Callback
 .text.HAL_HCD_PortEnabled_Callback
                0x000000000800502c        0x8 /Users/ansel/Documents/DaisyExamples/libDaisy//build/libdaisy.a(usbh_conf.o)
                0x000000000800502c                HAL_HCD_PortEnabled_Callback
 .text.HAL_HCD_PortDisabled_Callback
                0x0000000008005034        0x8 /Users/ansel/Documents/DaisyExamples/libDaisy//build/libdaisy.a(usbh_conf.o)
                0x0000000008005034                HAL_HCD_PortDisabled_Callback
 .text.USBH_LL_Stop
                0x000000000800503c       0x18 /Users/ansel/Documents/DaisyExamples/libDaisy//build/libdaisy.a(usbh_conf.o)
                0x000000000800503c                USBH_LL_Stop
 .text.dsy_hal_map_get_port
                0x0000000008005054       0x10 /Users/ansel/Documents/DaisyExamples/libDaisy//build/libdaisy.a(hal_map.o)
                0x0000000008005054                dsy_hal_map_get_port
 .text.dsy_hal_map_get_pin
                0x0000000008005064       0x10 /Users/ansel/Documents/DaisyExamples/libDaisy//build/libdaisy.a(hal_map.o)
                0x0000000008005064                dsy_hal_map_get_pin
 .text.dsy_hal_map_gpio_clk_enable
                0x0000000008005074      0x150 /Users/ansel/Documents/DaisyExamples/libDaisy//build/libdaisy.a(hal_map.o)
                0x0000000008005074                dsy_hal_map_gpio_clk_enable
 .text.HAL_MspInit
                0x00000000080051c4        0x4 /Users/ansel/Documents/DaisyExamples/libDaisy//build/libdaisy.a(stm32h7xx_hal.o)
                0x00000000080051c4                HAL_MspInit
 .text.HAL_InitTick
                0x00000000080051c8       0x4c /Users/ansel/Documents/DaisyExamples/libDaisy//build/libdaisy.a(stm32h7xx_hal.o)
                0x00000000080051c8                HAL_InitTick
 .text.HAL_Init
                0x0000000008005214       0x60 /Users/ansel/Documents/DaisyExamples/libDaisy//build/libdaisy.a(stm32h7xx_hal.o)
                0x0000000008005214                HAL_Init
 .text.HAL_IncTick
                0x0000000008005274       0x18 /Users/ansel/Documents/DaisyExamples/libDaisy//build/libdaisy.a(stm32h7xx_hal.o)
                0x0000000008005274                HAL_IncTick
 .text.HAL_GetTick
                0x000000000800528c        0xc /Users/ansel/Documents/DaisyExamples/libDaisy//build/libdaisy.a(stm32h7xx_hal.o)
                0x000000000800528c                HAL_GetTick
 .text.HAL_Delay
                0x0000000008005298       0x24 /Users/ansel/Documents/DaisyExamples/libDaisy//build/libdaisy.a(stm32h7xx_hal.o)
                0x0000000008005298                HAL_Delay
 .text.HAL_GetREVID
                0x00000000080052bc        0xc /Users/ansel/Documents/DaisyExamples/libDaisy//build/libdaisy.a(stm32h7xx_hal.o)
                0x00000000080052bc                HAL_GetREVID
 .text.HAL_ADC_ConvHalfCpltCallback
                0x00000000080052c8        0x4 /Users/ansel/Documents/DaisyExamples/libDaisy//build/libdaisy.a(stm32h7xx_hal_adc.o)
                0x00000000080052c8                HAL_ADC_ConvHalfCpltCallback
 .text.ADC_DMAHalfConvCplt
                0x00000000080052cc        0xc /Users/ansel/Documents/DaisyExamples/libDaisy//build/libdaisy.a(stm32h7xx_hal_adc.o)
                0x00000000080052cc                ADC_DMAHalfConvCplt
 .text.ADC_DMAConvCplt
                0x00000000080052d8       0x6c /Users/ansel/Documents/DaisyExamples/libDaisy//build/libdaisy.a(stm32h7xx_hal_adc.o)
                0x00000000080052d8                ADC_DMAConvCplt
 .text.ADC_DMAError
                0x0000000008005344       0x1c /Users/ansel/Documents/DaisyExamples/libDaisy//build/libdaisy.a(stm32h7xx_hal_adc.o)
                0x0000000008005344                ADC_DMAError
 .text.HAL_ADC_ConfigChannel
                0x0000000008005360      0x3f0 /Users/ansel/Documents/DaisyExamples/libDaisy//build/libdaisy.a(stm32h7xx_hal_adc.o)
                0x0000000008005360                HAL_ADC_ConfigChannel
 .text.ADC_Enable
                0x0000000008005750       0xb0 /Users/ansel/Documents/DaisyExamples/libDaisy//build/libdaisy.a(stm32h7xx_hal_adc.o)
                0x0000000008005750                ADC_Enable
 .text.HAL_ADC_Start_DMA
                0x0000000008005800      0x10c /Users/ansel/Documents/DaisyExamples/libDaisy//build/libdaisy.a(stm32h7xx_hal_adc.o)
                0x0000000008005800                HAL_ADC_Start_DMA
 .text.ADC_Disable
                0x000000000800590c       0x64 /Users/ansel/Documents/DaisyExamples/libDaisy//build/libdaisy.a(stm32h7xx_hal_adc.o)
                0x000000000800590c                ADC_Disable
 .text.ADC_ConfigureBoostMode
                0x0000000008005970      0x198 /Users/ansel/Documents/DaisyExamples/libDaisy//build/libdaisy.a(stm32h7xx_hal_adc.o)
                0x0000000008005970                ADC_ConfigureBoostMode
 .text.HAL_ADC_Init
                0x0000000008005b08      0x214 /Users/ansel/Documents/DaisyExamples/libDaisy//build/libdaisy.a(stm32h7xx_hal_adc.o)
                0x0000000008005b08                HAL_ADC_Init
 .text.HAL_ADCEx_Calibration_Start
                0x0000000008005d1c       0xa4 /Users/ansel/Documents/DaisyExamples/libDaisy//build/libdaisy.a(stm32h7xx_hal_adc_ex.o)
                0x0000000008005d1c                HAL_ADCEx_Calibration_Start
 .text.HAL_ADCEx_MultiModeConfigChannel
                0x0000000008005dc0       0xb8 /Users/ansel/Documents/DaisyExamples/libDaisy//build/libdaisy.a(stm32h7xx_hal_adc_ex.o)
                0x0000000008005dc0                HAL_ADCEx_MultiModeConfigChannel
 .text.HAL_NVIC_SetPriorityGrouping
                0x0000000008005e78       0x24 /Users/ansel/Documents/DaisyExamples/libDaisy//build/libdaisy.a(stm32h7xx_hal_cortex.o)
                0x0000000008005e78                HAL_NVIC_SetPriorityGrouping
 .text.HAL_NVIC_SetPriority
                0x0000000008005e9c       0x7c /Users/ansel/Documents/DaisyExamples/libDaisy//build/libdaisy.a(stm32h7xx_hal_cortex.o)
                0x0000000008005e9c                HAL_NVIC_SetPriority
 .text.HAL_NVIC_EnableIRQ
                0x0000000008005f18       0x1c /Users/ansel/Documents/DaisyExamples/libDaisy//build/libdaisy.a(stm32h7xx_hal_cortex.o)
                0x0000000008005f18                HAL_NVIC_EnableIRQ
 .text.HAL_NVIC_DisableIRQ
                0x0000000008005f34       0x24 /Users/ansel/Documents/DaisyExamples/libDaisy//build/libdaisy.a(stm32h7xx_hal_cortex.o)
                0x0000000008005f34                HAL_NVIC_DisableIRQ
 .text.HAL_SYSTICK_Config
                0x0000000008005f58       0x2c /Users/ansel/Documents/DaisyExamples/libDaisy//build/libdaisy.a(stm32h7xx_hal_cortex.o)
                0x0000000008005f58                HAL_SYSTICK_Config
 .text.HAL_MPU_Disable
                0x0000000008005f84       0x1c /Users/ansel/Documents/DaisyExamples/libDaisy//build/libdaisy.a(stm32h7xx_hal_cortex.o)
                0x0000000008005f84                HAL_MPU_Disable
 .text.HAL_MPU_Enable
                0x0000000008005fa0       0x20 /Users/ansel/Documents/DaisyExamples/libDaisy//build/libdaisy.a(stm32h7xx_hal_cortex.o)
                0x0000000008005fa0                HAL_MPU_Enable
 .text.HAL_MPU_ConfigRegion
                0x0000000008005fc0       0x64 /Users/ansel/Documents/DaisyExamples/libDaisy//build/libdaisy.a(stm32h7xx_hal_cortex.o)
                0x0000000008005fc0                HAL_MPU_ConfigRegion
 .text.HAL_SYSTICK_Callback
                0x0000000008006024        0x4 /Users/ansel/Documents/DaisyExamples/libDaisy//build/libdaisy.a(stm32h7xx_hal_cortex.o)
                0x0000000008006024                HAL_SYSTICK_Callback
 .text.HAL_SYSTICK_IRQHandler
                0x0000000008006028        0x8 /Users/ansel/Documents/DaisyExamples/libDaisy//build/libdaisy.a(stm32h7xx_hal_cortex.o)
                0x0000000008006028                HAL_SYSTICK_IRQHandler
 .text.DMA_CalcBaseAndBitshift
                0x0000000008006030      0x100 /Users/ansel/Documents/DaisyExamples/libDaisy//build/libdaisy.a(stm32h7xx_hal_dma.o)
 .text.DMA_CalcDMAMUXChannelBaseAndMask
                0x0000000008006130       0xd0 /Users/ansel/Documents/DaisyExamples/libDaisy//build/libdaisy.a(stm32h7xx_hal_dma.o)
 .text.HAL_DMA_Init
                0x0000000008006200      0x350 /Users/ansel/Documents/DaisyExamples/libDaisy//build/libdaisy.a(stm32h7xx_hal_dma.o)
                0x0000000008006200                HAL_DMA_Init
 .text.HAL_DMA_Start_IT
                0x0000000008006550      0x288 /Users/ansel/Documents/DaisyExamples/libDaisy//build/libdaisy.a(stm32h7xx_hal_dma.o)
                0x0000000008006550                HAL_DMA_Start_IT
 .text.HAL_DMA_Abort_IT
                0x00000000080067d8       0xe8 /Users/ansel/Documents/DaisyExamples/libDaisy//build/libdaisy.a(stm32h7xx_hal_dma.o)
                0x00000000080067d8                HAL_DMA_Abort_IT
 .text.HAL_DMA_IRQHandler
                0x00000000080068c0      0x6a8 /Users/ansel/Documents/DaisyExamples/libDaisy//build/libdaisy.a(stm32h7xx_hal_dma.o)
                0x00000000080068c0                HAL_DMA_IRQHandler
 .text.HAL_DMA_GetError
                0x0000000008006f68        0x4 /Users/ansel/Documents/DaisyExamples/libDaisy//build/libdaisy.a(stm32h7xx_hal_dma.o)
                0x0000000008006f68                HAL_DMA_GetError
 .text.HAL_GPIO_Init
                0x0000000008006f6c      0x284 /Users/ansel/Documents/DaisyExamples/libDaisy//build/libdaisy.a(stm32h7xx_hal_gpio.o)
                0x0000000008006f6c                HAL_GPIO_Init
 .text.HAL_GPIO_DeInit
                0x00000000080071f0      0x194 /Users/ansel/Documents/DaisyExamples/libDaisy//build/libdaisy.a(stm32h7xx_hal_gpio.o)
                0x00000000080071f0                HAL_GPIO_DeInit
 .text.HAL_GPIO_ReadPin
                0x0000000008007384        0xc /Users/ansel/Documents/DaisyExamples/libDaisy//build/libdaisy.a(stm32h7xx_hal_gpio.o)
                0x0000000008007384                HAL_GPIO_ReadPin
 .text.HAL_GPIO_WritePin
                0x0000000008007390        0x8 /Users/ansel/Documents/DaisyExamples/libDaisy//build/libdaisy.a(stm32h7xx_hal_gpio.o)
                0x0000000008007390                HAL_GPIO_WritePin
 .text.HAL_HCD_IRQHandler
                0x0000000008007398      0x764 /Users/ansel/Documents/DaisyExamples/libDaisy//build/libdaisy.a(stm32h7xx_hal_hcd.o)
                0x0000000008007398                HAL_HCD_IRQHandler
 .text.HAL_HCD_Stop
                0x0000000008007afc       0x28 /Users/ansel/Documents/DaisyExamples/libDaisy//build/libdaisy.a(stm32h7xx_hal_hcd.o)
                0x0000000008007afc                HAL_HCD_Stop
 .text.I2C_WaitOnTXISFlagUntilTimeout
                0x0000000008007b24       0xc4 /Users/ansel/Documents/DaisyExamples/libDaisy//build/libdaisy.a(stm32h7xx_hal_i2c.o)
 .text.I2C_WaitOnSTOPFlagUntilTimeout
                0x0000000008007be8       0xa8 /Users/ansel/Documents/DaisyExamples/libDaisy//build/libdaisy.a(stm32h7xx_hal_i2c.o)
 .text.HAL_I2C_Init
                0x0000000008007c90       0xac /Users/ansel/Documents/DaisyExamples/libDaisy//build/libdaisy.a(stm32h7xx_hal_i2c.o)
                0x0000000008007c90                HAL_I2C_Init
 .text.HAL_I2C_Master_Transmit
                0x0000000008007d3c      0x1a4 /Users/ansel/Documents/DaisyExamples/libDaisy//build/libdaisy.a(stm32h7xx_hal_i2c.o)
                0x0000000008007d3c                HAL_I2C_Master_Transmit
 .text.HAL_I2C_Slave_Transmit
                0x0000000008007ee0      0x1c4 /Users/ansel/Documents/DaisyExamples/libDaisy//build/libdaisy.a(stm32h7xx_hal_i2c.o)
                0x0000000008007ee0                HAL_I2C_Slave_Transmit
 .text.HAL_I2C_EV_IRQHandler
                0x00000000080080a4       0x10 /Users/ansel/Documents/DaisyExamples/libDaisy//build/libdaisy.a(stm32h7xx_hal_i2c.o)
                0x00000000080080a4                HAL_I2C_EV_IRQHandler
 .text.HAL_I2C_GetState
                0x00000000080080b4        0x8 /Users/ansel/Documents/DaisyExamples/libDaisy//build/libdaisy.a(stm32h7xx_hal_i2c.o)
                0x00000000080080b4                HAL_I2C_GetState
 .text.HAL_I2CEx_ConfigAnalogFilter
                0x00000000080080bc       0x54 /Users/ansel/Documents/DaisyExamples/libDaisy//build/libdaisy.a(stm32h7xx_hal_i2c_ex.o)
                0x00000000080080bc                HAL_I2CEx_ConfigAnalogFilter
 .text.HAL_I2CEx_ConfigDigitalFilter
                0x0000000008008110       0x58 /Users/ansel/Documents/DaisyExamples/libDaisy//build/libdaisy.a(stm32h7xx_hal_i2c_ex.o)
                0x0000000008008110                HAL_I2CEx_ConfigDigitalFilter
 .text.HAL_PCD_Init
                0x0000000008008168      0x120 /Users/ansel/Documents/DaisyExamples/libDaisy//build/libdaisy.a(stm32h7xx_hal_pcd.o)
                0x0000000008008168                HAL_PCD_Init
 .text.HAL_PCD_Start
                0x0000000008008288       0x44 /Users/ansel/Documents/DaisyExamples/libDaisy//build/libdaisy.a(stm32h7xx_hal_pcd.o)
                0x0000000008008288                HAL_PCD_Start
 .text.HAL_PCD_IRQHandler
                0x00000000080082cc      0x6a8 /Users/ansel/Documents/DaisyExamples/libDaisy//build/libdaisy.a(stm32h7xx_hal_pcd.o)
                0x00000000080082cc                HAL_PCD_IRQHandler
 .text.HAL_PCD_SetAddress
                0x0000000008008974       0x2c /Users/ansel/Documents/DaisyExamples/libDaisy//build/libdaisy.a(stm32h7xx_hal_pcd.o)
                0x0000000008008974                HAL_PCD_SetAddress
 .text.HAL_PCD_EP_Open
                0x00000000080089a0       0x7c /Users/ansel/Documents/DaisyExamples/libDaisy//build/libdaisy.a(stm32h7xx_hal_pcd.o)
                0x00000000080089a0                HAL_PCD_EP_Open
 .text.HAL_PCD_EP_Close
                0x0000000008008a1c       0x6c /Users/ansel/Documents/DaisyExamples/libDaisy//build/libdaisy.a(stm32h7xx_hal_pcd.o)
                0x0000000008008a1c                HAL_PCD_EP_Close
 .text.HAL_PCD_EP_Receive
                0x0000000008008a88       0x50 /Users/ansel/Documents/DaisyExamples/libDaisy//build/libdaisy.a(stm32h7xx_hal_pcd.o)
                0x0000000008008a88                HAL_PCD_EP_Receive
 .text.HAL_PCD_EP_GetRxCount
                0x0000000008008ad8       0x14 /Users/ansel/Documents/DaisyExamples/libDaisy//build/libdaisy.a(stm32h7xx_hal_pcd.o)
                0x0000000008008ad8                HAL_PCD_EP_GetRxCount
 .text.HAL_PCD_EP_Transmit
                0x0000000008008aec       0x50 /Users/ansel/Documents/DaisyExamples/libDaisy//build/libdaisy.a(stm32h7xx_hal_pcd.o)
                0x0000000008008aec                HAL_PCD_EP_Transmit
 .text.HAL_PCD_EP_SetStall
                0x0000000008008b3c       0x88 /Users/ansel/Documents/DaisyExamples/libDaisy//build/libdaisy.a(stm32h7xx_hal_pcd.o)
                0x0000000008008b3c                HAL_PCD_EP_SetStall
 .text.HAL_PCD_EP_ClrStall
                0x0000000008008bc4       0x78 /Users/ansel/Documents/DaisyExamples/libDaisy//build/libdaisy.a(stm32h7xx_hal_pcd.o)
                0x0000000008008bc4                HAL_PCD_EP_ClrStall
 .text.HAL_PCDEx_SetTxFiFo
                0x0000000008008c3c      0x108 /Users/ansel/Documents/DaisyExamples/libDaisy//build/libdaisy.a(stm32h7xx_hal_pcd_ex.o)
                0x0000000008008c3c                HAL_PCDEx_SetTxFiFo
 .text.HAL_PCDEx_SetRxFiFo
                0x0000000008008d44        0xc /Users/ansel/Documents/DaisyExamples/libDaisy//build/libdaisy.a(stm32h7xx_hal_pcd_ex.o)
                0x0000000008008d44                HAL_PCDEx_SetRxFiFo
 .text.HAL_PCDEx_ActivateLPM
                0x0000000008008d50       0x30 /Users/ansel/Documents/DaisyExamples/libDaisy//build/libdaisy.a(stm32h7xx_hal_pcd_ex.o)
                0x0000000008008d50                HAL_PCDEx_ActivateLPM
 .text.HAL_PCDEx_LPM_Callback
                0x0000000008008d80        0x4 /Users/ansel/Documents/DaisyExamples/libDaisy//build/libdaisy.a(stm32h7xx_hal_pcd_ex.o)
                0x0000000008008d80                HAL_PCDEx_LPM_Callback
 .text.HAL_PWREx_ConfigSupply
                0x0000000008008d84       0x4c /Users/ansel/Documents/DaisyExamples/libDaisy//build/libdaisy.a(stm32h7xx_hal_pwr_ex.o)
                0x0000000008008d84                HAL_PWREx_ConfigSupply
 .text.HAL_PWREx_EnableUSBVoltageDetector
                0x0000000008008dd0       0x10 /Users/ansel/Documents/DaisyExamples/libDaisy//build/libdaisy.a(stm32h7xx_hal_pwr_ex.o)
                0x0000000008008dd0                HAL_PWREx_EnableUSBVoltageDetector
 .text.QSPI_Config
                0x0000000008008de0      0x148 /Users/ansel/Documents/DaisyExamples/libDaisy//build/libdaisy.a(stm32h7xx_hal_qspi.o)
 .text.HAL_QSPI_Init
                0x0000000008008f28       0xd8 /Users/ansel/Documents/DaisyExamples/libDaisy//build/libdaisy.a(stm32h7xx_hal_qspi.o)
                0x0000000008008f28                HAL_QSPI_Init
 .text.HAL_QSPI_DeInit
                0x0000000008009000       0x3c /Users/ansel/Documents/DaisyExamples/libDaisy//build/libdaisy.a(stm32h7xx_hal_qspi.o)
                0x0000000008009000                HAL_QSPI_DeInit
 .text.HAL_QSPI_Command
                0x000000000800903c       0xd8 /Users/ansel/Documents/DaisyExamples/libDaisy//build/libdaisy.a(stm32h7xx_hal_qspi.o)
                0x000000000800903c                HAL_QSPI_Command
 .text.HAL_QSPI_Transmit
                0x0000000008009114      0x108 /Users/ansel/Documents/DaisyExamples/libDaisy//build/libdaisy.a(stm32h7xx_hal_qspi.o)
                0x0000000008009114                HAL_QSPI_Transmit
 .text.HAL_QSPI_Receive
                0x000000000800921c      0x118 /Users/ansel/Documents/DaisyExamples/libDaisy//build/libdaisy.a(stm32h7xx_hal_qspi.o)
                0x000000000800921c                HAL_QSPI_Receive
 .text.HAL_QSPI_AutoPolling
                0x0000000008009334       0xf0 /Users/ansel/Documents/DaisyExamples/libDaisy//build/libdaisy.a(stm32h7xx_hal_qspi.o)
                0x0000000008009334                HAL_QSPI_AutoPolling
 .text.HAL_QSPI_MemoryMapped
                0x0000000008009424       0xc8 /Users/ansel/Documents/DaisyExamples/libDaisy//build/libdaisy.a(stm32h7xx_hal_qspi.o)
                0x0000000008009424                HAL_QSPI_MemoryMapped
 .text.HAL_QSPI_ErrorCallback
                0x00000000080094ec        0x4 /Users/ansel/Documents/DaisyExamples/libDaisy//build/libdaisy.a(stm32h7xx_hal_qspi.o)
                0x00000000080094ec                HAL_QSPI_ErrorCallback
 .text.QSPI_DMAAbortCplt
                0x00000000080094f0       0x38 /Users/ansel/Documents/DaisyExamples/libDaisy//build/libdaisy.a(stm32h7xx_hal_qspi.o)
 .text.HAL_QSPI_AbortCpltCallback
                0x0000000008009528        0x4 /Users/ansel/Documents/DaisyExamples/libDaisy//build/libdaisy.a(stm32h7xx_hal_qspi.o)
                0x0000000008009528                HAL_QSPI_AbortCpltCallback
 .text.HAL_QSPI_CmdCpltCallback
                0x000000000800952c        0x4 /Users/ansel/Documents/DaisyExamples/libDaisy//build/libdaisy.a(stm32h7xx_hal_qspi.o)
                0x000000000800952c                HAL_QSPI_CmdCpltCallback
 .text.HAL_QSPI_RxCpltCallback
                0x0000000008009530        0x4 /Users/ansel/Documents/DaisyExamples/libDaisy//build/libdaisy.a(stm32h7xx_hal_qspi.o)
                0x0000000008009530                HAL_QSPI_RxCpltCallback
 .text.HAL_QSPI_TxCpltCallback
                0x0000000008009534        0x4 /Users/ansel/Documents/DaisyExamples/libDaisy//build/libdaisy.a(stm32h7xx_hal_qspi.o)
                0x0000000008009534                HAL_QSPI_TxCpltCallback
 .text.HAL_QSPI_FifoThresholdCallback
                0x0000000008009538        0x4 /Users/ansel/Documents/DaisyExamples/libDaisy//build/libdaisy.a(stm32h7xx_hal_qspi.o)
                0x0000000008009538                HAL_QSPI_FifoThresholdCallback
 .text.HAL_QSPI_StatusMatchCallback
                0x000000000800953c        0x4 /Users/ansel/Documents/DaisyExamples/libDaisy//build/libdaisy.a(stm32h7xx_hal_qspi.o)
                0x000000000800953c                HAL_QSPI_StatusMatchCallback
 .text.HAL_QSPI_TimeOutCallback
                0x0000000008009540        0x4 /Users/ansel/Documents/DaisyExamples/libDaisy//build/libdaisy.a(stm32h7xx_hal_qspi.o)
                0x0000000008009540                HAL_QSPI_TimeOutCallback
 .text.HAL_QSPI_IRQHandler
                0x0000000008009544      0x210 /Users/ansel/Documents/DaisyExamples/libDaisy//build/libdaisy.a(stm32h7xx_hal_qspi.o)
                0x0000000008009544                HAL_QSPI_IRQHandler
 .text.HAL_RCC_OscConfig
                0x0000000008009754      0x51c /Users/ansel/Documents/DaisyExamples/libDaisy//build/libdaisy.a(stm32h7xx_hal_rcc.o)
                0x0000000008009754                HAL_RCC_OscConfig
 .text.HAL_RCC_GetSysClockFreq
                0x0000000008009c70      0x140 /Users/ansel/Documents/DaisyExamples/libDaisy//build/libdaisy.a(stm32h7xx_hal_rcc.o)
                0x0000000008009c70                HAL_RCC_GetSysClockFreq
 .text.HAL_RCC_ClockConfig
                0x0000000008009db0      0x234 /Users/ansel/Documents/DaisyExamples/libDaisy//build/libdaisy.a(stm32h7xx_hal_rcc.o)
                0x0000000008009db0                HAL_RCC_ClockConfig
 .text.HAL_RCC_GetHCLKFreq
                0x0000000008009fe4       0x2c /Users/ansel/Documents/DaisyExamples/libDaisy//build/libdaisy.a(stm32h7xx_hal_rcc.o)
                0x0000000008009fe4                HAL_RCC_GetHCLKFreq
 .text.HAL_RCC_GetPCLK1Freq
                0x000000000800a010       0x38 /Users/ansel/Documents/DaisyExamples/libDaisy//build/libdaisy.a(stm32h7xx_hal_rcc.o)
                0x000000000800a010                HAL_RCC_GetPCLK1Freq
 .text.HAL_RCC_GetPCLK2Freq
                0x000000000800a048       0x38 /Users/ansel/Documents/DaisyExamples/libDaisy//build/libdaisy.a(stm32h7xx_hal_rcc.o)
                0x000000000800a048                HAL_RCC_GetPCLK2Freq
 .text.RCCEx_PLL2_Config.part.0
                0x000000000800a080       0xe4 /Users/ansel/Documents/DaisyExamples/libDaisy//build/libdaisy.a(stm32h7xx_hal_rcc_ex.o)
 .text.RCCEx_PLL3_Config.part.0
                0x000000000800a164       0xe4 /Users/ansel/Documents/DaisyExamples/libDaisy//build/libdaisy.a(stm32h7xx_hal_rcc_ex.o)
 .text.HAL_RCCEx_PeriphCLKConfig
                0x000000000800a248      0xccc /Users/ansel/Documents/DaisyExamples/libDaisy//build/libdaisy.a(stm32h7xx_hal_rcc_ex.o)
                0x000000000800a248                HAL_RCCEx_PeriphCLKConfig
 .text.HAL_RCCEx_GetD3PCLK1Freq
                0x000000000800af14       0x24 /Users/ansel/Documents/DaisyExamples/libDaisy//build/libdaisy.a(stm32h7xx_hal_rcc_ex.o)
                0x000000000800af14                HAL_RCCEx_GetD3PCLK1Freq
 .text.HAL_RCCEx_GetPLL2ClockFreq
                0x000000000800af38      0x158 /Users/ansel/Documents/DaisyExamples/libDaisy//build/libdaisy.a(stm32h7xx_hal_rcc_ex.o)
                0x000000000800af38                HAL_RCCEx_GetPLL2ClockFreq
 .text.HAL_RCCEx_GetPLL3ClockFreq
                0x000000000800b090      0x158 /Users/ansel/Documents/DaisyExamples/libDaisy//build/libdaisy.a(stm32h7xx_hal_rcc_ex.o)
                0x000000000800b090                HAL_RCCEx_GetPLL3ClockFreq
 .text.HAL_RCCEx_GetPLL1ClockFreq
                0x000000000800b1e8      0x158 /Users/ansel/Documents/DaisyExamples/libDaisy//build/libdaisy.a(stm32h7xx_hal_rcc_ex.o)
                0x000000000800b1e8                HAL_RCCEx_GetPLL1ClockFreq
 .text.HAL_RCCEx_GetPeriphCLKFreq
                0x000000000800b340      0x198 /Users/ansel/Documents/DaisyExamples/libDaisy//build/libdaisy.a(stm32h7xx_hal_rcc_ex.o)
                0x000000000800b340                HAL_RCCEx_GetPeriphCLKFreq
 .text.HAL_RCCEx_GetD1SysClockFreq
                0x000000000800b4d8       0x2c /Users/ansel/Documents/DaisyExamples/libDaisy//build/libdaisy.a(stm32h7xx_hal_rcc_ex.o)
                0x000000000800b4d8                HAL_RCCEx_GetD1SysClockFreq
 .text.HAL_SAI_Init
                0x000000000800b504      0x384 /Users/ansel/Documents/DaisyExamples/libDaisy//build/libdaisy.a(stm32h7xx_hal_sai.o)
                0x000000000800b504                HAL_SAI_Init
 .text.HAL_SAI_InitProtocol
                0x000000000800b888      0x13c /Users/ansel/Documents/DaisyExamples/libDaisy//build/libdaisy.a(stm32h7xx_hal_sai.o)
                0x000000000800b888                HAL_SAI_InitProtocol
 .text.HAL_SAI_Transmit_DMA
                0x000000000800b9c4      0x110 /Users/ansel/Documents/DaisyExamples/libDaisy//build/libdaisy.a(stm32h7xx_hal_sai.o)
                0x000000000800b9c4                HAL_SAI_Transmit_DMA
 .text.HAL_SAI_Receive_DMA
                0x000000000800bad4       0xc4 /Users/ansel/Documents/DaisyExamples/libDaisy//build/libdaisy.a(stm32h7xx_hal_sai.o)
                0x000000000800bad4                HAL_SAI_Receive_DMA
 .text.HAL_SAI_TxCpltCallback
                0x000000000800bb98        0x4 /Users/ansel/Documents/DaisyExamples/libDaisy//build/libdaisy.a(stm32h7xx_hal_sai.o)
                0x000000000800bb98                HAL_SAI_TxCpltCallback
 .text.SAI_DMATxCplt
                0x000000000800bb9c       0x5c /Users/ansel/Documents/DaisyExamples/libDaisy//build/libdaisy.a(stm32h7xx_hal_sai.o)
 .text.HAL_SAI_TxHalfCpltCallback
                0x000000000800bbf8        0x4 /Users/ansel/Documents/DaisyExamples/libDaisy//build/libdaisy.a(stm32h7xx_hal_sai.o)
                0x000000000800bbf8                HAL_SAI_TxHalfCpltCallback
 .text.SAI_DMATxHalfCplt
                0x000000000800bbfc        0xc /Users/ansel/Documents/DaisyExamples/libDaisy//build/libdaisy.a(stm32h7xx_hal_sai.o)
 .text.SAI_DMARxCplt
                0x000000000800bc08       0x5c /Users/ansel/Documents/DaisyExamples/libDaisy//build/libdaisy.a(stm32h7xx_hal_sai.o)
 .text.SAI_DMARxHalfCplt
                0x000000000800bc64        0xc /Users/ansel/Documents/DaisyExamples/libDaisy//build/libdaisy.a(stm32h7xx_hal_sai.o)
 .text.HAL_SAI_ErrorCallback
                0x000000000800bc70        0x4 /Users/ansel/Documents/DaisyExamples/libDaisy//build/libdaisy.a(stm32h7xx_hal_sai.o)
                0x000000000800bc70                HAL_SAI_ErrorCallback
 .text.SAI_DMAError
                0x000000000800bc74       0x6c /Users/ansel/Documents/DaisyExamples/libDaisy//build/libdaisy.a(stm32h7xx_hal_sai.o)
 .text.HAL_SDRAM_Init
                0x000000000800bce0       0x54 /Users/ansel/Documents/DaisyExamples/libDaisy//build/libdaisy.a(stm32h7xx_hal_sdram.o)
                0x000000000800bce0                HAL_SDRAM_Init
 .text.HAL_SDRAM_SendCommand
                0x000000000800bd34       0x40 /Users/ansel/Documents/DaisyExamples/libDaisy//build/libdaisy.a(stm32h7xx_hal_sdram.o)
                0x000000000800bd34                HAL_SDRAM_SendCommand
 .text.HAL_SDRAM_ProgramRefreshRate
                0x000000000800bd74       0x30 /Users/ansel/Documents/DaisyExamples/libDaisy//build/libdaisy.a(stm32h7xx_hal_sdram.o)
                0x000000000800bd74                HAL_SDRAM_ProgramRefreshRate
 .text.FMC_SDRAM_Init
                0x000000000800bda4       0x7c /Users/ansel/Documents/DaisyExamples/libDaisy//build/libdaisy.a(stm32h7xx_ll_fmc.o)
                0x000000000800bda4                FMC_SDRAM_Init
 .text.FMC_SDRAM_Timing_Init
                0x000000000800be20       0x9c /Users/ansel/Documents/DaisyExamples/libDaisy//build/libdaisy.a(stm32h7xx_ll_fmc.o)
                0x000000000800be20                FMC_SDRAM_Timing_Init
 .text.FMC_SDRAM_SendCommand
                0x000000000800bebc       0x28 /Users/ansel/Documents/DaisyExamples/libDaisy//build/libdaisy.a(stm32h7xx_ll_fmc.o)
                0x000000000800bebc                FMC_SDRAM_SendCommand
 .text.FMC_SDRAM_ProgramRefreshRate
                0x000000000800bee4       0x1c /Users/ansel/Documents/DaisyExamples/libDaisy//build/libdaisy.a(stm32h7xx_ll_fmc.o)
                0x000000000800bee4                FMC_SDRAM_ProgramRefreshRate
 .text.USB_CoreInit
                0x000000000800bf00      0x124 /Users/ansel/Documents/DaisyExamples/libDaisy//build/libdaisy.a(stm32h7xx_ll_usb.o)
                0x000000000800bf00                USB_CoreInit
 .text.USB_SetTurnaroundTime
                0x000000000800c024      0x104 /Users/ansel/Documents/DaisyExamples/libDaisy//build/libdaisy.a(stm32h7xx_ll_usb.o)
                0x000000000800c024                USB_SetTurnaroundTime
 .text.USB_EnableGlobalInt
                0x000000000800c128       0x10 /Users/ansel/Documents/DaisyExamples/libDaisy//build/libdaisy.a(stm32h7xx_ll_usb.o)
                0x000000000800c128                USB_EnableGlobalInt
 .text.USB_DisableGlobalInt
                0x000000000800c138       0x10 /Users/ansel/Documents/DaisyExamples/libDaisy//build/libdaisy.a(stm32h7xx_ll_usb.o)
                0x000000000800c138                USB_DisableGlobalInt
 .text.USB_SetCurrentMode
                0x000000000800c148       0x30 /Users/ansel/Documents/DaisyExamples/libDaisy//build/libdaisy.a(stm32h7xx_ll_usb.o)
                0x000000000800c148                USB_SetCurrentMode
 .text.USB_DevInit
                0x000000000800c178      0x224 /Users/ansel/Documents/DaisyExamples/libDaisy//build/libdaisy.a(stm32h7xx_ll_usb.o)
                0x000000000800c178                USB_DevInit
 .text.USB_FlushTxFifo
                0x000000000800c39c       0x34 /Users/ansel/Documents/DaisyExamples/libDaisy//build/libdaisy.a(stm32h7xx_ll_usb.o)
                0x000000000800c39c                USB_FlushTxFifo
 .text.USB_GetDevSpeed
                0x000000000800c3d0       0x24 /Users/ansel/Documents/DaisyExamples/libDaisy//build/libdaisy.a(stm32h7xx_ll_usb.o)
                0x000000000800c3d0                USB_GetDevSpeed
 .text.USB_ActivateEndpoint
                0x000000000800c3f4       0x90 /Users/ansel/Documents/DaisyExamples/libDaisy//build/libdaisy.a(stm32h7xx_ll_usb.o)
                0x000000000800c3f4                USB_ActivateEndpoint
 .text.USB_DeactivateEndpoint
                0x000000000800c484       0x84 /Users/ansel/Documents/DaisyExamples/libDaisy//build/libdaisy.a(stm32h7xx_ll_usb.o)
                0x000000000800c484                USB_DeactivateEndpoint
 .text.USB_EPStartXfer
                0x000000000800c508      0x224 /Users/ansel/Documents/DaisyExamples/libDaisy//build/libdaisy.a(stm32h7xx_ll_usb.o)
                0x000000000800c508                USB_EPStartXfer
 .text.USB_EP0StartXfer
                0x000000000800c72c      0x130 /Users/ansel/Documents/DaisyExamples/libDaisy//build/libdaisy.a(stm32h7xx_ll_usb.o)
                0x000000000800c72c                USB_EP0StartXfer
 .text.USB_WritePacket
                0x000000000800c85c       0x2c /Users/ansel/Documents/DaisyExamples/libDaisy//build/libdaisy.a(stm32h7xx_ll_usb.o)
                0x000000000800c85c                USB_WritePacket
 .text.USB_ReadPacket
                0x000000000800c888       0x20 /Users/ansel/Documents/DaisyExamples/libDaisy//build/libdaisy.a(stm32h7xx_ll_usb.o)
                0x000000000800c888                USB_ReadPacket
 .text.USB_EPSetStall
                0x000000000800c8a8       0x68 /Users/ansel/Documents/DaisyExamples/libDaisy//build/libdaisy.a(stm32h7xx_ll_usb.o)
                0x000000000800c8a8                USB_EPSetStall
 .text.USB_EPClearStall
                0x000000000800c910       0x58 /Users/ansel/Documents/DaisyExamples/libDaisy//build/libdaisy.a(stm32h7xx_ll_usb.o)
                0x000000000800c910                USB_EPClearStall
 .text.USB_SetDevAddress
                0x000000000800c968       0x24 /Users/ansel/Documents/DaisyExamples/libDaisy//build/libdaisy.a(stm32h7xx_ll_usb.o)
                0x000000000800c968                USB_SetDevAddress
 .text.USB_DevConnect
                0x000000000800c98c       0x1c /Users/ansel/Documents/DaisyExamples/libDaisy//build/libdaisy.a(stm32h7xx_ll_usb.o)
                0x000000000800c98c                USB_DevConnect
 .text.USB_DevDisconnect
                0x000000000800c9a8       0x1c /Users/ansel/Documents/DaisyExamples/libDaisy//build/libdaisy.a(stm32h7xx_ll_usb.o)
                0x000000000800c9a8                USB_DevDisconnect
 .text.USB_ReadInterrupts
                0x000000000800c9c4       0x14 /Users/ansel/Documents/DaisyExamples/libDaisy//build/libdaisy.a(stm32h7xx_ll_usb.o)
                0x000000000800c9c4                USB_ReadInterrupts
 .text.USB_ReadDevAllOutEpInterrupt
                0x000000000800c9d8       0x1c /Users/ansel/Documents/DaisyExamples/libDaisy//build/libdaisy.a(stm32h7xx_ll_usb.o)
                0x000000000800c9d8                USB_ReadDevAllOutEpInterrupt
 .text.USB_ReadDevAllInEpInterrupt
                0x000000000800c9f4       0x1c /Users/ansel/Documents/DaisyExamples/libDaisy//build/libdaisy.a(stm32h7xx_ll_usb.o)
                0x000000000800c9f4                USB_ReadDevAllInEpInterrupt
 .text.USB_ReadDevOutEPInterrupt
                0x000000000800ca10       0x1c /Users/ansel/Documents/DaisyExamples/libDaisy//build/libdaisy.a(stm32h7xx_ll_usb.o)
                0x000000000800ca10                USB_ReadDevOutEPInterrupt
 .text.USB_ReadDevInEPInterrupt
                0x000000000800ca2c       0x38 /Users/ansel/Documents/DaisyExamples/libDaisy//build/libdaisy.a(stm32h7xx_ll_usb.o)
                0x000000000800ca2c                USB_ReadDevInEPInterrupt
 .text.USB_GetMode
                0x000000000800ca64        0x8 /Users/ansel/Documents/DaisyExamples/libDaisy//build/libdaisy.a(stm32h7xx_ll_usb.o)
                0x000000000800ca64                USB_GetMode
 .text.USB_ActivateSetup
                0x000000000800ca6c       0x38 /Users/ansel/Documents/DaisyExamples/libDaisy//build/libdaisy.a(stm32h7xx_ll_usb.o)
                0x000000000800ca6c                USB_ActivateSetup
 .text.USB_EP0_OutStart
                0x000000000800caa4       0x58 /Users/ansel/Documents/DaisyExamples/libDaisy//build/libdaisy.a(stm32h7xx_ll_usb.o)
                0x000000000800caa4                USB_EP0_OutStart
 .text.USB_InitFSLSPClkSel
                0x000000000800cafc       0x44 /Users/ansel/Documents/DaisyExamples/libDaisy//build/libdaisy.a(stm32h7xx_ll_usb.o)
                0x000000000800cafc                USB_InitFSLSPClkSel
 .text.USB_HC_ReadInterrupt
                0x000000000800cb40        0x8 /Users/ansel/Documents/DaisyExamples/libDaisy//build/libdaisy.a(stm32h7xx_ll_usb.o)
                0x000000000800cb40                USB_HC_ReadInterrupt
 .text.USB_HC_Halt
                0x000000000800cb48       0xc0 /Users/ansel/Documents/DaisyExamples/libDaisy//build/libdaisy.a(stm32h7xx_ll_usb.o)
                0x000000000800cb48                USB_HC_Halt
 .text.USB_StopHost
                0x000000000800cc08      0x2ec /Users/ansel/Documents/DaisyExamples/libDaisy//build/libdaisy.a(stm32h7xx_ll_usb.o)
                0x000000000800cc08                USB_StopHost
 .text.USBD_CDC_EP0_RxReady
                0x000000000800cef4       0x2c /Users/ansel/Documents/DaisyExamples/libDaisy//build/libdaisy.a(usbd_cdc.o)
 .text.USBD_CDC_GetFSCfgDesc
                0x000000000800cf20       0x24 /Users/ansel/Documents/DaisyExamples/libDaisy//build/libdaisy.a(usbd_cdc.o)
 .text.USBD_CDC_GetHSCfgDesc
                0x000000000800cf44       0x24 /Users/ansel/Documents/DaisyExamples/libDaisy//build/libdaisy.a(usbd_cdc.o)
 .text.USBD_CDC_GetOtherSpeedCfgDesc
                0x000000000800cf68       0x24 /Users/ansel/Documents/DaisyExamples/libDaisy//build/libdaisy.a(usbd_cdc.o)
 .text.USBD_CDC_GetDeviceQualifierDescriptor
                0x000000000800cf8c       0x10 /Users/ansel/Documents/DaisyExamples/libDaisy//build/libdaisy.a(usbd_cdc.o)
                0x000000000800cf8c                USBD_CDC_GetDeviceQualifierDescriptor
 .text.USBD_CDC_DataOut
                0x000000000800cf9c       0x30 /Users/ansel/Documents/DaisyExamples/libDaisy//build/libdaisy.a(usbd_cdc.o)
 .text.USBD_CDC_DataIn
                0x000000000800cfcc       0x4c /Users/ansel/Documents/DaisyExamples/libDaisy//build/libdaisy.a(usbd_cdc.o)
 .text.USBD_CDC_Setup
                0x000000000800d018       0xb0 /Users/ansel/Documents/DaisyExamples/libDaisy//build/libdaisy.a(usbd_cdc.o)
 .text.USBD_CDC_DeInit
                0x000000000800d0c8       0x44 /Users/ansel/Documents/DaisyExamples/libDaisy//build/libdaisy.a(usbd_cdc.o)
 .text.USBD_CDC_Init
                0x000000000800d10c       0xa0 /Users/ansel/Documents/DaisyExamples/libDaisy//build/libdaisy.a(usbd_cdc.o)
 .text.USBD_CDC_RegisterInterface
                0x000000000800d1ac       0x10 /Users/ansel/Documents/DaisyExamples/libDaisy//build/libdaisy.a(usbd_cdc.o)
                0x000000000800d1ac                USBD_CDC_RegisterInterface
 .text.USBD_CDC_SetTxBuffer
                0x000000000800d1bc       0x14 /Users/ansel/Documents/DaisyExamples/libDaisy//build/libdaisy.a(usbd_cdc.o)
                0x000000000800d1bc                USBD_CDC_SetTxBuffer
 .text.USBD_CDC_SetRxBuffer
                0x000000000800d1d0       0x10 /Users/ansel/Documents/DaisyExamples/libDaisy//build/libdaisy.a(usbd_cdc.o)
                0x000000000800d1d0                USBD_CDC_SetRxBuffer
 .text.USBD_CDC_TransmitPacket
                0x000000000800d1e0       0x34 /Users/ansel/Documents/DaisyExamples/libDaisy//build/libdaisy.a(usbd_cdc.o)
                0x000000000800d1e0                USBD_CDC_TransmitPacket
 .text.USBD_CDC_ReceivePacket
                0x000000000800d214       0x34 /Users/ansel/Documents/DaisyExamples/libDaisy//build/libdaisy.a(usbd_cdc.o)
                0x000000000800d214                USBD_CDC_ReceivePacket
 .text.USBD_Init
                0x000000000800d248       0x44 /Users/ansel/Documents/DaisyExamples/libDaisy//build/libdaisy.a(usbd_core.o)
                0x000000000800d248                USBD_Init
 .text.USBD_RegisterClass
                0x000000000800d28c       0x2c /Users/ansel/Documents/DaisyExamples/libDaisy//build/libdaisy.a(usbd_core.o)
                0x000000000800d28c                USBD_RegisterClass
 .text.USBD_Start
                0x000000000800d2b8        0xc /Users/ansel/Documents/DaisyExamples/libDaisy//build/libdaisy.a(usbd_core.o)
                0x000000000800d2b8                USBD_Start
 .text.USBD_SetClassConfig
                0x000000000800d2c4       0x1c /Users/ansel/Documents/DaisyExamples/libDaisy//build/libdaisy.a(usbd_core.o)
                0x000000000800d2c4                USBD_SetClassConfig
 .text.USBD_ClrClassConfig
                0x000000000800d2e0       0x10 /Users/ansel/Documents/DaisyExamples/libDaisy//build/libdaisy.a(usbd_core.o)
                0x000000000800d2e0                USBD_ClrClassConfig
 .text.USBD_LL_SetupStage
                0x000000000800d2f0       0x5c /Users/ansel/Documents/DaisyExamples/libDaisy//build/libdaisy.a(usbd_core.o)
                0x000000000800d2f0                USBD_LL_SetupStage
 .text.USBD_LL_DataOutStage
                0x000000000800d34c       0x74 /Users/ansel/Documents/DaisyExamples/libDaisy//build/libdaisy.a(usbd_core.o)
                0x000000000800d34c                USBD_LL_DataOutStage
 .text.USBD_LL_DataInStage
                0x000000000800d3c0       0xc4 /Users/ansel/Documents/DaisyExamples/libDaisy//build/libdaisy.a(usbd_core.o)
                0x000000000800d3c0                USBD_LL_DataInStage
 .text.USBD_LL_Reset
                0x000000000800d484       0x50 /Users/ansel/Documents/DaisyExamples/libDaisy//build/libdaisy.a(usbd_core.o)
                0x000000000800d484                USBD_LL_Reset
 .text.USBD_LL_SetSpeed
                0x000000000800d4d4        0x8 /Users/ansel/Documents/DaisyExamples/libDaisy//build/libdaisy.a(usbd_core.o)
                0x000000000800d4d4                USBD_LL_SetSpeed
 .text.USBD_LL_Suspend
                0x000000000800d4dc       0x14 /Users/ansel/Documents/DaisyExamples/libDaisy//build/libdaisy.a(usbd_core.o)
                0x000000000800d4dc                USBD_LL_Suspend
 .text.USBD_LL_Resume
                0x000000000800d4f0       0x10 /Users/ansel/Documents/DaisyExamples/libDaisy//build/libdaisy.a(usbd_core.o)
                0x000000000800d4f0                USBD_LL_Resume
 .text.USBD_LL_SOF
                0x000000000800d500       0x1c /Users/ansel/Documents/DaisyExamples/libDaisy//build/libdaisy.a(usbd_core.o)
                0x000000000800d500                USBD_LL_SOF
 .text.USBD_LL_IsoINIncomplete
                0x000000000800d51c        0x4 /Users/ansel/Documents/DaisyExamples/libDaisy//build/libdaisy.a(usbd_core.o)
                0x000000000800d51c                USBD_LL_IsoINIncomplete
 .text.USBD_LL_IsoOUTIncomplete
                0x000000000800d520        0x4 /Users/ansel/Documents/DaisyExamples/libDaisy//build/libdaisy.a(usbd_core.o)
                0x000000000800d520                USBD_LL_IsoOUTIncomplete
 .text.USBD_LL_DevConnected
                0x000000000800d524        0x4 /Users/ansel/Documents/DaisyExamples/libDaisy//build/libdaisy.a(usbd_core.o)
                0x000000000800d524                USBD_LL_DevConnected
 .text.USBD_LL_DevDisconnected
                0x000000000800d528       0x18 /Users/ansel/Documents/DaisyExamples/libDaisy//build/libdaisy.a(usbd_core.o)
                0x000000000800d528                USBD_LL_DevDisconnected
 .text.USBD_StdDevReq
                0x000000000800d540      0x300 /Users/ansel/Documents/DaisyExamples/libDaisy//build/libdaisy.a(usbd_ctlreq.o)
                0x000000000800d540                USBD_StdDevReq
 .text.USBD_StdItfReq
                0x000000000800d840       0x68 /Users/ansel/Documents/DaisyExamples/libDaisy//build/libdaisy.a(usbd_ctlreq.o)
                0x000000000800d840                USBD_StdItfReq
 .text.USBD_StdEPReq
                0x000000000800d8a8      0x138 /Users/ansel/Documents/DaisyExamples/libDaisy//build/libdaisy.a(usbd_ctlreq.o)
                0x000000000800d8a8                USBD_StdEPReq
 .text.USBD_ParseSetupRequest
                0x000000000800d9e0       0x18 /Users/ansel/Documents/DaisyExamples/libDaisy//build/libdaisy.a(usbd_ctlreq.o)
                0x000000000800d9e0                USBD_ParseSetupRequest
 .text.USBD_CtlError
                0x000000000800d9f8       0x18 /Users/ansel/Documents/DaisyExamples/libDaisy//build/libdaisy.a(usbd_ctlreq.o)
                0x000000000800d9f8                USBD_CtlError
 .text.USBD_GetString
                0x000000000800da10       0x50 /Users/ansel/Documents/DaisyExamples/libDaisy//build/libdaisy.a(usbd_ctlreq.o)
                0x000000000800da10                USBD_GetString
 .text.USBD_CtlSendData
                0x000000000800da60       0x1c /Users/ansel/Documents/DaisyExamples/libDaisy//build/libdaisy.a(usbd_ioreq.o)
                0x000000000800da60                USBD_CtlSendData
 .text.USBD_CtlContinueSendData
                0x000000000800da7c       0x14 /Users/ansel/Documents/DaisyExamples/libDaisy//build/libdaisy.a(usbd_ioreq.o)
                0x000000000800da7c                USBD_CtlContinueSendData
 .text.USBD_CtlPrepareRx
                0x000000000800da90       0x20 /Users/ansel/Documents/DaisyExamples/libDaisy//build/libdaisy.a(usbd_ioreq.o)
                0x000000000800da90                USBD_CtlPrepareRx
 .text.USBD_CtlContinueRx
                0x000000000800dab0       0x14 /Users/ansel/Documents/DaisyExamples/libDaisy//build/libdaisy.a(usbd_ioreq.o)
                0x000000000800dab0                USBD_CtlContinueRx
 .text.USBD_CtlSendStatus
                0x000000000800dac4       0x18 /Users/ansel/Documents/DaisyExamples/libDaisy//build/libdaisy.a(usbd_ioreq.o)
                0x000000000800dac4                USBD_CtlSendStatus
 .text.USBD_CtlReceiveStatus
                0x000000000800dadc       0x18 /Users/ansel/Documents/DaisyExamples/libDaisy//build/libdaisy.a(usbd_ioreq.o)
                0x000000000800dadc                USBD_CtlReceiveStatus
 .text.USBH_LL_IncTimer
                0x000000000800daf4       0x20 /Users/ansel/Documents/DaisyExamples/libDaisy//build/libdaisy.a(usbh_core.o)
                0x000000000800daf4                USBH_LL_IncTimer
 .text.USBH_LL_PortEnabled
                0x000000000800db14        0x8 /Users/ansel/Documents/DaisyExamples/libDaisy//build/libdaisy.a(usbh_core.o)
                0x000000000800db14                USBH_LL_PortEnabled
 .text.USBH_LL_PortDisabled
                0x000000000800db1c        0x8 /Users/ansel/Documents/DaisyExamples/libDaisy//build/libdaisy.a(usbh_core.o)
                0x000000000800db1c                USBH_LL_PortDisabled
 .text.USBH_LL_Connect
                0x000000000800db24       0x18 /Users/ansel/Documents/DaisyExamples/libDaisy//build/libdaisy.a(usbh_core.o)
                0x000000000800db24                USBH_LL_Connect
 .text.USBH_LL_Disconnect
                0x000000000800db3c       0x2c /Users/ansel/Documents/DaisyExamples/libDaisy//build/libdaisy.a(usbh_core.o)
                0x000000000800db3c                USBH_LL_Disconnect
 .text.USBH_FreePipe
                0x000000000800db68       0x18 /Users/ansel/Documents/DaisyExamples/libDaisy//build/libdaisy.a(usbh_pipes.o)
                0x000000000800db68                USBH_FreePipe
 .text._ZN5daisy6Random4InitEv
                0x000000000800db80       0x3c /Users/ansel/Documents/DaisyExamples/libDaisy//build/libdaisy.a(rng.o)
                0x000000000800db80                daisy::Random::Init()
 .text._ZN5daisy9SpiHandle4Impl7InitDmaEv
                0x000000000800dbbc       0xf4 /Users/ansel/Documents/DaisyExamples/libDaisy//build/libdaisy.a(spi.o)
                0x000000000800dbbc                daisy::SpiHandle::Impl::InitDma()
 .text._ZN5daisy9SpiHandle4Impl10StartDmaTxEPhjPFvPvEPFvS3_NS0_6ResultEES3_
                0x000000000800dcb0       0xbc /Users/ansel/Documents/DaisyExamples/libDaisy//build/libdaisy.a(spi.o)
                0x000000000800dcb0                daisy::SpiHandle::Impl::StartDmaTx(unsigned char*, unsigned int, void (*)(void*), void (*)(void*, daisy::SpiHandle::Result), void*)
 .text._ZN5daisy9SpiHandle4Impl10StartDmaRxEPhjPFvPvEPFvS3_NS0_6ResultEES3_
                0x000000000800dd6c       0xbc /Users/ansel/Documents/DaisyExamples/libDaisy//build/libdaisy.a(spi.o)
                0x000000000800dd6c                daisy::SpiHandle::Impl::StartDmaRx(unsigned char*, unsigned int, void (*)(void*), void (*)(void*, daisy::SpiHandle::Result), void*)
 .text._ZN5daisy9SpiHandle4Impl12StartDmaRxTxEPhS2_jPFvPvEPFvS3_NS0_6ResultEES3_
                0x000000000800de28       0xbc /Users/ansel/Documents/DaisyExamples/libDaisy//build/libdaisy.a(spi.o)