Archive member included to satisfy reference by file (symbol)

/Users/ansel/Documents/DaisyExamples/libDaisy//build/libdaisy.a(daisy_seed.o)
                              build/big_knob.o (daisy::DaisySeed::StartAudio(void (*)(float const* const*, float**, unsigned int)))
/Users/ansel/Documents/DaisyExamples/libDaisy//build/libdaisy.a(codec_ak4556.o)
                              /Users/ansel/Documents/DaisyExamples/libDaisy//build/libdaisy.a(daisy_seed.o) (daisy::Ak4556::Init(dsy_gpio_pin))
/Users/ansel/Documents/DaisyExamples/libDaisy//build/libdaisy.a(codec_wm8731.o)
                              /Users/ansel/Documents/DaisyExamples/libDaisy//build/libdaisy.a(daisy_seed.o) (daisy::Wm8731::Init(daisy::Wm8731::Config const&, daisy::I2CHandle))
/Users/ansel/Documents/DaisyExamples/libDaisy//build/libdaisy.a(sdram.o)
                              /Users/ansel/Documents/DaisyExamples/libDaisy//build/libdaisy.a(daisy_seed.o) (SdramHandle::Init())
/Users/ansel/Documents/DaisyExamples/libDaisy//build/libdaisy.a(audio.o)
                              /Users/ansel/Documents/DaisyExamples/libDaisy//build/libdaisy.a(daisy_seed.o) (daisy::AudioHandle::Init(daisy::AudioHandle::Config const&, daisy::SaiHandle))
/Users/ansel/Documents/DaisyExamples/libDaisy//build/libdaisy.a(logger.o)
                              build/big_knob.o (daisy::Logger<(daisy::LoggerDestination)1>::PrintLine(char const*, ...))
/Users/ansel/Documents/DaisyExamples/libDaisy//build/libdaisy.a(usb.o)
                              /Users/ansel/Documents/DaisyExamples/libDaisy//build/libdaisy.a(logger.o) (daisy::UsbHandle::Init(daisy::UsbHandle::UsbPeriph))
/Users/ansel/Documents/DaisyExamples/libDaisy//build/libdaisy.a(gpio.o)
                              /Users/ansel/Documents/DaisyExamples/libDaisy//build/libdaisy.a(daisy_seed.o) (dsy_gpio_init)
/Users/ansel/Documents/DaisyExamples/libDaisy//build/libdaisy.a(i2c.o)
                              /Users/ansel/Documents/DaisyExamples/libDaisy//build/libdaisy.a(daisy_seed.o) (daisy::I2CHandle::Init(daisy::I2CHandle::Config const&))
/Users/ansel/Documents/DaisyExamples/libDaisy//build/libdaisy.a(qspi.o)
                              /Users/ansel/Documents/DaisyExamples/libDaisy//build/libdaisy.a(daisy_seed.o) (daisy::QSPIHandle::Init(daisy::QSPIHandle::Config const&))
/Users/ansel/Documents/DaisyExamples/libDaisy//build/libdaisy.a(sai.o)
                              /Users/ansel/Documents/DaisyExamples/libDaisy//build/libdaisy.a(daisy_seed.o) (daisy::SaiHandle::Init(daisy::SaiHandle::Config const&))
/Users/ansel/Documents/DaisyExamples/libDaisy//build/libdaisy.a(system.o)
                              /Users/ansel/Documents/DaisyExamples/libDaisy//build/libdaisy.a(daisy_seed.o) (daisy::System::DeInit())
/Users/ansel/Documents/DaisyExamples/libDaisy//build/libdaisy.a(system_stm32h7xx.o)
                              build/startup_stm32h750xx.o (SystemInit)
/Users/ansel/Documents/DaisyExamples/libDaisy//build/libdaisy.a(usbd_cdc_if.o)
                              /Users/ansel/Documents/DaisyExamples/libDaisy//build/libdaisy.a(usb.o) (CDC_Transmit_FS)
/Users/ansel/Documents/DaisyExamples/libDaisy//build/libdaisy.a(usbd_conf.o)
                              /Users/ansel/Documents/DaisyExamples/libDaisy//build/libdaisy.a(usb.o) (hpcd_USB_OTG_FS)
/Users/ansel/Documents/DaisyExamples/libDaisy//build/libdaisy.a(usbd_desc.o)
                              /Users/ansel/Documents/DaisyExamples/libDaisy//build/libdaisy.a(usb.o) (HS_Desc)
/Users/ansel/Documents/DaisyExamples/libDaisy//build/libdaisy.a(usbh_conf.o)
                              /Users/ansel/Documents/DaisyExamples/libDaisy//build/libdaisy.a(system.o) (hhcd_USB_OTG_HS)
/Users/ansel/Documents/DaisyExamples/libDaisy//build/libdaisy.a(hal_map.o)
                              /Users/ansel/Documents/DaisyExamples/libDaisy//build/libdaisy.a(gpio.o) (dsy_hal_map_get_port)
/Users/ansel/Documents/DaisyExamples/libDaisy//build/libdaisy.a(stm32h7xx_hal.o)
                              /Users/ansel/Documents/DaisyExamples/libDaisy//build/libdaisy.a(system.o) (HAL_Init)
/Users/ansel/Documents/DaisyExamples/libDaisy//build/libdaisy.a(stm32h7xx_hal_cortex.o)
                              /Users/ansel/Documents/DaisyExamples/libDaisy//build/libdaisy.a(stm32h7xx_hal.o) (HAL_NVIC_SetPriorityGrouping)
/Users/ansel/Documents/DaisyExamples/libDaisy//build/libdaisy.a(stm32h7xx_hal_dma.o)
                              /Users/ansel/Documents/DaisyExamples/libDaisy//build/libdaisy.a(i2c.o) (HAL_DMA_Init)
/Users/ansel/Documents/DaisyExamples/libDaisy//build/libdaisy.a(stm32h7xx_hal_gpio.o)
                              /Users/ansel/Documents/DaisyExamples/libDaisy//build/libdaisy.a(sdram.o) (HAL_GPIO_Init)
/Users/ansel/Documents/DaisyExamples/libDaisy//build/libdaisy.a(stm32h7xx_hal_hcd.o)
                              /Users/ansel/Documents/DaisyExamples/libDaisy//build/libdaisy.a(usbh_conf.o) (HAL_HCD_HC_Init)
[...]
Memory Configuration

Name             Origin             Length             Attributes
FLASH            0x0000000008000000 0x0000000000020000 xr
DTCMRAM          0x0000000020000000 0x0000000000020000 xrw
SRAM             0x0000000024000000 0x0000000000080000 xrw
RAM_D2           0x0000000030000000 0x0000000000048000 xrw
RAM_D3           0x0000000038000000 0x0000000000010000 xrw
ITCMRAM          0x0000000000000000 0x0000000000010000 xrw
SDRAM            0x00000000c0000000 0x0000000004000000 xrw
QSPIFLASH        0x0000000090000000 0x0000000000800000 xr
*default*        0x0000000000000000 0xffffffffffffffff

Linker script and memory map

LOAD /Applications/ArmGNUToolchain/12.2.rel1/arm-none-eabi/bin/../lib/gcc/arm-none-eabi/12.2.1/thumb/v7e-m+dp/hard/crti.o
LOAD /Applications/ArmGNUToolchain/12.2.rel1/arm-none-eabi/bin/../lib/gcc/arm-none-eabi/12.2.1/thumb/v7e-m+dp/hard/crtbegin.o
LOAD /Applications/ArmGNUToolchain/12.2.rel1/arm-none-eabi/bin/../lib/gcc/arm-none-eabi/12.2.1/../../../../arm-none-eabi/lib/thumb/v7e-m+dp/hard/crt0.o
LOAD build/startup_stm32h750xx.o
LOAD build/big_knob.o
LOAD /Users/ansel/Documents/DaisyExamples/libDaisy//build/libdaisy.a
LOAD /Applications/ArmGNUToolchain/12.2.rel1/arm-none-eabi/bin/../lib/gcc/arm-none-eabi/12.2.1/../../../../arm-none-eabi/lib/thumb/v7e-m+dp/hard/libnosys.a
LOAD /Users/ansel/Documents/DaisyExamples/DaisySP//build/libdaisysp.a
LOAD /Applications/ArmGNUToolchain/12.2.rel1/arm-none-eabi/bin/../lib/gcc/arm-none-eabi/12.2.1/../../../../arm-none-eabi/lib/thumb/v7e-m+dp/hard/libstdc++_nano.a
LOAD /Applications/ArmGNUToolchain/12.2.rel1/arm-none-eabi/bin/../lib/gcc/arm-none-eabi/12.2.1/../../../../arm-none-eabi/lib/thumb/v7e-m+dp/hard/libm.a
LOAD /Applications/ArmGNUToolchain/12.2.rel1/arm-none-eabi/bin/../lib/gcc/arm-none-eabi/12.2.1/../../../../arm-none-eabi/lib/thumb/v7e-m+dp/hard/libc_nano.a
START GROUP
LOAD /Applications/ArmGNUToolchain/12.2.rel1/arm-none-eabi/bin/../lib/gcc/arm-none-eabi/12.2.1/thumb/v7e-m+dp/hard/libgcc.a
LOAD /Applications/ArmGNUToolchain/12.2.rel1/arm-none-eabi/bin/../lib/gcc/arm-none-eabi/12.2.1/../../../../arm-none-eabi/lib/thumb/v7e-m+dp/hard/libc_nano.a
END GROUP
START GROUP
LOAD /Applications/ArmGNUToolchain/12.2.rel1/arm-none-eabi/bin/../lib/gcc/arm-none-eabi/12.2.1/thumb/v7e-m+dp/hard/libgcc.a
LOAD /Applications/ArmGNUToolchain/12.2.rel1/arm-none-eabi/bin/../lib/gcc/arm-none-eabi/12.2.1/../../../../arm-none-eabi/lib/thumb/v7e-m+dp/hard/libc_nano.a
LOAD /Applications/ArmGNUToolchain/12.2.rel1/arm-none-eabi/bin/../lib/gcc/arm-none-eabi/12.2.1/../../../../arm-none-eabi/lib/thumb/v7e-m+dp/hard/libnosys.a
END GROUP
START GROUP
LOAD /Applications/ArmGNUToolchain/12.2.rel1/arm-none-eabi/bin/../lib/gcc/arm-none-eabi/12.2.1/thumb/v7e-m+dp/hard/libgcc.a
LOAD /Applications/ArmGNUToolchain/12.2.rel1/arm-none-eabi/bin/../lib/gcc/arm-none-eabi/12.2.1/../../../../arm-none-eabi/lib/thumb/v7e-m+dp/hard/libc_nano.a
LOAD /Applications/ArmGNUToolchain/12.2.rel1/arm-none-eabi/bin/../lib/gcc/arm-none-eabi/12.2.1/../../../../arm-none-eabi/lib/thumb/v7e-m+dp/hard/libnosys.a
END GROUP
LOAD /Applications/ArmGNUToolchain/12.2.rel1/arm-none-eabi/bin/../lib/gcc/arm-none-eabi/12.2.1/thumb/v7e-m+dp/hard/crtend.o
LOAD /Applications/ArmGNUToolchain/12.2.rel1/arm-none-eabi/bin/../lib/gcc/arm-none-eabi/12.2.1/thumb/v7e-m+dp/hard/crtn.o
                0x0000000020020000                _estack = 0x20020000

.isr_vector     0x0000000008000000      0x298
                0x0000000008000000                . = ALIGN (0x4)
 *(.isr_vector)
 .isr_vector    0x0000000008000000      0x298 build/startup_stm32h750xx.o
                0x0000000008000000                g_pfnVectors
                0x0000000008000298                . = ALIGN (0x4)

.text           0x00000000080002a0    0x12d78
                0x00000000080002a0                . = ALIGN (0x4)
                0x00000000080002a0                _stext = .
 *(.text)
 .text          0x00000000080002a0       0xa0 /Applications/ArmGNUToolchain/12.2.rel1/arm-none-eabi/bin/../lib/gcc/arm-none-eabi/12.2.1/../../../../arm-none-eabi/lib/thumb/v7e-m+dp/hard/libc_nano.a(libc_a-memchr.o)
                0x00000000080002a0                memchr
 .text          0x0000000008000340       0x10 /Applications/ArmGNUToolchain/12.2.rel1/arm-none-eabi/bin/../lib/gcc/arm-none-eabi/12.2.1/../../../../arm-none-eabi/lib/thumb/v7e-m+dp/hard/libc_nano.a(libc_a-strlen.o)
                0x0000000008000340                strlen
 .text          0x0000000008000350       0x30 /Applications/ArmGNUToolchain/12.2.rel1/arm-none-eabi/bin/../lib/gcc/arm-none-eabi/12.2.1/thumb/v7e-m+dp/hard/libgcc.a(_aeabi_uldivmod.o)
                0x0000000008000350                __aeabi_uldivmod
 .text          0x0000000008000380        0x4 /Applications/ArmGNUToolchain/12.2.rel1/arm-none-eabi/bin/../lib/gcc/arm-none-eabi/12.2.1/thumb/v7e-m+dp/hard/libgcc.a(_dvmd_tls.o)
                0x0000000008000380                __aeabi_ldiv0
                0x0000000008000380                __aeabi_idiv0
 *(.text*)
 .text.deregister_tm_clones
                0x0000000008000384       0x1c /Applications/ArmGNUToolchain/12.2.rel1/arm-none-eabi/bin/../lib/gcc/arm-none-eabi/12.2.1/thumb/v7e-m+dp/hard/crtbegin.o
 .text.register_tm_clones
                0x00000000080003a0       0x24 /Applications/ArmGNUToolchain/12.2.rel1/arm-none-eabi/bin/../lib/gcc/arm-none-eabi/12.2.1/thumb/v7e-m+dp/hard/crtbegin.o
 .text.__do_global_dtors_aux
                0x00000000080003c4       0x28 /Applications/ArmGNUToolchain/12.2.rel1/arm-none-eabi/bin/../lib/gcc/arm-none-eabi/12.2.1/thumb/v7e-m+dp/hard/crtbegin.o
 .text.frame_dummy
                0x00000000080003ec       0x24 /Applications/ArmGNUToolchain/12.2.rel1/arm-none-eabi/bin/../lib/gcc/arm-none-eabi/12.2.1/thumb/v7e-m+dp/hard/crtbegin.o
 .text.Default_Handler
                0x0000000008000410        0x4 build/startup_stm32h750xx.o
                0x0000000008000410                SAI1_IRQHandler
                0x0000000008000410                HASH_RNG_IRQHandler
                0x0000000008000410                EXTI2_IRQHandler
                0x0000000008000410                TIM8_CC_IRQHandler
                0x0000000008000410                HRTIM1_Master_IRQHandler
                0x0000000008000410                DebugMon_Handler
                0x0000000008000410                TIM1_CC_IRQHandler
                0x0000000008000410                BDMA_Channel6_IRQHandler
                0x0000000008000410                DMA2_Stream5_IRQHandler
                0x0000000008000410                HRTIM1_FLT_IRQHandler
                0x0000000008000410                JPEG_IRQHandler
                0x0000000008000410                BDMA_Channel1_IRQHandler
                0x0000000008000410                HRTIM1_TIMD_IRQHandler
                0x0000000008000410                TAMP_STAMP_IRQHandler
                0x0000000008000410                PendSV_Handler
                0x0000000008000410                NMI_Handler
                0x0000000008000410                EXTI3_IRQHandler
                0x0000000008000410                LPTIM4_IRQHandler
                0x0000000008000410                TIM8_TRG_COM_TIM14_IRQHandler
                0x0000000008000410                LPTIM2_IRQHandler
                0x0000000008000410                DFSDM1_FLT1_IRQHandler
                0x0000000008000410                DMAMUX2_OVR_IRQHandler
                0x0000000008000410                TIM8_UP_TIM13_IRQHandler
                0x0000000008000410                I2C3_ER_IRQHandler
                0x0000000008000410                DFSDM1_FLT2_IRQHandler
                0x0000000008000410                MDMA_IRQHandler
                0x0000000008000410                LPTIM3_IRQHandler
                0x0000000008000410                HSEM1_IRQHandler
                0x0000000008000410                EXTI0_IRQHandler
                0x0000000008000410                DMA1_Stream2_IRQHandler
                0x0000000008000410                FPU_IRQHandler
                0x0000000008000410                OTG_HS_WKUP_IRQHandler
                0x0000000008000410                FDCAN1_IT1_IRQHandler
                0x0000000008000410                UsageFault_Handler
                0x0000000008000410                LTDC_ER_IRQHandler
                0x0000000008000410                HRTIM1_TIME_IRQHandler
                0x0000000008000410                TIM6_DAC_IRQHandler
                0x0000000008000410                DCMI_IRQHandler
                0x0000000008000410                HRTIM1_TIMC_IRQHandler
                0x0000000008000410                SAI2_IRQHandler
                0x0000000008000410                DFSDM1_FLT3_IRQHandler
                0x0000000008000410                TIM17_IRQHandler
                0x0000000008000410                CRYP_IRQHandler
                0x0000000008000410                BDMA_Channel7_IRQHandler
                0x0000000008000410                LPTIM5_IRQHandler
                0x0000000008000410                ADC3_IRQHandler
                0x0000000008000410                DMA2_Stream0_IRQHandler
                0x0000000008000410                BDMA_Channel2_IRQHandler
                0x0000000008000410                DMAMUX1_OVR_IRQHandler
                0x0000000008000410                TIM16_IRQHandler
                0x0000000008000410                BDMA_Channel5_IRQHandler
                0x0000000008000410                RCC_IRQHandler
                0x0000000008000410                TIM8_BRK_TIM12_IRQHandler
                0x0000000008000410                TIM1_TRG_COM_IRQHandler
                0x0000000008000410                Default_Handler
                0x0000000008000410                ECC_IRQHandler
                0x0000000008000410                CEC_IRQHandler
                0x0000000008000410                EXTI15_10_IRQHandler
                0x0000000008000410                BDMA_Channel0_IRQHandler
                0x0000000008000410                ADC_IRQHandler
                0x0000000008000410                DMA1_Stream7_IRQHandler
                0x0000000008000410                HRTIM1_TIMA_IRQHandler
                0x0000000008000410                TIM7_IRQHandler
                0x0000000008000410                SDMMC1_IRQHandler
                0x0000000008000410                DMA2_Stream7_IRQHandler
                0x0000000008000410                TIM15_IRQHandler
                0x0000000008000410                PVD_AVD_IRQHandler
                0x0000000008000410                EXTI9_5_IRQHandler
                0x0000000008000410                RTC_WKUP_IRQHandler
                0x0000000008000410                LTDC_IRQHandler
                0x0000000008000410                SAI3_IRQHandler
                0x0000000008000410                ETH_WKUP_IRQHandler
                0x0000000008000410                SPDIF_RX_IRQHandler
                0x0000000008000410                MemManage_Handler
                0x0000000008000410                SVC_Handler
                0x0000000008000410                CRS_IRQHandler
                0x0000000008000410                EXTI4_IRQHandler
                0x0000000008000410                HRTIM1_TIMB_IRQHandler
                0x0000000008000410                FDCAN2_IT1_IRQHandler
                0x0000000008000410                ETH_IRQHandler
                0x0000000008000410                TIM1_UP_IRQHandler
                0x0000000008000410                BDMA_Channel4_IRQHandler
                0x0000000008000410                WWDG_IRQHandler
                0x0000000008000410                SPI6_IRQHandler
                0x0000000008000410                I2C4_EV_IRQHandler
                0x0000000008000410                MDIOS_IRQHandler
                0x0000000008000410                FDCAN2_IT0_IRQHandler
                0x0000000008000410                FDCAN1_IT0_IRQHandler
                0x0000000008000410                OTG_FS_WKUP_IRQHandler
                0x0000000008000410                DMA2D_IRQHandler
                0x0000000008000410                TIM1_BRK_IRQHandler
                0x0000000008000410                EXTI1_IRQHandler
                0x0000000008000410                SDMMC2_IRQHandler
                0x0000000008000410                BDMA_Channel3_IRQHandler
                0x0000000008000410                MDIOS_WKUP_IRQHandler
                0x0000000008000410                DFSDM1_FLT0_IRQHandler
                0x0000000008000410                SAI4_IRQHandler
                0x0000000008000410                I2C2_ER_IRQHandler
                0x0000000008000410                DMA2_Stream1_IRQHandler
                0x0000000008000410                FLASH_IRQHandler
                0x0000000008000410                BusFault_Handler
                0x0000000008000410                WAKEUP_PIN_IRQHandler
                0x0000000008000410                I2C1_ER_IRQHandler
                0x0000000008000410                FMC_IRQHandler
                0x0000000008000410                FDCAN_CAL_IRQHandler
                0x0000000008000410                SWPMI1_IRQHandler
                0x0000000008000410                COMP1_IRQHandler
                0x0000000008000410                LPTIM1_IRQHandler
                0x0000000008000410                I2C4_ER_IRQHandler
                0x0000000008000410                DMA2_Stream6_IRQHandler
                0x0000000008000410                RTC_Alarm_IRQHandler
 .text.Reset_Handler
                0x0000000008000414       0x44 build/startup_stm32h750xx.o
                0x0000000008000414                Reset_Handler
 .text._ZN5daisy9DaisySeedD2Ev
                0x0000000008000458        0x4 build/big_knob.o
                0x0000000008000458                daisy::DaisySeed::~DaisySeed()
                0x0000000008000458                daisy::DaisySeed::~DaisySeed()
 .text._Z13AudioCallbackPKPKfPPfj
                0x000000000800045c       0x2c build/big_knob.o
                0x000000000800045c                AudioCallback(float const* const*, float**, unsigned int)
 .text.startup.main
                0x0000000008000488       0x3c build/big_knob.o
                0x0000000008000488                main
 .text.startup._GLOBAL__sub_I_hw
                0x00000000080004c4       0x20 build/big_knob.o
 .text._ZN5daisy9DaisySeed10StartAudioEPFvPKPKfPPfjE
                0x00000000080004e4        0x8 /Users/ansel/Documents/DaisyExamples/libDaisy//build/libdaisy.a(daisy_seed.o)
                0x00000000080004e4                daisy::DaisySeed::StartAudio(void (*)(float const* const*, float**, unsigned int))
 .text._ZN5daisy9DaisySeed18SetAudioSampleRateENS_9SaiHandle6Config10SampleRateE
                0x00000000080004ec       0x38 /Users/ansel/Documents/DaisyExamples/libDaisy//build/libdaisy.a(daisy_seed.o)
                0x00000000080004ec                daisy::DaisySeed::SetAudioSampleRate(daisy::SaiHandle::Config::SampleRate)
 .text._ZN5daisy9DaisySeed17SetAudioBlockSizeEj
                0x0000000008000524       0x38 /Users/ansel/Documents/DaisyExamples/libDaisy//build/libdaisy.a(daisy_seed.o)
                0x0000000008000524                daisy::DaisySeed::SetAudioBlockSize(unsigned int)
 .text._ZN5daisy9DaisySeed14ConfigureAudioEv
                0x000000000800055c       0xd0 /Users/ansel/Documents/DaisyExamples/libDaisy//build/libdaisy.a(daisy_seed.o)
                0x000000000800055c                daisy::DaisySeed::ConfigureAudio()
 .text._ZN5daisy9DaisySeed4InitEb
                0x000000000800062c       0xd0 /Users/ansel/Documents/DaisyExamples/libDaisy//build/libdaisy.a(daisy_seed.o)
                0x000000000800062c                daisy::DaisySeed::Init(bool)
 .text._ZN5daisy6Ak45564InitE12dsy_gpio_pin
                0x00000000080006fc       0x40 /Users/ansel/Documents/DaisyExamples/libDaisy//build/libdaisy.a(codec_ak4556.o)
                0x00000000080006fc                daisy::Ak4556::Init(dsy_gpio_pin)
 .text._ZN5daisy6Wm873120WriteControlRegisterEht
                0x000000000800073c       0x3c /Users/ansel/Documents/DaisyExamples/libDaisy//build/libdaisy.a(codec_wm8731.o)
                0x000000000800073c                daisy::Wm8731::WriteControlRegister(unsigned char, unsigned short)
 .text._ZN5daisy6Wm87314InitERKNS0_6ConfigENS_9I2CHandleE
                0x0000000008000778      0x1b8 /Users/ansel/Documents/DaisyExamples/libDaisy//build/libdaisy.a(codec_wm8731.o)
                0x0000000008000778                daisy::Wm8731::Init(daisy::Wm8731::Config const&, daisy::I2CHandle)
 .text._ZN11SdramHandle10DeviceInitEv
                0x0000000008000930       0x8c /Users/ansel/Documents/DaisyExamples/libDaisy//build/libdaisy.a(sdram.o)
                0x0000000008000930                SdramHandle::DeviceInit()
 *fill*         0x00000000080009bc        0x4 
 .text._ZN11SdramHandle4InitEv
                0x00000000080009c0       0x88 /Users/ansel/Documents/DaisyExamples/libDaisy//build/libdaisy.a(sdram.o)
                0x00000000080009c0                SdramHandle::Init()
 .text.HAL_SDRAM_MspInit
                0x0000000008000a48      0x19c /Users/ansel/Documents/DaisyExamples/libDaisy//build/libdaisy.a(sdram.o)
                0x0000000008000a48                HAL_SDRAM_MspInit
 .text._ZN5daisy11AudioHandle4Impl16InternalCallbackEPlS2_j
                0x0000000008000be4      0xbb4 /Users/ansel/Documents/DaisyExamples/libDaisy//build/libdaisy.a(audio.o)
                0x0000000008000be4                daisy::AudioHandle::Impl::InternalCallback(long*, long*, unsigned int)
 .text._ZN5daisy11AudioHandle4InitERKNS0_6ConfigENS_9SaiHandleE
                0x0000000008001798       0x70 /Users/ansel/Documents/DaisyExamples/libDaisy//build/libdaisy.a(audio.o)
                0x0000000008001798                daisy::AudioHandle::Init(daisy::AudioHandle::Config const&, daisy::SaiHandle)
 .text._ZNK5daisy11AudioHandle9GetConfigEv
                0x0000000008001808        0x8 /Users/ansel/Documents/DaisyExamples/libDaisy//build/libdaisy.a(audio.o)
                0x0000000008001808                daisy::AudioHandle::GetConfig() const
 .text._ZN5daisy11AudioHandle12SetBlockSizeEj
                0x0000000008001810       0x1c /Users/ansel/Documents/DaisyExamples/libDaisy//build/libdaisy.a(audio.o)
                0x0000000008001810                daisy::AudioHandle::SetBlockSize(unsigned int)
 .text._ZN5daisy11AudioHandle13GetSampleRateEv
                0x000000000800182c        0x8 /Users/ansel/Documents/DaisyExamples/libDaisy//build/libdaisy.a(audio.o)
                0x000000000800182c                daisy::AudioHandle::GetSampleRate()
 .text._ZN5daisy11AudioHandle13SetSampleRateENS_9SaiHandle6Config10SampleRateE
                0x0000000008001834       0x84 /Users/ansel/Documents/DaisyExamples/libDaisy//build/libdaisy.a(audio.o)
                0x0000000008001834                daisy::AudioHandle::SetSampleRate(daisy::SaiHandle::Config::SampleRate)
 .text._ZN5daisy11AudioHandle5StartEPFvPKPKfPPfjE
                0x00000000080018b8       0x44 /Users/ansel/Documents/DaisyExamples/libDaisy//build/libdaisy.a(audio.o)
                0x00000000080018b8                daisy::AudioHandle::Start(void (*)(float const* const*, float**, unsigned int))
 .text.startup._GLOBAL__sub_I__ZN5daisy11AudioHandle4Impl4InitENS0_6ConfigENS_9SaiHandleE
                0x00000000080018fc       0x20 /Users/ansel/Documents/DaisyExamples/libDaisy//build/libdaisy.a(audio.o)
 .text._ZN5daisy9UsbHandleD2Ev
                0x000000000800191c        0x4 /Users/ansel/Documents/DaisyExamples/libDaisy//build/libdaisy.a(logger.o)
                0x000000000800191c                daisy::UsbHandle::~UsbHandle()
                0x000000000800191c                daisy::UsbHandle::~UsbHandle()
 .text._ZN5daisy6LoggerILNS_17LoggerDestinationE1EE9PrintLineEPKcz
                0x0000000008001920       0xc8 /Users/ansel/Documents/DaisyExamples/libDaisy//build/libdaisy.a(logger.o)
                0x0000000008001920                daisy::Logger<(daisy::LoggerDestination)1>::PrintLine(char const*, ...)
 .text._ZN5daisy6LoggerILNS_17LoggerDestinationE1EE8StartLogEb
                0x00000000080019e8       0x38 /Users/ansel/Documents/DaisyExamples/libDaisy//build/libdaisy.a(logger.o)
                0x00000000080019e8                daisy::Logger<(daisy::LoggerDestination)1>::StartLog(bool)
 .text.startup._GLOBAL__sub_I__ZN5daisy10LoggerImplILNS_17LoggerDestinationE1EE11usb_handle_E
                0x0000000008001a20       0x30 /Users/ansel/Documents/DaisyExamples/libDaisy//build/libdaisy.a(logger.o)
 .text.DummyRxCallback
                0x0000000008001a50        0x4 /Users/ansel/Documents/DaisyExamples/libDaisy//build/libdaisy.a(usb.o)
                0x0000000008001a50                DummyRxCallback
 .text._ZN5daisy9UsbHandle4InitENS0_9UsbPeriphE
                0x0000000008001a54      0x10c /Users/ansel/Documents/DaisyExamples/libDaisy//build/libdaisy.a(usb.o)
                0x0000000008001a54                daisy::UsbHandle::Init(daisy::UsbHandle::UsbPeriph)
 .text._ZN5daisy9UsbHandle16TransmitInternalEPhj
                0x0000000008001b60       0x14 /Users/ansel/Documents/DaisyExamples/libDaisy//build/libdaisy.a(usb.o)
                0x0000000008001b60                daisy::UsbHandle::TransmitInternal(unsigned char*, unsigned int)
 .text.OTG_FS_EP1_OUT_IRQHandler
                0x0000000008001b74        0xc /Users/ansel/Documents/DaisyExamples/libDaisy//build/libdaisy.a(usb.o)
                0x0000000008001b74                OTG_FS_EP1_OUT_IRQHandler
 .text.OTG_FS_EP1_IN_IRQHandler
                0x0000000008001b80        0xc /Users/ansel/Documents/DaisyExamples/libDaisy//build/libdaisy.a(usb.o)
                0x0000000008001b80                OTG_FS_EP1_IN_IRQHandler
 .text.OTG_FS_IRQHandler
                0x0000000008001b8c        0xc /Users/ansel/Documents/DaisyExamples/libDaisy//build/libdaisy.a(usb.o)
                0x0000000008001b8c                OTG_FS_IRQHandler
 .text.dsy_gpio_init
                0x0000000008001b98      0x1bc /Users/ansel/Documents/DaisyExamples/libDaisy//build/libdaisy.a(gpio.o)
                0x0000000008001b98                dsy_gpio_init
 .text.dsy_gpio_read
                0x0000000008001d54       0x1c /Users/ansel/Documents/DaisyExamples/libDaisy//build/libdaisy.a(gpio.o)
                0x0000000008001d54                dsy_gpio_read
 .text.dsy_gpio_write
                0x0000000008001d70       0x24 /Users/ansel/Documents/DaisyExamples/libDaisy//build/libdaisy.a(gpio.o)
                0x0000000008001d70                dsy_gpio_write
 .text._ZN5daisy9I2CHandle4Impl8InitPinsEv
                0x0000000008001d94       0x58 /Users/ansel/Documents/DaisyExamples/libDaisy//build/libdaisy.a(i2c.o)
                0x0000000008001d94                daisy::I2CHandle::Impl::InitPins()
 .text.HAL_I2C_MspInit
                0x0000000008001dec      0x1b4 /Users/ansel/Documents/DaisyExamples/libDaisy//build/libdaisy.a(i2c.o)
                0x0000000008001dec                HAL_I2C_MspInit
 .text.dsy_i2c_global_init
                0x0000000008001fa0       0x70 /Users/ansel/Documents/DaisyExamples/libDaisy//build/libdaisy.a(i2c.o)
                0x0000000008001fa0                dsy_i2c_global_init
 .text.DMA1_Stream6_IRQHandler
                0x0000000008002010       0x30 /Users/ansel/Documents/DaisyExamples/libDaisy//build/libdaisy.a(i2c.o)
                0x0000000008002010                DMA1_Stream6_IRQHandler
 .text.I2C1_EV_IRQHandler
                0x0000000008002040        0xc /Users/ansel/Documents/DaisyExamples/libDaisy//build/libdaisy.a(i2c.o)
                0x0000000008002040                I2C1_EV_IRQHandler
 .text.I2C2_EV_IRQHandler
                0x000000000800204c        0xc /Users/ansel/Documents/DaisyExamples/libDaisy//build/libdaisy.a(i2c.o)
                0x000000000800204c                I2C2_EV_IRQHandler
 .text.I2C3_EV_IRQHandler
                0x0000000008002058        0xc /Users/ansel/Documents/DaisyExamples/libDaisy//build/libdaisy.a(i2c.o)
                0x0000000008002058                I2C3_EV_IRQHandler
 .text._ZN5daisy9I2CHandle4InitERKNS0_6ConfigE
                0x0000000008002064      0x128 /Users/ansel/Documents/DaisyExamples/libDaisy//build/libdaisy.a(i2c.o)
                0x0000000008002064                daisy::I2CHandle::Init(daisy::I2CHandle::Config const&)
 .text._ZN5daisy9I2CHandle16TransmitBlockingEtPhtm
                0x000000000800218c       0x50 /Users/ansel/Documents/DaisyExamples/libDaisy//build/libdaisy.a(i2c.o)
                0x000000000800218c                daisy::I2CHandle::TransmitBlocking(unsigned short, unsigned char*, unsigned short, unsigned long)
 .text.startup._GLOBAL__sub_I__ZN5daisy9I2CHandle4Impl10GlobalInitEv
                0x00000000080021dc       0x18 /Users/ansel/Documents/DaisyExamples/libDaisy//build/libdaisy.a(i2c.o)
 .text._ZN5daisy10QSPIHandle4Impl11WriteEnableEv
                0x00000000080021f4       0x84 /Users/ansel/Documents/DaisyExamples/libDaisy//build/libdaisy.a(qspi.o)
                0x00000000080021f4                daisy::QSPIHandle::Impl::WriteEnable()
 .text._ZN5daisy10QSPIHandle4Impl17DummyCyclesConfigENS0_6Config6DeviceE
                0x0000000008002278      0x100 /Users/ansel/Documents/DaisyExamples/libDaisy//build/libdaisy.a(qspi.o)
                0x0000000008002278                daisy::QSPIHandle::Impl::DummyCyclesConfig(daisy::QSPIHandle::Config::Device)
 .text._ZN5daisy10QSPIHandle4Impl10QuadEnableEv
                0x0000000008002378      0x130 /Users/ansel/Documents/DaisyExamples/libDaisy//build/libdaisy.a(qspi.o)
                0x0000000008002378                daisy::QSPIHandle::Impl::QuadEnable()
 .text._ZN5daisy10QSPIHandle4InitERKNS0_6ConfigE
                0x00000000080024a8      0x178 /Users/ansel/Documents/DaisyExamples/libDaisy//build/libdaisy.a(qspi.o)
                0x00000000080024a8                daisy::QSPIHandle::Init(daisy::QSPIHandle::Config const&)
 .text.HAL_QSPI_MspInit
                0x0000000008002620      0x11c /Users/ansel/Documents/DaisyExamples/libDaisy//build/libdaisy.a(qspi.o)
                0x0000000008002620                HAL_QSPI_MspInit
 .text.HAL_QSPI_MspDeInit
                0x000000000800273c       0x54 /Users/ansel/Documents/DaisyExamples/libDaisy//build/libdaisy.a(qspi.o)
                0x000000000800273c                HAL_QSPI_MspDeInit
 .text.QUADSPI_IRQHandler
                0x0000000008002790        0xc /Users/ansel/Documents/DaisyExamples/libDaisy//build/libdaisy.a(qspi.o)
                0x0000000008002790                QUADSPI_IRQHandler
 .text.startup._GLOBAL__sub_I__ZN5daisy10QSPIHandle4Impl4InitERKNS0_6ConfigE
                0x000000000800279c       0x28 /Users/ansel/Documents/DaisyExamples/libDaisy//build/libdaisy.a(qspi.o)
 .text._ZN5daisy9SaiHandle4Impl8InitPinsEv
                0x00000000080027c4       0xac /Users/ansel/Documents/DaisyExamples/libDaisy//build/libdaisy.a(sai.o)
                0x00000000080027c4                daisy::SaiHandle::Impl::InitPins()
 .text.HAL_SAI_MspInit
                0x0000000008002870      0x2b0 /Users/ansel/Documents/DaisyExamples/libDaisy//build/libdaisy.a(sai.o)
                0x0000000008002870                HAL_SAI_MspInit
 .text.DMA1_Stream0_IRQHandler
                0x0000000008002b20        0xc /Users/ansel/Documents/DaisyExamples/libDaisy//build/libdaisy.a(sai.o)
                0x0000000008002b20                DMA1_Stream0_IRQHandler
 .text.DMA1_Stream1_IRQHandler
                0x0000000008002b2c        0xc /Users/ansel/Documents/DaisyExamples/libDaisy//build/libdaisy.a(sai.o)
                0x0000000008002b2c                DMA1_Stream1_IRQHandler
 .text.DMA1_Stream3_IRQHandler
                0x0000000008002b38        0xc /Users/ansel/Documents/DaisyExamples/libDaisy//build/libdaisy.a(sai.o)
                0x0000000008002b38                DMA1_Stream3_IRQHandler
 .text.DMA1_Stream4_IRQHandler
                0x0000000008002b44        0xc /Users/ansel/Documents/DaisyExamples/libDaisy//build/libdaisy.a(sai.o)
                0x0000000008002b44                DMA1_Stream4_IRQHandler
 .text.HAL_SAI_RxHalfCpltCallback
                0x0000000008002b50       0x78 /Users/ansel/Documents/DaisyExamples/libDaisy//build/libdaisy.a(sai.o)
                0x0000000008002b50                HAL_SAI_RxHalfCpltCallback
 .text.HAL_SAI_RxCpltCallback
                0x0000000008002bc8       0x70 /Users/ansel/Documents/DaisyExamples/libDaisy//build/libdaisy.a(sai.o)
                0x0000000008002bc8                HAL_SAI_RxCpltCallback
 .text._ZN5daisy9SaiHandle4InitERKNS0_6ConfigE
                0x0000000008002c38      0x204 /Users/ansel/Documents/DaisyExamples/libDaisy//build/libdaisy.a(sai.o)
                0x0000000008002c38                daisy::SaiHandle::Init(daisy::SaiHandle::Config const&)
 .text._ZNK5daisy9SaiHandle9GetConfigEv
                0x0000000008002e3c        0x4 /Users/ansel/Documents/DaisyExamples/libDaisy//build/libdaisy.a(sai.o)
                0x0000000008002e3c                daisy::SaiHandle::GetConfig() const
 .text._ZN5daisy9SaiHandle8StartDmaEPlS1_jPFvS1_S1_jE
                0x0000000008002e40       0xb0 /Users/ansel/Documents/DaisyExamples/libDaisy//build/libdaisy.a(sai.o)
                0x0000000008002e40                daisy::SaiHandle::StartDma(long*, long*, unsigned int, void (*)(long*, long*, unsigned int))
 .text._ZN5daisy9SaiHandle13GetSampleRateEv
                0x0000000008002ef0       0x24 /Users/ansel/Documents/DaisyExamples/libDaisy//build/libdaisy.a(sai.o)
                0x0000000008002ef0                daisy::SaiHandle::GetSampleRate()
 .text._ZNK5daisy9SaiHandle9GetOffsetEv
                0x0000000008002f14        0x8 /Users/ansel/Documents/DaisyExamples/libDaisy//build/libdaisy.a(sai.o)
                0x0000000008002f14                daisy::SaiHandle::GetOffset() const
 .text._ZN5daisy11TimerHandleD2Ev
                0x0000000008002f1c        0x4 /Users/ansel/Documents/DaisyExamples/libDaisy//build/libdaisy.a(system.o)
                0x0000000008002f1c                daisy::TimerHandle::~TimerHandle()
                0x0000000008002f1c                daisy::TimerHandle::~TimerHandle()
 .text.SysTick_Handler
                0x0000000008002f20       0x10 /Users/ansel/Documents/DaisyExamples/libDaisy//build/libdaisy.a(system.o)
                0x0000000008002f20                SysTick_Handler
 .text.OTG_HS_EP1_OUT_IRQHandler
                0x0000000008002f30       0x24 /Users/ansel/Documents/DaisyExamples/libDaisy//build/libdaisy.a(system.o)
                0x0000000008002f30                OTG_HS_EP1_OUT_IRQHandler
 .text.OTG_HS_EP1_IN_IRQHandler
                0x0000000008002f54       0x24 /Users/ansel/Documents/DaisyExamples/libDaisy//build/libdaisy.a(system.o)
                0x0000000008002f54                OTG_HS_EP1_IN_IRQHandler
 .text.OTG_HS_IRQHandler
                0x0000000008002f78       0x24 /Users/ansel/Documents/DaisyExamples/libDaisy//build/libdaisy.a(system.o)
                0x0000000008002f78                OTG_HS_IRQHandler
 .text.HardFault_Handler
                0x0000000008002f9c       0xe0 /Users/ansel/Documents/DaisyExamples/libDaisy//build/libdaisy.a(system.o)
                0x0000000008002f9c                HardFault_Handler
 .text._ZN5daisy6System5DelayEm
                0x000000000800307c        0x4 /Users/ansel/Documents/DaisyExamples/libDaisy//build/libdaisy.a(system.o)
                0x000000000800307c                daisy::System::Delay(unsigned long)
 .text._ZN5daisy6System15ConfigureClocksEv
                0x0000000008003080      0x188 /Users/ansel/Documents/DaisyExamples/libDaisy//build/libdaisy.a(system.o)
                0x0000000008003080                daisy::System::ConfigureClocks()
 .text._ZN5daisy6System4InitERKNS0_6ConfigE
                0x0000000008003208      0x13c /Users/ansel/Documents/DaisyExamples/libDaisy//build/libdaisy.a(system.o)
                0x0000000008003208                daisy::System::Init(daisy::System::Config const&)
 .text._ZN5daisy6System12GetPClk1FreqEv
                0x0000000008003344        0x4 /Users/ansel/Documents/DaisyExamples/libDaisy//build/libdaisy.a(system.o)
                0x0000000008003344                daisy::System::GetPClk1Freq()
 .text._ZN5daisy6System22GetProgramMemoryRegionEv
                0x0000000008003348       0x78 /Users/ansel/Documents/DaisyExamples/libDaisy//build/libdaisy.a(system.o)
                0x0000000008003348                daisy::System::GetProgramMemoryRegion()
 .text.startup._GLOBAL__sub_I_SysTick_Handler
                0x00000000080033c0       0x1c /Users/ansel/Documents/DaisyExamples/libDaisy//build/libdaisy.a(system.o)
 .text.SystemInit
                0x00000000080033dc       0x9c /Users/ansel/Documents/DaisyExamples/libDaisy//build/libdaisy.a(system_stm32h7xx.o)
                0x00000000080033dc                SystemInit
 .text.dummy_rx_callback
                0x0000000008003478        0x4 /Users/ansel/Documents/DaisyExamples/libDaisy//build/libdaisy.a(usbd_cdc_if.o)
                0x0000000008003478                dummy_rx_callback
 .text.CDC_DeInit_FS
                0x000000000800347c        0x4 /Users/ansel/Documents/DaisyExamples/libDaisy//build/libdaisy.a(usbd_cdc_if.o)
 .text.CDC_Receive_FS
                0x0000000008003480       0x2c /Users/ansel/Documents/DaisyExamples/libDaisy//build/libdaisy.a(usbd_cdc_if.o)
 .text.CDC_Receive_HS
                0x00000000080034ac       0x2c /Users/ansel/Documents/DaisyExamples/libDaisy//build/libdaisy.a(usbd_cdc_if.o)
 .text.CDC_Init_FS
                0x00000000080034d8       0x3c /Users/ansel/Documents/DaisyExamples/libDaisy//build/libdaisy.a(usbd_cdc_if.o)
 .text.CDC_Init_HS
                0x0000000008003514       0x3c /Users/ansel/Documents/DaisyExamples/libDaisy//build/libdaisy.a(usbd_cdc_if.o)
 .text.CDC_Control_FS
                0x0000000008003550       0x34 /Users/ansel/Documents/DaisyExamples/libDaisy//build/libdaisy.a(usbd_cdc_if.o)
 .text.CDC_Control_HS
                0x0000000008003584       0x34 /Users/ansel/Documents/DaisyExamples/libDaisy//build/libdaisy.a(usbd_cdc_if.o)
 .text.CDC_DeInit_HS
                0x00000000080035b8        0x4 /Users/ansel/Documents/DaisyExamples/libDaisy//build/libdaisy.a(usbd_cdc_if.o)
 .text.CDC_Transmit_FS
                0x00000000080035bc       0x2c /Users/ansel/Documents/DaisyExamples/libDaisy//build/libdaisy.a(usbd_cdc_if.o)
                0x00000000080035bc                CDC_Transmit_FS
 .text.HAL_PCD_MspInit
                0x00000000080035e8      0x144 /Users/ansel/Documents/DaisyExamples/libDaisy//build/libdaisy.a(usbd_conf.o)
                0x00000000080035e8                HAL_PCD_MspInit
 .text.HAL_PCD_SetupStageCallback
                0x000000000800372c        0xc /Users/ansel/Documents/DaisyExamples/libDaisy//build/libdaisy.a(usbd_conf.o)
                0x000000000800372c                HAL_PCD_SetupStageCallback
 .text.HAL_PCD_DataOutStageCallback
                0x0000000008003738       0x14 /Users/ansel/Documents/DaisyExamples/libDaisy//build/libdaisy.a(usbd_conf.o)
                0x0000000008003738                HAL_PCD_DataOutStageCallback
 .text.HAL_PCD_DataInStageCallback
                0x000000000800374c       0x14 /Users/ansel/Documents/DaisyExamples/libDaisy//build/libdaisy.a(usbd_conf.o)
                0x000000000800374c                HAL_PCD_DataInStageCallback
 .text.HAL_PCD_SOFCallback
                0x0000000008003760        0x8 /Users/ansel/Documents/DaisyExamples/libDaisy//build/libdaisy.a(usbd_conf.o)
                0x0000000008003760                HAL_PCD_SOFCallback
 .text.HAL_PCD_ResetCallback
                0x0000000008003768       0x24 /Users/ansel/Documents/DaisyExamples/libDaisy//build/libdaisy.a(usbd_conf.o)
                0x0000000008003768                HAL_PCD_ResetCallback
 .text.HAL_PCD_SuspendCallback
                0x000000000800378c       0x30 /Users/ansel/Documents/DaisyExamples/libDaisy//build/libdaisy.a(usbd_conf.o)
                0x000000000800378c                HAL_PCD_SuspendCallback
 .text.HAL_PCD_ResumeCallback
                0x00000000080037bc        0x8 /Users/ansel/Documents/DaisyExamples/libDaisy//build/libdaisy.a(usbd_conf.o)
                0x00000000080037bc                HAL_PCD_ResumeCallback
 .text.HAL_PCD_ISOOUTIncompleteCallback
                0x00000000080037c4        0x8 /Users/ansel/Documents/DaisyExamples/libDaisy//build/libdaisy.a(usbd_conf.o)
                0x00000000080037c4                HAL_PCD_ISOOUTIncompleteCallback
 .text.HAL_PCD_ISOINIncompleteCallback
                0x00000000080037cc        0x8 /Users/ansel/Documents/DaisyExamples/libDaisy//build/libdaisy.a(usbd_conf.o)
                0x00000000080037cc                HAL_PCD_ISOINIncompleteCallback
 .text.HAL_PCD_ConnectCallback
                0x00000000080037d4        0x8 /Users/ansel/Documents/DaisyExamples/libDaisy//build/libdaisy.a(usbd_conf.o)
                0x00000000080037d4                HAL_PCD_ConnectCallback
 .text.HAL_PCD_DisconnectCallback
                0x00000000080037dc        0x8 /Users/ansel/Documents/DaisyExamples/libDaisy//build/libdaisy.a(usbd_conf.o)
                0x00000000080037dc                HAL_PCD_DisconnectCallback
 .text.USBD_LL_Init
                0x00000000080037e4       0xd0 /Users/ansel/Documents/DaisyExamples/libDaisy//build/libdaisy.a(usbd_conf.o)
                0x00000000080037e4                USBD_LL_Init
 .text.USBD_LL_Start
                0x00000000080038b4       0x18 /Users/ansel/Documents/DaisyExamples/libDaisy//build/libdaisy.a(usbd_conf.o)
                0x00000000080038b4                USBD_LL_Start
 .text.USBD_LL_OpenEP
                0x00000000080038cc       0x1c /Users/ansel/Documents/DaisyExamples/libDaisy//build/libdaisy.a(usbd_conf.o)
                0x00000000080038cc                USBD_LL_OpenEP
 .text.USBD_LL_CloseEP
                0x00000000080038e8       0x18 /Users/ansel/Documents/DaisyExamples/libDaisy//build/libdaisy.a(usbd_conf.o)
                0x00000000080038e8                USBD_LL_CloseEP
 .text.USBD_LL_StallEP
                0x0000000008003900       0x18 /Users/ansel/Documents/DaisyExamples/libDaisy//build/libdaisy.a(usbd_conf.o)
                0x0000000008003900                USBD_LL_StallEP
 .text.USBD_LL_ClearStallEP
                0x0000000008003918       0x18 /Users/ansel/Documents/DaisyExamples/libDaisy//build/libdaisy.a(usbd_conf.o)
                0x0000000008003918                USBD_LL_ClearStallEP
 .text.USBD_LL_IsStallEP
                0x0000000008003930       0x28 /Users/ansel/Documents/DaisyExamples/libDaisy//build/libdaisy.a(usbd_conf.o)
                0x0000000008003930                USBD_LL_IsStallEP
 .text.USBD_LL_SetUSBAddress
                0x0000000008003958       0x18 /Users/ansel/Documents/DaisyExamples/libDaisy//build/libdaisy.a(usbd_conf.o)
                0x0000000008003958                USBD_LL_SetUSBAddress
 .text.USBD_LL_Transmit
                0x0000000008003970       0x18 /Users/ansel/Documents/DaisyExamples/libDaisy//build/libdaisy.a(usbd_conf.o)
                0x0000000008003970                USBD_LL_Transmit
 .text.USBD_LL_PrepareReceive
                0x0000000008003988       0x18 /Users/ansel/Documents/DaisyExamples/libDaisy//build/libdaisy.a(usbd_conf.o)
                0x0000000008003988                USBD_LL_PrepareReceive
 .text.USBD_LL_GetRxDataSize
                0x00000000080039a0        0x8 /Users/ansel/Documents/DaisyExamples/libDaisy//build/libdaisy.a(usbd_conf.o)
                0x00000000080039a0                USBD_LL_GetRxDataSize
 .text.USBD_HS_DeviceDescriptor
                0x00000000080039a8        0xc /Users/ansel/Documents/DaisyExamples/libDaisy//build/libdaisy.a(usbd_desc.o)
                0x00000000080039a8                USBD_HS_DeviceDescriptor
 .text.USBD_FS_DeviceDescriptor
                0x00000000080039b4        0xc /Users/ansel/Documents/DaisyExamples/libDaisy//build/libdaisy.a(usbd_desc.o)
                0x00000000080039b4                USBD_FS_DeviceDescriptor
 .text.USBD_FS_LangIDStrDescriptor
                0x00000000080039c0        0xc /Users/ansel/Documents/DaisyExamples/libDaisy//build/libdaisy.a(usbd_desc.o)
                0x00000000080039c0                USBD_FS_LangIDStrDescriptor
 .text.USBD_FS_ManufacturerStrDescriptor
                0x00000000080039cc       0x1c /Users/ansel/Documents/DaisyExamples/libDaisy//build/libdaisy.a(usbd_desc.o)
                0x00000000080039cc                USBD_FS_ManufacturerStrDescriptor
 .text.USBD_HS_ProductStrDescriptor
                0x00000000080039e8       0x1c /Users/ansel/Documents/DaisyExamples/libDaisy//build/libdaisy.a(usbd_desc.o)
                0x00000000080039e8                USBD_HS_ProductStrDescriptor
 .text.USBD_FS_ConfigStrDescriptor
                0x0000000008003a04       0x1c /Users/ansel/Documents/DaisyExamples/libDaisy//build/libdaisy.a(usbd_desc.o)
                0x0000000008003a04                USBD_FS_ConfigStrDescriptor
 .text.USBD_FS_InterfaceStrDescriptor
                0x0000000008003a20       0x1c /Users/ansel/Documents/DaisyExamples/libDaisy//build/libdaisy.a(usbd_desc.o)
                0x0000000008003a20                USBD_FS_InterfaceStrDescriptor
 .text.USBD_FS_ProductStrDescriptor
                0x0000000008003a3c       0x1c /Users/ansel/Documents/DaisyExamples/libDaisy//build/libdaisy.a(usbd_desc.o)
                0x0000000008003a3c                USBD_FS_ProductStrDescriptor
 .text.USBD_HS_LangIDStrDescriptor
                0x0000000008003a58        0xc /Users/ansel/Documents/DaisyExamples/libDaisy//build/libdaisy.a(usbd_desc.o)
                0x0000000008003a58                USBD_HS_LangIDStrDescriptor
 .text.USBD_HS_ManufacturerStrDescriptor
                0x0000000008003a64       0x1c /Users/ansel/Documents/DaisyExamples/libDaisy//build/libdaisy.a(usbd_desc.o)
                0x0000000008003a64                USBD_HS_ManufacturerStrDescriptor
 .text.USBD_FS_SerialStrDescriptor
                0x0000000008003a80      0x140 /Users/ansel/Documents/DaisyExamples/libDaisy//build/libdaisy.a(usbd_desc.o)
                0x0000000008003a80                USBD_FS_SerialStrDescriptor
 .text.USBD_HS_SerialStrDescriptor
                0x0000000008003bc0      0x140 /Users/ansel/Documents/DaisyExamples/libDaisy//build/libdaisy.a(usbd_desc.o)
                0x0000000008003bc0                USBD_HS_SerialStrDescriptor
 .text.USBD_HS_InterfaceStrDescriptor
                0x0000000008003d00       0x1c /Users/ansel/Documents/DaisyExamples/libDaisy//build/libdaisy.a(usbd_desc.o)
                0x0000000008003d00                USBD_HS_InterfaceStrDescriptor
 .text.USBD_HS_ConfigStrDescriptor
                0x0000000008003d1c       0x1c /Users/ansel/Documents/DaisyExamples/libDaisy//build/libdaisy.a(usbd_desc.o)
                0x0000000008003d1c                USBD_HS_ConfigStrDescriptor
 .text.HAL_HCD_SOF_Callback
                0x0000000008003d38        0x8 /Users/ansel/Documents/DaisyExamples/libDaisy//build/libdaisy.a(usbh_conf.o)
                0x0000000008003d38                HAL_HCD_SOF_Callback
 .text.HAL_HCD_Connect_Callback
                0x0000000008003d40        0x8 /Users/ansel/Documents/DaisyExamples/libDaisy//build/libdaisy.a(usbh_conf.o)
                0x0000000008003d40                HAL_HCD_Connect_Callback
 .text.HAL_HCD_Disconnect_Callback
                0x0000000008003d48        0x8 /Users/ansel/Documents/DaisyExamples/libDaisy//build/libdaisy.a(usbh_conf.o)
                0x0000000008003d48                HAL_HCD_Disconnect_Callback
 .text.HAL_HCD_HC_NotifyURBChange_Callback
                0x0000000008003d50        0x4 /Users/ansel/Documents/DaisyExamples/libDaisy//build/libdaisy.a(usbh_conf.o)
                0x0000000008003d50                HAL_HCD_HC_NotifyURBChange_Callback
 .text.HAL_HCD_PortEnabled_Callback
                0x0000000008003d54        0x8 /Users/ansel/Documents/DaisyExamples/libDaisy//build/libdaisy.a(usbh_conf.o)
                0x0000000008003d54                HAL_HCD_PortEnabled_Callback
 .text.HAL_HCD_PortDisabled_Callback
                0x0000000008003d5c        0x8 /Users/ansel/Documents/DaisyExamples/libDaisy//build/libdaisy.a(usbh_conf.o)
                0x0000000008003d5c                HAL_HCD_PortDisabled_Callback
 .text.USBH_LL_Stop
                0x0000000008003d64       0x18 /Users/ansel/Documents/DaisyExamples/libDaisy//build/libdaisy.a(usbh_conf.o)
                0x0000000008003d64                USBH_LL_Stop
 .text.dsy_hal_map_get_port
                0x0000000008003d7c       0x10 /Users/ansel/Documents/DaisyExamples/libDaisy//build/libdaisy.a(hal_map.o)
                0x0000000008003d7c                dsy_hal_map_get_port
 .text.dsy_hal_map_get_pin
                0x0000000008003d8c       0x10 /Users/ansel/Documents/DaisyExamples/libDaisy//build/libdaisy.a(hal_map.o)
                0x0000000008003d8c                dsy_hal_map_get_pin
 .text.dsy_hal_map_gpio_clk_enable
                0x0000000008003d9c      0x150 /Users/ansel/Documents/DaisyExamples/libDaisy//build/libdaisy.a(hal_map.o)
                0x0000000008003d9c                dsy_hal_map_gpio_clk_enable
 .text.HAL_MspInit
                0x0000000008003eec        0x4 /Users/ansel/Documents/DaisyExamples/libDaisy//build/libdaisy.a(stm32h7xx_hal.o)
                0x0000000008003eec                HAL_MspInit
 .text.HAL_InitTick
                0x0000000008003ef0       0x4c /Users/ansel/Documents/DaisyExamples/libDaisy//build/libdaisy.a(stm32h7xx_hal.o)
                0x0000000008003ef0                HAL_InitTick
 .text.HAL_Init
                0x0000000008003f3c       0x60 /Users/ansel/Documents/DaisyExamples/libDaisy//build/libdaisy.a(stm32h7xx_hal.o)
                0x0000000008003f3c                HAL_Init
 .text.HAL_IncTick
                0x0000000008003f9c       0x18 /Users/ansel/Documents/DaisyExamples/libDaisy//build/libdaisy.a(stm32h7xx_hal.o)
                0x0000000008003f9c                HAL_IncTick
 .text.HAL_GetTick
                0x0000000008003fb4        0xc /Users/ansel/Documents/DaisyExamples/libDaisy//build/libdaisy.a(stm32h7xx_hal.o)
                0x0000000008003fb4                HAL_GetTick
 .text.HAL_Delay
                0x0000000008003fc0       0x24 /Users/ansel/Documents/DaisyExamples/libDaisy//build/libdaisy.a(stm32h7xx_hal.o)
                0x0000000008003fc0                HAL_Delay
 .text.HAL_GetREVID
                0x0000000008003fe4        0xc /Users/ansel/Documents/DaisyExamples/libDaisy//build/libdaisy.a(stm32h7xx_hal.o)
                0x0000000008003fe4                HAL_GetREVID
 .text.HAL_NVIC_SetPriorityGrouping
                0x0000000008003ff0       0x24 /Users/ansel/Documents/DaisyExamples/libDaisy//build/libdaisy.a(stm32h7xx_hal_cortex.o)
                0x0000000008003ff0                HAL_NVIC_SetPriorityGrouping
 .text.HAL_NVIC_SetPriority
                0x0000000008004014       0x7c /Users/ansel/Documents/DaisyExamples/libDaisy//build/libdaisy.a(stm32h7xx_hal_cortex.o)
                0x0000000008004014                HAL_NVIC_SetPriority
 .text.HAL_NVIC_EnableIRQ
                0x0000000008004090       0x1c /Users/ansel/Documents/DaisyExamples/libDaisy//build/libdaisy.a(stm32h7xx_hal_cortex.o)
                0x0000000008004090                HAL_NVIC_EnableIRQ
 .text.HAL_NVIC_DisableIRQ
                0x00000000080040ac       0x24 /Users/ansel/Documents/DaisyExamples/libDaisy//build/libdaisy.a(stm32h7xx_hal_cortex.o)
                0x00000000080040ac                HAL_NVIC_DisableIRQ
 .text.HAL_SYSTICK_Config
                0x00000000080040d0       0x2c /Users/ansel/Documents/DaisyExamples/libDaisy//build/libdaisy.a(stm32h7xx_hal_cortex.o)
                0x00000000080040d0                HAL_SYSTICK_Config
 .text.HAL_MPU_Disable
                0x00000000080040fc       0x1c /Users/ansel/Documents/DaisyExamples/libDaisy//build/libdaisy.a(stm32h7xx_hal_cortex.o)
                0x00000000080040fc                HAL_MPU_Disable
 .text.HAL_MPU_Enable
                0x0000000008004118       0x20 /Users/ansel/Documents/DaisyExamples/libDaisy//build/libdaisy.a(stm32h7xx_hal_cortex.o)
                0x0000000008004118                HAL_MPU_Enable
 .text.HAL_MPU_ConfigRegion
                0x0000000008004138       0x64 /Users/ansel/Documents/DaisyExamples/libDaisy//build/libdaisy.a(stm32h7xx_hal_cortex.o)
                0x0000000008004138                HAL_MPU_ConfigRegion
 .text.HAL_SYSTICK_Callback
                0x000000000800419c        0x4 /Users/ansel/Documents/DaisyExamples/libDaisy//build/libdaisy.a(stm32h7xx_hal_cortex.o)
                0x000000000800419c                HAL_SYSTICK_Callback
 .text.HAL_SYSTICK_IRQHandler
                0x00000000080041a0        0x8 /Users/ansel/Documents/DaisyExamples/libDaisy//build/libdaisy.a(stm32h7xx_hal_cortex.o)
                0x00000000080041a0                HAL_SYSTICK_IRQHandler
 .text.DMA_CalcBaseAndBitshift
                0x00000000080041a8      0x100 /Users/ansel/Documents/DaisyExamples/libDaisy//build/libdaisy.a(stm32h7xx_hal_dma.o)
 .text.DMA_CalcDMAMUXChannelBaseAndMask
                0x00000000080042a8       0xd0 /Users/ansel/Documents/DaisyExamples/libDaisy//build/libdaisy.a(stm32h7xx_hal_dma.o)
 .text.HAL_DMA_Init
                0x0000000008004378      0x350 /Users/ansel/Documents/DaisyExamples/libDaisy//build/libdaisy.a(stm32h7xx_hal_dma.o)
                0x0000000008004378                HAL_DMA_Init
 .text.HAL_DMA_Start_IT
                0x00000000080046c8      0x288 /Users/ansel/Documents/DaisyExamples/libDaisy//build/libdaisy.a(stm32h7xx_hal_dma.o)
                0x00000000080046c8                HAL_DMA_Start_IT
 .text.HAL_DMA_Abort_IT
                0x0000000008004950       0xe8 /Users/ansel/Documents/DaisyExamples/libDaisy//build/libdaisy.a(stm32h7xx_hal_dma.o)
                0x0000000008004950                HAL_DMA_Abort_IT
 .text.HAL_DMA_IRQHandler
                0x0000000008004a38      0x6a8 /Users/ansel/Documents/DaisyExamples/libDaisy//build/libdaisy.a(stm32h7xx_hal_dma.o)
                0x0000000008004a38                HAL_DMA_IRQHandler
 .text.HAL_DMA_GetError
                0x00000000080050e0        0x4 /Users/ansel/Documents/DaisyExamples/libDaisy//build/libdaisy.a(stm32h7xx_hal_dma.o)
                0x00000000080050e0                HAL_DMA_GetError
 .text.HAL_GPIO_Init
                0x00000000080050e4      0x284 /Users/ansel/Documents/DaisyExamples/libDaisy//build/libdaisy.a(stm32h7xx_hal_gpio.o)
                0x00000000080050e4                HAL_GPIO_Init
 .text.HAL_GPIO_DeInit
                0x0000000008005368      0x194 /Users/ansel/Documents/DaisyExamples/libDaisy//build/libdaisy.a(stm32h7xx_hal_gpio.o)
                0x0000000008005368                HAL_GPIO_DeInit
 .text.HAL_GPIO_ReadPin
                0x00000000080054fc        0xc /Users/ansel/Documents/DaisyExamples/libDaisy//build/libdaisy.a(stm32h7xx_hal_gpio.o)
                0x00000000080054fc                HAL_GPIO_ReadPin
 .text.HAL_GPIO_WritePin
                0x0000000008005508        0x8 /Users/ansel/Documents/DaisyExamples/libDaisy//build/libdaisy.a(stm32h7xx_hal_gpio.o)
                0x0000000008005508                HAL_GPIO_WritePin
 .text.HAL_HCD_IRQHandler
                0x0000000008005510      0x764 /Users/ansel/Documents/DaisyExamples/libDaisy//build/libdaisy.a(stm32h7xx_hal_hcd.o)
                0x0000000008005510                HAL_HCD_IRQHandler
 .text.HAL_HCD_Stop
                0x0000000008005c74       0x28 /Users/ansel/Documents/DaisyExamples/libDaisy//build/libdaisy.a(stm32h7xx_hal_hcd.o)
                0x0000000008005c74                HAL_HCD_Stop
 .text.I2C_WaitOnTXISFlagUntilTimeout
                0x0000000008005c9c       0xc4 /Users/ansel/Documents/DaisyExamples/libDaisy//build/libdaisy.a(stm32h7xx_hal_i2c.o)
 .text.I2C_WaitOnSTOPFlagUntilTimeout
                0x0000000008005d60       0xa8 /Users/ansel/Documents/DaisyExamples/libDaisy//build/libdaisy.a(stm32h7xx_hal_i2c.o)
 .text.HAL_I2C_Init
                0x0000000008005e08       0xac /Users/ansel/Documents/DaisyExamples/libDaisy//build/libdaisy.a(stm32h7xx_hal_i2c.o)
                0x0000000008005e08                HAL_I2C_Init
 .text.HAL_I2C_Master_Transmit
                0x0000000008005eb4      0x1a4 /Users/ansel/Documents/DaisyExamples/libDaisy//build/libdaisy.a(stm32h7xx_hal_i2c.o)
                0x0000000008005eb4                HAL_I2C_Master_Transmit
 .text.HAL_I2C_Slave_Transmit
                0x0000000008006058      0x1c4 /Users/ansel/Documents/DaisyExamples/libDaisy//build/libdaisy.a(stm32h7xx_hal_i2c.o)
                0x0000000008006058                HAL_I2C_Slave_Transmit
 .text.HAL_I2C_EV_IRQHandler
                0x000000000800621c       0x10 /Users/ansel/Documents/DaisyExamples/libDaisy//build/libdaisy.a(stm32h7xx_hal_i2c.o)
                0x000000000800621c                HAL_I2C_EV_IRQHandler
 .text.HAL_I2C_GetState
                0x000000000800622c        0x8 /Users/ansel/Documents/DaisyExamples/libDaisy//build/libdaisy.a(stm32h7xx_hal_i2c.o)
                0x000000000800622c                HAL_I2C_GetState
 .text.HAL_I2CEx_ConfigAnalogFilter
                0x0000000008006234       0x54 /Users/ansel/Documents/DaisyExamples/libDaisy//build/libdaisy.a(stm32h7xx_hal_i2c_ex.o)
                0x0000000008006234                HAL_I2CEx_ConfigAnalogFilter
 .text.HAL_I2CEx_ConfigDigitalFilter
                0x0000000008006288       0x58 /Users/ansel/Documents/DaisyExamples/libDaisy//build/libdaisy.a(stm32h7xx_hal_i2c_ex.o)
                0x0000000008006288                HAL_I2CEx_ConfigDigitalFilter
 .text.HAL_PCD_Init
                0x00000000080062e0      0x120 /Users/ansel/Documents/DaisyExamples/libDaisy//build/libdaisy.a(stm32h7xx_hal_pcd.o)
                0x00000000080062e0                HAL_PCD_Init
 .text.HAL_PCD_Start
                0x0000000008006400       0x44 /Users/ansel/Documents/DaisyExamples/libDaisy//build/libdaisy.a(stm32h7xx_hal_pcd.o)
                0x0000000008006400                HAL_PCD_Start
 .text.HAL_PCD_IRQHandler
                0x0000000008006444      0x6a8 /Users/ansel/Documents/DaisyExamples/libDaisy//build/libdaisy.a(stm32h7xx_hal_pcd.o)
                0x0000000008006444                HAL_PCD_IRQHandler
 .text.HAL_PCD_SetAddress
                0x0000000008006aec       0x2c /Users/ansel/Documents/DaisyExamples/libDaisy//build/libdaisy.a(stm32h7xx_hal_pcd.o)
                0x0000000008006aec                HAL_PCD_SetAddress
 .text.HAL_PCD_EP_Open
                0x0000000008006b18       0x7c /Users/ansel/Documents/DaisyExamples/libDaisy//build/libdaisy.a(stm32h7xx_hal_pcd.o)
                0x0000000008006b18                HAL_PCD_EP_Open
 .text.HAL_PCD_EP_Close
                0x0000000008006b94       0x6c /Users/ansel/Documents/DaisyExamples/libDaisy//build/libdaisy.a(stm32h7xx_hal_pcd.o)
                0x0000000008006b94                HAL_PCD_EP_Close
 .text.HAL_PCD_EP_Receive
                0x0000000008006c00       0x50 /Users/ansel/Documents/DaisyExamples/libDaisy//build/libdaisy.a(stm32h7xx_hal_pcd.o)
                0x0000000008006c00                HAL_PCD_EP_Receive
 .text.HAL_PCD_EP_GetRxCount
                0x0000000008006c50       0x14 /Users/ansel/Documents/DaisyExamples/libDaisy//build/libdaisy.a(stm32h7xx_hal_pcd.o)
                0x0000000008006c50                HAL_PCD_EP_GetRxCount
 .text.HAL_PCD_EP_Transmit
                0x0000000008006c64       0x50 /Users/ansel/Documents/DaisyExamples/libDaisy//build/libdaisy.a(stm32h7xx_hal_pcd.o)
                0x0000000008006c64                HAL_PCD_EP_Transmit
 .text.HAL_PCD_EP_SetStall
                0x0000000008006cb4       0x88 /Users/ansel/Documents/DaisyExamples/libDaisy//build/libdaisy.a(stm32h7xx_hal_pcd.o)
                0x0000000008006cb4                HAL_PCD_EP_SetStall
 .text.HAL_PCD_EP_ClrStall
                0x0000000008006d3c       0x78 /Users/ansel/Documents/DaisyExamples/libDaisy//build/libdaisy.a(stm32h7xx_hal_pcd.o)
                0x0000000008006d3c                HAL_PCD_EP_ClrStall
 .text.HAL_PCDEx_SetTxFiFo
                0x0000000008006db4      0x108 /Users/ansel/Documents/DaisyExamples/libDaisy//build/libdaisy.a(stm32h7xx_hal_pcd_ex.o)
                0x0000000008006db4                HAL_PCDEx_SetTxFiFo
 .text.HAL_PCDEx_SetRxFiFo
                0x0000000008006ebc        0xc /Users/ansel/Documents/DaisyExamples/libDaisy//build/libdaisy.a(stm32h7xx_hal_pcd_ex.o)
                0x0000000008006ebc                HAL_PCDEx_SetRxFiFo
 .text.HAL_PCDEx_ActivateLPM
                0x0000000008006ec8       0x30 /Users/ansel/Documents/DaisyExamples/libDaisy//build/libdaisy.a(stm32h7xx_hal_pcd_ex.o)
                0x0000000008006ec8                HAL_PCDEx_ActivateLPM
 .text.HAL_PCDEx_LPM_Callback
                0x0000000008006ef8        0x4 /Users/ansel/Documents/DaisyExamples/libDaisy//build/libdaisy.a(stm32h7xx_hal_pcd_ex.o)
                0x0000000008006ef8                HAL_PCDEx_LPM_Callback
 .text.HAL_PWREx_ConfigSupply
                0x0000000008006efc       0x4c /Users/ansel/Documents/DaisyExamples/libDaisy//build/libdaisy.a(stm32h7xx_hal_pwr_ex.o)
                0x0000000008006efc                HAL_PWREx_ConfigSupply
 .text.HAL_PWREx_EnableUSBVoltageDetector
                0x0000000008006f48       0x10 /Users/ansel/Documents/DaisyExamples/libDaisy//build/libdaisy.a(stm32h7xx_hal_pwr_ex.o)
                0x0000000008006f48                HAL_PWREx_EnableUSBVoltageDetector
 .text.QSPI_Config
                0x0000000008006f58      0x148 /Users/ansel/Documents/DaisyExamples/libDaisy//build/libdaisy.a(stm32h7xx_hal_qspi.o)
 .text.HAL_QSPI_Init
                0x00000000080070a0       0xd8 /Users/ansel/Documents/DaisyExamples/libDaisy//build/libdaisy.a(stm32h7xx_hal_qspi.o)
                0x00000000080070a0                HAL_QSPI_Init
 .text.HAL_QSPI_DeInit
                0x0000000008007178       0x3c /Users/ansel/Documents/DaisyExamples/libDaisy//build/libdaisy.a(stm32h7xx_hal_qspi.o)
                0x0000000008007178                HAL_QSPI_DeInit
 .text.HAL_QSPI_Command
                0x00000000080071b4       0xd8 /Users/ansel/Documents/DaisyExamples/libDaisy//build/libdaisy.a(stm32h7xx_hal_qspi.o)
                0x00000000080071b4                HAL_QSPI_Command
 .text.HAL_QSPI_Transmit
                0x000000000800728c      0x108 /Users/ansel/Documents/DaisyExamples/libDaisy//build/libdaisy.a(stm32h7xx_hal_qspi.o)
                0x000000000800728c                HAL_QSPI_Transmit
 .text.HAL_QSPI_Receive
                0x0000000008007394      0x118 /Users/ansel/Documents/DaisyExamples/libDaisy//build/libdaisy.a(stm32h7xx_hal_qspi.o)
                0x0000000008007394                HAL_QSPI_Receive
 .text.HAL_QSPI_AutoPolling
                0x00000000080074ac       0xf0 /Users/ansel/Documents/DaisyExamples/libDaisy//build/libdaisy.a(stm32h7xx_hal_qspi.o)
                0x00000000080074ac                HAL_QSPI_AutoPolling
 .text.HAL_QSPI_MemoryMapped
                0x000000000800759c       0xc8 /Users/ansel/Documents/DaisyExamples/libDaisy//build/libdaisy.a(stm32h7xx_hal_qspi.o)
                0x000000000800759c                HAL_QSPI_MemoryMapped
 .text.HAL_QSPI_ErrorCallback
                0x0000000008007664        0x4 /Users/ansel/Documents/DaisyExamples/libDaisy//build/libdaisy.a(stm32h7xx_hal_qspi.o)
                0x0000000008007664                HAL_QSPI_ErrorCallback
 .text.QSPI_DMAAbortCplt
                0x0000000008007668       0x38 /Users/ansel/Documents/DaisyExamples/libDaisy//build/libdaisy.a(stm32h7xx_hal_qspi.o)
 .text.HAL_QSPI_AbortCpltCallback
                0x00000000080076a0        0x4 /Users/ansel/Documents/DaisyExamples/libDaisy//build/libdaisy.a(stm32h7xx_hal_qspi.o)
                0x00000000080076a0                HAL_QSPI_AbortCpltCallback
 .text.HAL_QSPI_CmdCpltCallback
                0x00000000080076a4        0x4 /Users/ansel/Documents/DaisyExamples/libDaisy//build/libdaisy.a(stm32h7xx_hal_qspi.o)
                0x00000000080076a4                HAL_QSPI_CmdCpltCallback
 .text.HAL_QSPI_RxCpltCallback
                0x00000000080076a8        0x4 /Users/ansel/Documents/DaisyExamples/libDaisy//build/libdaisy.a(stm32h7xx_hal_qspi.o)
                0x00000000080076a8                HAL_QSPI_RxCpltCallback
 .text.HAL_QSPI_TxCpltCallback
                0x00000000080076ac        0x4 /Users/ansel/Documents/DaisyExamples/libDaisy//build/libdaisy.a(stm32h7xx_hal_qspi.o)
                0x00000000080076ac                HAL_QSPI_TxCpltCallback
 .text.HAL_QSPI_FifoThresholdCallback
                0x00000000080076b0        0x4 /Users/ansel/Documents/DaisyExamples/libDaisy//build/libdaisy.a(stm32h7xx_hal_qspi.o)
                0x00000000080076b0                HAL_QSPI_FifoThresholdCallback
 .text.HAL_QSPI_StatusMatchCallback
                0x00000000080076b4        0x4 /Users/ansel/Documents/DaisyExamples/libDaisy//build/libdaisy.a(stm32h7xx_hal_qspi.o)
                0x00000000080076b4                HAL_QSPI_StatusMatchCallback
 .text.HAL_QSPI_TimeOutCallback
                0x00000000080076b8        0x4 /Users/ansel/Documents/DaisyExamples/libDaisy//build/libdaisy.a(stm32h7xx_hal_qspi.o)
                0x00000000080076b8                HAL_QSPI_TimeOutCallback
 .text.HAL_QSPI_IRQHandler
                0x00000000080076bc      0x210 /Users/ansel/Documents/DaisyExamples/libDaisy//build/libdaisy.a(stm32h7xx_hal_qspi.o)
                0x00000000080076bc                HAL_QSPI_IRQHandler
 .text.HAL_RCC_OscConfig
                0x00000000080078cc      0x51c /Users/ansel/Documents/DaisyExamples/libDaisy//build/libdaisy.a(stm32h7xx_hal_rcc.o)
                0x00000000080078cc                HAL_RCC_OscConfig
 .text.HAL_RCC_GetSysClockFreq
                0x0000000008007de8      0x140 /Users/ansel/Documents/DaisyExamples/libDaisy//build/libdaisy.a(stm32h7xx_hal_rcc.o)
                0x0000000008007de8                HAL_RCC_GetSysClockFreq
 .text.HAL_RCC_ClockConfig
                0x0000000008007f28      0x234 /Users/ansel/Documents/DaisyExamples/libDaisy//build/libdaisy.a(stm32h7xx_hal_rcc.o)
                0x0000000008007f28                HAL_RCC_ClockConfig
 .text.HAL_RCC_GetHCLKFreq
                0x000000000800815c       0x2c /Users/ansel/Documents/DaisyExamples/libDaisy//build/libdaisy.a(stm32h7xx_hal_rcc.o)
                0x000000000800815c                HAL_RCC_GetHCLKFreq
 .text.HAL_RCC_GetPCLK1Freq
                0x0000000008008188       0x38 /Users/ansel/Documents/DaisyExamples/libDaisy//build/libdaisy.a(stm32h7xx_hal_rcc.o)
                0x0000000008008188                HAL_RCC_GetPCLK1Freq
 .text.HAL_RCC_GetPCLK2Freq
                0x00000000080081c0       0x38 /Users/ansel/Documents/DaisyExamples/libDaisy//build/libdaisy.a(stm32h7xx_hal_rcc.o)
                0x00000000080081c0                HAL_RCC_GetPCLK2Freq
 .text.RCCEx_PLL2_Config.part.0
                0x00000000080081f8       0xe4 /Users/ansel/Documents/DaisyExamples/libDaisy//build/libdaisy.a(stm32h7xx_hal_rcc_ex.o)
 .text.RCCEx_PLL3_Config.part.0
                0x00000000080082dc       0xe4 /Users/ansel/Documents/DaisyExamples/libDaisy//build/libdaisy.a(stm32h7xx_hal_rcc_ex.o)
 .text.HAL_RCCEx_PeriphCLKConfig
                0x00000000080083c0      0xccc /Users/ansel/Documents/DaisyExamples/libDaisy//build/libdaisy.a(stm32h7xx_hal_rcc_ex.o)
                0x00000000080083c0                HAL_RCCEx_PeriphCLKConfig
 .text.HAL_RCCEx_GetD3PCLK1Freq
                0x000000000800908c       0x24 /Users/ansel/Documents/DaisyExamples/libDaisy//build/libdaisy.a(stm32h7xx_hal_rcc_ex.o)
                0x000000000800908c                HAL_RCCEx_GetD3PCLK1Freq
 .text.HAL_RCCEx_GetPLL2ClockFreq
                0x00000000080090b0      0x158 /Users/ansel/Documents/DaisyExamples/libDaisy//build/libdaisy.a(stm32h7xx_hal_rcc_ex.o)
                0x00000000080090b0                HAL_RCCEx_GetPLL2ClockFreq
 .text.HAL_RCCEx_GetPLL3ClockFreq
                0x0000000008009208      0x158 /Users/ansel/Documents/DaisyExamples/libDaisy//build/libdaisy.a(stm32h7xx_hal_rcc_ex.o)
                0x0000000008009208                HAL_RCCEx_GetPLL3ClockFreq
 .text.HAL_RCCEx_GetPLL1ClockFreq
                0x0000000008009360      0x158 /Users/ansel/Documents/DaisyExamples/libDaisy//build/libdaisy.a(stm32h7xx_hal_rcc_ex.o)
                0x0000000008009360                HAL_RCCEx_GetPLL1ClockFreq
 .text.HAL_RCCEx_GetPeriphCLKFreq
                0x00000000080094b8      0x198 /Users/ansel/Documents/DaisyExamples/libDaisy//build/libdaisy.a(stm32h7xx_hal_rcc_ex.o)
                0x00000000080094b8                HAL_RCCEx_GetPeriphCLKFreq
 .text.HAL_RCCEx_GetD1SysClockFreq
                0x0000000008009650       0x2c /Users/ansel/Documents/DaisyExamples/libDaisy//build/libdaisy.a(stm32h7xx_hal_rcc_ex.o)
                0x0000000008009650                HAL_RCCEx_GetD1SysClockFreq
 .text.HAL_SAI_Init
                0x000000000800967c      0x384 /Users/ansel/Documents/DaisyExamples/libDaisy//build/libdaisy.a(stm32h7xx_hal_sai.o)
                0x000000000800967c                HAL_SAI_Init
 .text.HAL_SAI_InitProtocol
                0x0000000008009a00      0x13c /Users/ansel/Documents/DaisyExamples/libDaisy//build/libdaisy.a(stm32h7xx_hal_sai.o)
                0x0000000008009a00                HAL_SAI_InitProtocol
 .text.HAL_SAI_Transmit_DMA
                0x0000000008009b3c      0x110 /Users/ansel/Documents/DaisyExamples/libDaisy//build/libdaisy.a(stm32h7xx_hal_sai.o)
                0x0000000008009b3c                HAL_SAI_Transmit_DMA
 .text.HAL_SAI_Receive_DMA
                0x0000000008009c4c       0xc4 /Users/ansel/Documents/DaisyExamples/libDaisy//build/libdaisy.a(stm32h7xx_hal_sai.o)
                0x0000000008009c4c                HAL_SAI_Receive_DMA
 .text.HAL_SAI_TxCpltCallback
                0x0000000008009d10        0x4 /Users/ansel/Documents/DaisyExamples/libDaisy//build/libdaisy.a(stm32h7xx_hal_sai.o)
                0x0000000008009d10                HAL_SAI_TxCpltCallback
 .text.SAI_DMATxCplt
                0x0000000008009d14       0x5c /Users/ansel/Documents/DaisyExamples/libDaisy//build/libdaisy.a(stm32h7xx_hal_sai.o)
 .text.HAL_SAI_TxHalfCpltCallback
                0x0000000008009d70        0x4 /Users/ansel/Documents/DaisyExamples/libDaisy//build/libdaisy.a(stm32h7xx_hal_sai.o)
                0x0000000008009d70                HAL_SAI_TxHalfCpltCallback
 .text.SAI_DMATxHalfCplt
                0x0000000008009d74        0xc /Users/ansel/Documents/DaisyExamples/libDaisy//build/libdaisy.a(stm32h7xx_hal_sai.o)
 .text.SAI_DMARxCplt
                0x0000000008009d80       0x5c /Users/ansel/Documents/DaisyExamples/libDaisy//build/libdaisy.a(stm32h7xx_hal_sai.o)
 .text.SAI_DMARxHalfCplt
                0x0000000008009ddc        0xc /Users/ansel/Documents/DaisyExamples/libDaisy//build/libdaisy.a(stm32h7xx_hal_sai.o)
 .text.HAL_SAI_ErrorCallback
                0x0000000008009de8        0x4 /Users/ansel/Documents/DaisyExamples/libDaisy//build/libdaisy.a(stm32h7xx_hal_sai.o)
                0x0000000008009de8                HAL_SAI_ErrorCallback
 .text.SAI_DMAError
                0x0000000008009dec       0x6c /Users/ansel/Documents/DaisyExamples/libDaisy//build/libdaisy.a(stm32h7xx_hal_sai.o)
 .text.HAL_SDRAM_Init
                0x0000000008009e58       0x54 /Users/ansel/Documents/DaisyExamples/libDaisy//build/libdaisy.a(stm32h7xx_hal_sdram.o)
                0x0000000008009e58                HAL_SDRAM_Init
 .text.HAL_SDRAM_SendCommand
                0x0000000008009eac       0x40 /Users/ansel/Documents/DaisyExamples/libDaisy//build/libdaisy.a(stm32h7xx_hal_sdram.o)
                0x0000000008009eac                HAL_SDRAM_SendCommand
 .text.HAL_SDRAM_ProgramRefreshRate
                0x0000000008009eec       0x30 /Users/ansel/Documents/DaisyExamples/libDaisy//build/libdaisy.a(stm32h7xx_hal_sdram.o)
                0x0000000008009eec                HAL_SDRAM_ProgramRefreshRate
 .text.FMC_SDRAM_Init
                0x0000000008009f1c       0x7c /Users/ansel/Documents/DaisyExamples/libDaisy//build/libdaisy.a(stm32h7xx_ll_fmc.o)
                0x0000000008009f1c                FMC_SDRAM_Init
 .text.FMC_SDRAM_Timing_Init
                0x0000000008009f98       0x9c /Users/ansel/Documents/DaisyExamples/libDaisy//build/libdaisy.a(stm32h7xx_ll_fmc.o)
                0x0000000008009f98                FMC_SDRAM_Timing_Init
 .text.FMC_SDRAM_SendCommand
                0x000000000800a034       0x28 /Users/ansel/Documents/DaisyExamples/libDaisy//build/libdaisy.a(stm32h7xx_ll_fmc.o)
                0x000000000800a034                FMC_SDRAM_SendCommand
 .text.FMC_SDRAM_ProgramRefreshRate
                0x000000000800a05c       0x1c /Users/ansel/Documents/DaisyExamples/libDaisy//build/libdaisy.a(stm32h7xx_ll_fmc.o)
                0x000000000800a05c                FMC_SDRAM_ProgramRefreshRate
 .text.USB_CoreInit
                0x000000000800a078      0x124 /Users/ansel/Documents/DaisyExamples/libDaisy//build/libdaisy.a(stm32h7xx_ll_usb.o)
                0x000000000800a078                USB_CoreInit
 .text.USB_SetTurnaroundTime
                0x000000000800a19c      0x104 /Users/ansel/Documents/DaisyExamples/libDaisy//build/libdaisy.a(stm32h7xx_ll_usb.o)
                0x000000000800a19c                USB_SetTurnaroundTime
 .text.USB_EnableGlobalInt
                0x000000000800a2a0       0x10 /Users/ansel/Documents/DaisyExamples/libDaisy//build/libdaisy.a(stm32h7xx_ll_usb.o)
                0x000000000800a2a0                USB_EnableGlobalInt
 .text.USB_DisableGlobalInt
                0x000000000800a2b0       0x10 /Users/ansel/Documents/DaisyExamples/libDaisy//build/libdaisy.a(stm32h7xx_ll_usb.o)
                0x000000000800a2b0                USB_DisableGlobalInt
 .text.USB_SetCurrentMode
                0x000000000800a2c0       0x30 /Users/ansel/Documents/DaisyExamples/libDaisy//build/libdaisy.a(stm32h7xx_ll_usb.o)
                0x000000000800a2c0                USB_SetCurrentMode
 .text.USB_DevInit
                0x000000000800a2f0      0x224 /Users/ansel/Documents/DaisyExamples/libDaisy//build/libdaisy.a(stm32h7xx_ll_usb.o)
                0x000000000800a2f0                USB_DevInit
 .text.USB_FlushTxFifo
                0x000000000800a514       0x34 /Users/ansel/Documents/DaisyExamples/libDaisy//build/libdaisy.a(stm32h7xx_ll_usb.o)
                0x000000000800a514                USB_FlushTxFifo
 .text.USB_GetDevSpeed
                0x000000000800a548       0x24 /Users/ansel/Documents/DaisyExamples/libDaisy//build/libdaisy.a(stm32h7xx_ll_usb.o)
                0x000000000800a548                USB_GetDevSpeed
 .text.USB_ActivateEndpoint
                0x000000000800a56c       0x90 /Users/ansel/Documents/DaisyExamples/libDaisy//build/libdaisy.a(stm32h7xx_ll_usb.o)
                0x000000000800a56c                USB_ActivateEndpoint
 .text.USB_DeactivateEndpoint
                0x000000000800a5fc       0x84 /Users/ansel/Documents/DaisyExamples/libDaisy//build/libdaisy.a(stm32h7xx_ll_usb.o)
                0x000000000800a5fc                USB_DeactivateEndpoint
 .text.USB_EPStartXfer
                0x000000000800a680      0x224 /Users/ansel/Documents/DaisyExamples/libDaisy//build/libdaisy.a(stm32h7xx_ll_usb.o)
                0x000000000800a680                USB_EPStartXfer
 .text.USB_EP0StartXfer
                0x000000000800a8a4      0x130 /Users/ansel/Documents/DaisyExamples/libDaisy//build/libdaisy.a(stm32h7xx_ll_usb.o)
                0x000000000800a8a4                USB_EP0StartXfer
 .text.USB_WritePacket
                0x000000000800a9d4       0x2c /Users/ansel/Documents/DaisyExamples/libDaisy//build/libdaisy.a(stm32h7xx_ll_usb.o)
                0x000000000800a9d4                USB_WritePacket
 .text.USB_ReadPacket
                0x000000000800aa00       0x20 /Users/ansel/Documents/DaisyExamples/libDaisy//build/libdaisy.a(stm32h7xx_ll_usb.o)
                0x000000000800aa00                USB_ReadPacket
 .text.USB_EPSetStall
                0x000000000800aa20       0x68 /Users/ansel/Documents/DaisyExamples/libDaisy//build/libdaisy.a(stm32h7xx_ll_usb.o)
                0x000000000800aa20                USB_EPSetStall
 .text.USB_EPClearStall
                0x000000000800aa88       0x58 /Users/ansel/Documents/DaisyExamples/libDaisy//build/libdaisy.a(stm32h7xx_ll_usb.o)
                0x000000000800aa88                USB_EPClearStall
 .text.USB_SetDevAddress
                0x000000000800aae0       0x24 /Users/ansel/Documents/DaisyExamples/libDaisy//build/libdaisy.a(stm32h7xx_ll_usb.o)
                0x000000000800aae0                USB_SetDevAddress
 .text.USB_DevConnect
                0x000000000800ab04       0x1c /Users/ansel/Documents/DaisyExamples/libDaisy//build/libdaisy.a(stm32h7xx_ll_usb.o)
                0x000000000800ab04                USB_DevConnect
 .text.USB_DevDisconnect
                0x000000000800ab20       0x1c /Users/ansel/Documents/DaisyExamples/libDaisy//build/libdaisy.a(stm32h7xx_ll_usb.o)
                0x000000000800ab20                USB_DevDisconnect
 .text.USB_ReadInterrupts
                0x000000000800ab3c       0x14 /Users/ansel/Documents/DaisyExamples/libDaisy//build/libdaisy.a(stm32h7xx_ll_usb.o)
                0x000000000800ab3c                USB_ReadInterrupts
 .text.USB_ReadDevAllOutEpInterrupt
                0x000000000800ab50       0x1c /Users/ansel/Documents/DaisyExamples/libDaisy//build/libdaisy.a(stm32h7xx_ll_usb.o)
                0x000000000800ab50                USB_ReadDevAllOutEpInterrupt
 .text.USB_ReadDevAllInEpInterrupt
                0x000000000800ab6c       0x1c /Users/ansel/Documents/DaisyExamples/libDaisy//build/libdaisy.a(stm32h7xx_ll_usb.o)
                0x000000000800ab6c                USB_ReadDevAllInEpInterrupt
 .text.USB_ReadDevOutEPInterrupt
                0x000000000800ab88       0x1c /Users/ansel/Documents/DaisyExamples/libDaisy//build/libdaisy.a(stm32h7xx_ll_usb.o)
                0x000000000800ab88                USB_ReadDevOutEPInterrupt
 .text.USB_ReadDevInEPInterrupt
                0x000000000800aba4       0x38 /Users/ansel/Documents/DaisyExamples/libDaisy//build/libdaisy.a(stm32h7xx_ll_usb.o)
                0x000000000800aba4                USB_ReadDevInEPInterrupt
 .text.USB_GetMode
                0x000000000800abdc        0x8 /Users/ansel/Documents/DaisyExamples/libDaisy//build/libdaisy.a(stm32h7xx_ll_usb.o)
                0x000000000800abdc                USB_GetMode
 .text.USB_ActivateSetup
                0x000000000800abe4       0x38 /Users/ansel/Documents/DaisyExamples/libDaisy//build/libdaisy.a(stm32h7xx_ll_usb.o)
                0x000000000800abe4                USB_ActivateSetup
 .text.USB_EP0_OutStart
                0x000000000800ac1c       0x58 /Users/ansel/Documents/DaisyExamples/libDaisy//build/libdaisy.a(stm32h7xx_ll_usb.o)
                0x000000000800ac1c                USB_EP0_OutStart
 .text.USB_InitFSLSPClkSel
                0x000000000800ac74       0x44 /Users/ansel/Documents/DaisyExamples/libDaisy//build/libdaisy.a(stm32h7xx_ll_usb.o)
                0x000000000800ac74                USB_InitFSLSPClkSel
 .text.USB_HC_ReadInterrupt
                0x000000000800acb8        0x8 /Users/ansel/Documents/DaisyExamples/libDaisy//build/libdaisy.a(stm32h7xx_ll_usb.o)
                0x000000000800acb8                USB_HC_ReadInterrupt
 .text.USB_HC_Halt
                0x000000000800acc0       0xc0 /Users/ansel/Documents/DaisyExamples/libDaisy//build/libdaisy.a(stm32h7xx_ll_usb.o)
                0x000000000800acc0                USB_HC_Halt
 .text.USB_StopHost
                0x000000000800ad80      0x2ec /Users/ansel/Documents/DaisyExamples/libDaisy//build/libdaisy.a(stm32h7xx_ll_usb.o)
                0x000000000800ad80                USB_StopHost
 .text.USBD_CDC_EP0_RxReady
                0x000000000800b06c       0x2c /Users/ansel/Documents/DaisyExamples/libDaisy//build/libdaisy.a(usbd_cdc.o)
 .text.USBD_CDC_GetFSCfgDesc
                0x000000000800b098       0x24 /Users/ansel/Documents/DaisyExamples/libDaisy//build/libdaisy.a(usbd_cdc.o)
 .text.USBD_CDC_GetHSCfgDesc
                0x000000000800b0bc       0x24 /Users/ansel/Documents/DaisyExamples/libDaisy//build/libdaisy.a(usbd_cdc.o)
 .text.USBD_CDC_GetOtherSpeedCfgDesc
                0x000000000800b0e0       0x24 /Users/ansel/Documents/DaisyExamples/libDaisy//build/libdaisy.a(usbd_cdc.o)
 .text.USBD_CDC_GetDeviceQualifierDescriptor
                0x000000000800b104       0x10 /Users/ansel/Documents/DaisyExamples/libDaisy//build/libdaisy.a(usbd_cdc.o)
                0x000000000800b104                USBD_CDC_GetDeviceQualifierDescriptor
 .text.USBD_CDC_DataOut
                0x000000000800b114       0x30 /Users/ansel/Documents/DaisyExamples/libDaisy//build/libdaisy.a(usbd_cdc.o)
 .text.USBD_CDC_DataIn
                0x000000000800b144       0x4c /Users/ansel/Documents/DaisyExamples/libDaisy//build/libdaisy.a(usbd_cdc.o)
 .text.USBD_CDC_Setup
                0x000000000800b190       0xb0 /Users/ansel/Documents/DaisyExamples/libDaisy//build/libdaisy.a(usbd_cdc.o)
 .text.USBD_CDC_DeInit
                0x000000000800b240       0x44 /Users/ansel/Documents/DaisyExamples/libDaisy//build/libdaisy.a(usbd_cdc.o)
 .text.USBD_CDC_Init
                0x000000000800b284       0xa0 /Users/ansel/Documents/DaisyExamples/libDaisy//build/libdaisy.a(usbd_cdc.o)
 .text.USBD_CDC_RegisterInterface
                0x000000000800b324       0x10 /Users/ansel/Documents/DaisyExamples/libDaisy//build/libdaisy.a(usbd_cdc.o)
                0x000000000800b324                USBD_CDC_RegisterInterface
 .text.USBD_CDC_SetTxBuffer
                0x000000000800b334       0x14 /Users/ansel/Documents/DaisyExamples/libDaisy//build/libdaisy.a(usbd_cdc.o)
                0x000000000800b334                USBD_CDC_SetTxBuffer
 .text.USBD_CDC_SetRxBuffer
                0x000000000800b348       0x10 /Users/ansel/Documents/DaisyExamples/libDaisy//build/libdaisy.a(usbd_cdc.o)
                0x000000000800b348                USBD_CDC_SetRxBuffer
 .text.USBD_CDC_TransmitPacket
                0x000000000800b358       0x34 /Users/ansel/Documents/DaisyExamples/libDaisy//build/libdaisy.a(usbd_cdc.o)
                0x000000000800b358                USBD_CDC_TransmitPacket
 .text.USBD_CDC_ReceivePacket
                0x000000000800b38c       0x34 /Users/ansel/Documents/DaisyExamples/libDaisy//build/libdaisy.a(usbd_cdc.o)
                0x000000000800b38c                USBD_CDC_ReceivePacket
 .text.USBD_Init
                0x000000000800b3c0       0x44 /Users/ansel/Documents/DaisyExamples/libDaisy//build/libdaisy.a(usbd_core.o)
                0x000000000800b3c0                USBD_Init
 .text.USBD_RegisterClass
                0x000000000800b404       0x2c /Users/ansel/Documents/DaisyExamples/libDaisy//build/libdaisy.a(usbd_core.o)
                0x000000000800b404                USBD_RegisterClass
 .text.USBD_Start
                0x000000000800b430        0xc /Users/ansel/Documents/DaisyExamples/libDaisy//build/libdaisy.a(usbd_core.o)
                0x000000000800b430                USBD_Start
 .text.USBD_SetClassConfig
                0x000000000800b43c       0x1c /Users/ansel/Documents/DaisyExamples/libDaisy//build/libdaisy.a(usbd_core.o)
                0x000000000800b43c                USBD_SetClassConfig
 .text.USBD_ClrClassConfig
                0x000000000800b458       0x10 /Users/ansel/Documents/DaisyExamples/libDaisy//build/libdaisy.a(usbd_core.o)
                0x000000000800b458                USBD_ClrClassConfig
 .text.USBD_LL_SetupStage
                0x000000000800b468       0x5c /Users/ansel/Documents/DaisyExamples/libDaisy//build/libdaisy.a(usbd_core.o)
                0x000000000800b468                USBD_LL_SetupStage
 .text.USBD_LL_DataOutStage
                0x000000000800b4c4       0x74 /Users/ansel/Documents/DaisyExamples/libDaisy//build/libdaisy.a(usbd_core.o)
                0x000000000800b4c4                USBD_LL_DataOutStage
 .text.USBD_LL_DataInStage
                0x000000000800b538       0xc4 /Users/ansel/Documents/DaisyExamples/libDaisy//build/libdaisy.a(usbd_core.o)
                0x000000000800b538                USBD_LL_DataInStage
 .text.USBD_LL_Reset
                0x000000000800b5fc       0x50 /Users/ansel/Documents/DaisyExamples/libDaisy//build/libdaisy.a(usbd_core.o)
                0x000000000800b5fc                USBD_LL_Reset
 .text.USBD_LL_SetSpeed
                0x000000000800b64c        0x8 /Users/ansel/Documents/DaisyExamples/libDaisy//build/libdaisy.a(usbd_core.o)
                0x000000000800b64c                USBD_LL_SetSpeed
 .text.USBD_LL_Suspend
                0x000000000800b654       0x14 /Users/ansel/Documents/DaisyExamples/libDaisy//build/libdaisy.a(usbd_core.o)
                0x000000000800b654                USBD_LL_Suspend
 .text.USBD_LL_Resume
                0x000000000800b668       0x10 /Users/ansel/Documents/DaisyExamples/libDaisy//build/libdaisy.a(usbd_core.o)
                0x000000000800b668                USBD_LL_Resume
 .text.USBD_LL_SOF
                0x000000000800b678       0x1c /Users/ansel/Documents/DaisyExamples/libDaisy//build/libdaisy.a(usbd_core.o)
                0x000000000800b678                USBD_LL_SOF
 .text.USBD_LL_IsoINIncomplete
                0x000000000800b694        0x4 /Users/ansel/Documents/DaisyExamples/libDaisy//build/libdaisy.a(usbd_core.o)
                0x000000000800b694                USBD_LL_IsoINIncomplete
 .text.USBD_LL_IsoOUTIncomplete
                0x000000000800b698        0x4 /Users/ansel/Documents/DaisyExamples/libDaisy//build/libdaisy.a(usbd_core.o)
                0x000000000800b698                USBD_LL_IsoOUTIncomplete
 .text.USBD_LL_DevConnected
                0x000000000800b69c        0x4 /Users/ansel/Documents/DaisyExamples/libDaisy//build/libdaisy.a(usbd_core.o)
                0x000000000800b69c                USBD_LL_DevConnected
 .text.USBD_LL_DevDisconnected
                0x000000000800b6a0       0x18 /Users/ansel/Documents/DaisyExamples/libDaisy//build/libdaisy.a(usbd_core.o)
                0x000000000800b6a0                USBD_LL_DevDisconnected
 .text.USBD_StdDevReq
                0x000000000800b6b8      0x300 /Users/ansel/Documents/DaisyExamples/libDaisy//build/libdaisy.a(usbd_ctlreq.o)
                0x000000000800b6b8                USBD_StdDevReq
 .text.USBD_StdItfReq
                0x000000000800b9b8       0x68 /Users/ansel/Documents/DaisyExamples/libDaisy//build/libdaisy.a(usbd_ctlreq.o)
                0x000000000800b9b8                USBD_StdItfReq
 .text.USBD_StdEPReq
                0x000000000800ba20      0x138 /Users/ansel/Documents/DaisyExamples/libDaisy//build/libdaisy.a(usbd_ctlreq.o)
                0x000000000800ba20                USBD_StdEPReq
 .text.USBD_ParseSetupRequest
                0x000000000800bb58       0x18 /Users/ansel/Documents/DaisyExamples/libDaisy//build/libdaisy.a(usbd_ctlreq.o)
                0x000000000800bb58                USBD_ParseSetupRequest
 .text.USBD_CtlError
                0x000000000800bb70       0x18 /Users/ansel/Documents/DaisyExamples/libDaisy//build/libdaisy.a(usbd_ctlreq.o)
                0x000000000800bb70                USBD_CtlError
 .text.USBD_GetString
                0x000000000800bb88       0x50 /Users/ansel/Documents/DaisyExamples/libDaisy//build/libdaisy.a(usbd_ctlreq.o)
                0x000000000800bb88                USBD_GetString
 .text.USBD_CtlSendData
                0x000000000800bbd8       0x1c /Users/ansel/Documents/DaisyExamples/libDaisy//build/libdaisy.a(usbd_ioreq.o)
                0x000000000800bbd8                USBD_CtlSendData
 .text.USBD_CtlContinueSendData
                0x000000000800bbf4       0x14 /Users/ansel/Documents/DaisyExamples/libDaisy//build/libdaisy.a(usbd_ioreq.o)
                0x000000000800bbf4                USBD_CtlContinueSendData
 .text.USBD_CtlPrepareRx
                0x000000000800bc08       0x20 /Users/ansel/Documents/DaisyExamples/libDaisy//build/libdaisy.a(usbd_ioreq.o)
                0x000000000800bc08                USBD_CtlPrepareRx
 .text.USBD_CtlContinueRx
                0x000000000800bc28       0x14 /Users/ansel/Documents/DaisyExamples/libDaisy//build/libdaisy.a(usbd_ioreq.o)
                0x000000000800bc28                USBD_CtlContinueRx
 .text.USBD_CtlSendStatus
                0x000000000800bc3c       0x18 /Users/ansel/Documents/DaisyExamples/libDaisy//build/libdaisy.a(usbd_ioreq.o)
                0x000000000800bc3c                USBD_CtlSendStatus
 .text.USBD_CtlReceiveStatus
                0x000000000800bc54       0x18 /Users/ansel/Documents/DaisyExamples/libDaisy//build/libdaisy.a(usbd_ioreq.o)
                0x000000000800bc54                USBD_CtlReceiveStatus
 .text.USBH_LL_IncTimer
                0x000000000800bc6c       0x20 /Users/ansel/Documents/DaisyExamples/libDaisy//build/libdaisy.a(usbh_core.o)
                0x000000000800bc6c                USBH_LL_IncTimer
 .text.USBH_LL_PortEnabled
                0x000000000800bc8c        0x8 /Users/ansel/Documents/DaisyExamples/libDaisy//build/libdaisy.a(usbh_core.o)
                0x000000000800bc8c                USBH_LL_PortEnabled
 .text.USBH_LL_PortDisabled
                0x000000000800bc94        0x8 /Users/ansel/Documents/DaisyExamples/libDaisy//build/libdaisy.a(usbh_core.o)
                0x000000000800bc94                USBH_LL_PortDisabled
 .text.USBH_LL_Connect
                0x000000000800bc9c       0x18 /Users/ansel/Documents/DaisyExamples/libDaisy//build/libdaisy.a(usbh_core.o)
                0x000000000800bc9c                USBH_LL_Connect
 .text.USBH_LL_Disconnect
                0x000000000800bcb4       0x2c /Users/ansel/Documents/DaisyExamples/libDaisy//build/libdaisy.a(usbh_core.o)
                0x000000000800bcb4                USBH_LL_Disconnect
 .text.USBH_FreePipe
                0x000000000800bce0       0x18 /Users/ansel/Documents/DaisyExamples/libDaisy//build/libdaisy.a(usbh_pipes.o)
                0x000000000800bce0                USBH_FreePipe
 .text._ZN5daisy6Random4InitEv
                0x000000000800bcf8       0x3c /Users/ansel/Documents/DaisyExamples/libDaisy//build/libdaisy.a(rng.o)
                0x000000000800bcf8                daisy::Random::Init()
 .text._ZN5daisy9SpiHandle4Impl7InitDmaEv
                0x000000000800bd34       0xf4 /Users/ansel/Documents/DaisyExamples/libDaisy//build/libdaisy.a(spi.o)
                0x000000000800bd34                daisy::SpiHandle::Impl::InitDma()
 .text._ZN5daisy9SpiHandle4Impl10StartDmaTxEPhjPFvPvEPFvS3_NS0_6ResultEES3_
                0x000000000800be28       0xbc /Users/ansel/Documents/DaisyExamples/libDaisy//build/libdaisy.a(spi.o)
                0x000000000800be28                daisy::SpiHandle::Impl::StartDmaTx(unsigned char*, unsigned int, void (*)(void*), void (*)(void*, daisy::SpiHandle::Result), void*)
 .text._ZN5daisy9SpiHandle4Impl10StartDmaRxEPhjPFvPvEPFvS3_NS0_6ResultEES3_
                0x000000000800bee4       0xbc /Users/ansel/Documents/DaisyExamples/libDaisy//build/libdaisy.a(spi.o)
                0x000000000800bee4                daisy::SpiHandle::Impl::StartDmaRx(unsigned char*, unsigned int, void (*)(void*), void (*)(void*, daisy::SpiHandle::Result), void*)
 .text._ZN5daisy9SpiHandle4Impl12StartDmaRxTxEPhS2_jPFvPvEPFvS3_NS0_6ResultEES3_
                0x000000000800bfa0       0xbc /Users/ansel/Documents/DaisyExamples/libDaisy//build/libdaisy.a(spi.o)
                0x000000000800bfa0                daisy::SpiHandle::Impl::StartDmaRxTx(unsigned char*, unsigned char*, unsigned int, void (*)(void*), void (*)(void*, daisy::SpiHandle::Result), void*)
 .text._ZN5daisy9SpiHandle4Impl8InitPinsEv
                0x000000000800c05c      0x240 /Users/ansel/Documents/DaisyExamples/libDaisy//build/libdaisy.a(spi.o)
                0x000000000800c05c                daisy::SpiHandle::Impl::InitPins()
 .text.HAL_SPI_MspInit
                0x000000000800c29c      0x1a8 /Users/ansel/Documents/DaisyExamples/libDaisy//build/libdaisy.a(spi.o)
                0x000000000800c29c                HAL_SPI_MspInit
 .text.dsy_spi_global_init
                0x000000000800c444       0x80 /Users/ansel/Documents/DaisyExamples/libDaisy//build/libdaisy.a(spi.o)
                0x000000000800c444                dsy_spi_global_init
 .text.SPI1_IRQHandler
                0x000000000800c4c4        0xc /Users/ansel/Documents/DaisyExamples/libDaisy//build/libdaisy.a(spi.o)
                0x000000000800c4c4                SPI1_IRQHandler
 .text.SPI2_IRQHandler
                0x000000000800c4d0        0xc /Users/ansel/Documents/DaisyExamples/libDaisy//build/libdaisy.a(spi.o)
                0x000000000800c4d0                SPI2_IRQHandler
 .text.SPI3_IRQHandler
                0x000000000800c4dc        0xc /Users/ansel/Documents/DaisyExamples/libDaisy//build/libdaisy.a(spi.o)
                0x000000000800c4dc                SPI3_IRQHandler
 .text.SPI4_IRQHandler
                0x000000000800c4e8        0xc /Users/ansel/Documents/DaisyExamples/libDaisy//build/libdaisy.a(spi.o)
                0x000000000800c4e8                SPI4_IRQHandler
 .text.SPI5_IRQHandler
                0x000000000800c4f4        0xc /Users/ansel/Documents/DaisyExamples/libDaisy//build/libdaisy.a(spi.o)
                0x000000000800c4f4                SPI5_IRQHandler
 .text.DMA2_Stream2_IRQHandler
                0x000000000800c500       0x34 /Users/ansel/Documents/DaisyExamples/libDaisy//build/libdaisy.a(spi.o)
                0x000000000800c500                DMA2_Stream2_IRQHandler
 .text.DMA2_Stream3_IRQHandler
                0x000000000800c534       0x34 /Users/ansel/Documents/DaisyExamples/libDaisy//build/libdaisy.a(spi.o)
                0x000000000800c534                DMA2_Stream3_IRQHandler
 .text.HAL_SPI_TxCpltCallback
                0x000000000800c568       0xc4 /Users/ansel/Documents/DaisyExamples/libDaisy//build/libdaisy.a(spi.o)
                0x000000000800c568                HAL_SPI_TxCpltCallback
 .text.HAL_SPI_RxCpltCallback
                0x000000000800c62c       0xc4 /Users/ansel/Documents/DaisyExamples/libDaisy//build/libdaisy.a(spi.o)
                0x000000000800c62c                HAL_SPI_RxCpltCallback
 .text.HAL_SPI_TxRxCpltCallback
                0x000000000800c6f0       0xc4 /Users/ansel/Documents/DaisyExamples/libDaisy//build/libdaisy.a(spi.o)
                0x000000000800c6f0                HAL_SPI_TxRxCpltCallback
 .text.HAL_SPI_ErrorCallback
                0x000000000800c7b4       0xc8 /Users/ansel/Documents/DaisyExamples/libDaisy//build/libdaisy.a(spi.o)
                0x000000000800c7b4                HAL_SPI_ErrorCallback
 *fill*         0x000000000800c87c        0x4 
 .text.startup._GLOBAL__sub_I__Z19MapInstanceToHandleP11SPI_TypeDef
                0x000000000800c880      0x1bc /Users/ansel/Documents/DaisyExamples/libDaisy//build/libdaisy.a(spi.o)
 .text.HAL_TIM_Base_MspInit
                0x000000000800ca3c      0x19c /Users/ansel/Documents/DaisyExamples/libDaisy//build/libdaisy.a(tim.o)
                0x000000000800ca3c                HAL_TIM_Base_MspInit
 .text.HAL_TIM_PeriodElapsedCallback
                0x000000000800cbd8       0x44 /Users/ansel/Documents/DaisyExamples/libDaisy//build/libdaisy.a(tim.o)
                0x000000000800cbd8                HAL_TIM_PeriodElapsedCallback
 .text.TIM2_IRQHandler
                0x000000000800cc1c        0xc /Users/ansel/Documents/DaisyExamples/libDaisy//build/libdaisy.a(tim.o)
                0x000000000800cc1c                TIM2_IRQHandler
 .text.TIM3_IRQHandler
                0x000000000800cc28        0xc /Users/ansel/Documents/DaisyExamples/libDaisy//build/libdaisy.a(tim.o)
                0x000000000800cc28                TIM3_IRQHandler
 .text.TIM4_IRQHandler
                0x000000000800cc34        0xc /Users/ansel/Documents/DaisyExamples/libDaisy//build/libdaisy.a(tim.o)
                0x000000000800cc34                TIM4_IRQHandler
 .text.TIM5_IRQHandler
                0x000000000800cc40        0xc /Users/ansel/Documents/DaisyExamples/libDaisy//build/libdaisy.a(tim.o)
                0x000000000800cc40                TIM5_IRQHandler
 .text._ZN5daisy11TimerHandle4InitERKNS0_6ConfigE
                0x000000000800cc4c       0xd0 /Users/ansel/Documents/DaisyExamples/libDaisy//build/libdaisy.a(tim.o)
                0x000000000800cc4c                daisy::TimerHandle::Init(daisy::TimerHandle::Config const&)
 .text._ZN5daisy11TimerHandle5StartEv
                0x000000000800cd1c       0x24 /Users/ansel/Documents/DaisyExamples/libDaisy//build/libdaisy.a(tim.o)
                0x000000000800cd1c                daisy::TimerHandle::Start()
 .text.startup._GLOBAL__sub_I__ZN5daisy11TimerHandle4Impl4InitERKNS0_6ConfigE
                0x000000000800cd40       0x44 /Users/ansel/Documents/DaisyExamples/libDaisy//build/libdaisy.a(tim.o)
 .text._ZN5daisy11UartHandler4Impl7InitDmaEbb
                0x000000000800cd84      0x168 /Users/ansel/Documents/DaisyExamples/libDaisy//build/libdaisy.a(uart.o)
                0x000000000800cd84                daisy::UartHandler::Impl::InitDma(bool, bool)
 .text._ZN5daisy11UartHandler4Impl10HandleFifoEv
                0x000000000800ceec      0x118 /Users/ansel/Documents/DaisyExamples/libDaisy//build/libdaisy.a(uart.o)
                0x000000000800ceec                daisy::UartHandler::Impl::HandleFifo()
 .text._ZN5daisy11UartHandler4Impl10StartDmaTxEPhjPFvPvEPFvS3_NS0_6ResultEES3_
                0x000000000800d004       0xbc /Users/ansel/Documents/DaisyExamples/libDaisy//build/libdaisy.a(uart.o)
                0x000000000800d004                daisy::UartHandler::Impl::StartDmaTx(unsigned char*, unsigned int, void (*)(void*), void (*)(void*, daisy::UartHandler::Result), void*)
 .text._ZN5daisy11UartHandler4Impl10StartDmaRxEPhjPFvPvEPFvS3_NS0_6ResultEES3_
                0x000000000800d0c0       0xbc /Users/ansel/Documents/DaisyExamples/libDaisy//build/libdaisy.a(uart.o)
                0x000000000800d0c0                daisy::UartHandler::Impl::StartDmaRx(unsigned char*, unsigned int, void (*)(void*), void (*)(void*, daisy::UartHandler::Result), void*)
 .text._ZN5daisy11UartHandler4Impl19DmaTransferFinishedEP20__UART_HandleTypeDefNS0_6ResultE
                0x000000000800d17c       0xc0 /Users/ansel/Documents/DaisyExamples/libDaisy//build/libdaisy.a(uart.o)